Archive member included to satisfy reference by file (symbol)

app/libapp.a(main.c.obj)      (--whole-archive)
app/libapp.a(my_lbs.c.obj)    (--whole-archive)
zephyr/libzephyr.a(cbprintf_packaged.c.obj)
                              (--whole-archive)
zephyr/libzephyr.a(dec.c.obj)
                              (--whole-archive)
zephyr/libzephyr.a(fdtable.c.obj)
                              (--whole-archive)
zephyr/libzephyr.a(hex.c.obj)
                              (--whole-archive)
zephyr/libzephyr.a(printk.c.obj)
                              (--whole-archive)
zephyr/libzephyr.a(rb.c.obj)  (--whole-archive)
zephyr/libzephyr.a(sem.c.obj)
                              (--whole-archive)
zephyr/libzephyr.a(thread_entry.c.obj)
                              (--whole-archive)
zephyr/libzephyr.a(timeutil.c.obj)
                              (--whole-archive)
zephyr/libzephyr.a(heap.c.obj)
                              (--whole-archive)
zephyr/libzephyr.a(heap-validate.c.obj)
                              (--whole-archive)
zephyr/libzephyr.a(bitarray.c.obj)
                              (--whole-archive)
zephyr/libzephyr.a(multi_heap.c.obj)
                              (--whole-archive)
zephyr/libzephyr.a(onoff.c.obj)
                              (--whole-archive)
zephyr/libzephyr.a(notify.c.obj)
                              (--whole-archive)
zephyr/libzephyr.a(cbprintf_complete.c.obj)
                              (--whole-archive)
zephyr/libzephyr.a(assert.c.obj)
                              (--whole-archive)
zephyr/libzephyr.a(reboot.c.obj)
                              (--whole-archive)
zephyr/libzephyr.a(configs.c.obj)
                              (--whole-archive)
zephyr/libzephyr.a(soc.c.obj)
                              (--whole-archive)
zephyr/libzephyr.a(soc_nrf_common.S.obj)
                              (--whole-archive)
zephyr/libzephyr.a(validate_base_addresses.c.obj)
                              (--whole-archive)
zephyr/libzephyr.a(validate_enabled_instances.c.obj)
                              (--whole-archive)
zephyr/libzephyr.a(ipc_service.c.obj)
                              (--whole-archive)
zephyr/libzephyr.a(ipc_rpmsg_static_vrings.c.obj)
                              (--whole-archive)
zephyr/libzephyr.a(ipc_rpmsg.c.obj)
                              (--whole-archive)
zephyr/libzephyr.a(ipc_static_vrings.c.obj)
                              (--whole-archive)
zephyr/libzephyr.a(device.c.obj)
                              (--whole-archive)
zephyr/libzephyr.a(tracing_none.c.obj)
                              (--whole-archive)
zephyr/libzephyr.a(addr_utils.c.obj)
                              (--whole-archive)
zephyr/libzephyr.a(flash_map_partition_manager.c.obj)
                              (--whole-archive)
zephyr/libzephyr.a(utils.c.obj)
                              (--whole-archive)
zephyr/libzephyr.a(aes_decrypt.c.obj)
                              (--whole-archive)
zephyr/libzephyr.a(aes_encrypt.c.obj)
                              (--whole-archive)
zephyr/libzephyr.a(cmac_mode.c.obj)
                              (--whole-archive)
zephyr/libzephyr.a(sha256.c.obj)
                              (--whole-archive)
zephyr/libzephyr.a(hmac.c.obj)
                              (--whole-archive)
zephyr/libzephyr.a(hmac_prng.c.obj)
                              (--whole-archive)
zephyr/libzephyr.a(nrf_cc3xx_platform_abort_zephyr.c.obj)
                              (--whole-archive)
zephyr/libzephyr.a(nrf_cc3xx_platform_mutex_zephyr.c.obj)
                              (--whole-archive)
zephyr/arch/common/libarch__common.a(sw_isr_common.c.obj)
                              (--whole-archive)
zephyr/arch/arch/arm/core/aarch32/libarch__arm__core__aarch32.a(cpu_idle.S.obj)
                              (--whole-archive)
zephyr/arch/arch/arm/core/aarch32/libarch__arm__core__aarch32.a(fatal.c.obj)
                              (--whole-archive)
zephyr/arch/arch/arm/core/aarch32/libarch__arm__core__aarch32.a(irq_manage.c.obj)
                              (--whole-archive)
zephyr/arch/arch/arm/core/aarch32/libarch__arm__core__aarch32.a(nmi.c.obj)
                              (--whole-archive)
zephyr/arch/arch/arm/core/aarch32/libarch__arm__core__aarch32.a(nmi_on_reset.S.obj)
                              (--whole-archive)
zephyr/arch/arch/arm/core/aarch32/libarch__arm__core__aarch32.a(prep_c.c.obj)
                              (--whole-archive)
zephyr/arch/arch/arm/core/aarch32/libarch__arm__core__aarch32.a(swap.c.obj)
                              (--whole-archive)
zephyr/arch/arch/arm/core/aarch32/libarch__arm__core__aarch32.a(swap_helper.S.obj)
                              (--whole-archive)
zephyr/arch/arch/arm/core/aarch32/libarch__arm__core__aarch32.a(thread.c.obj)
                              (--whole-archive)
zephyr/arch/arch/arm/core/aarch32/libarch__arm__core__aarch32.a(isr_wrapper.S.obj)
                              (--whole-archive)
[...]
Memory Configuration

Name             Origin             Length             Attributes
FLASH            0x0000000000000000 0x0000000000100000 xr
RAM              0x0000000020000000 0x0000000000070000 xw
IDT_LIST         0x00000000fffff7ff 0x0000000000000800 xw
*default*        0x0000000000000000 0xffffffffffffffff

Linker script and memory map

                0x000000000000bdd4                vfprintf = __d_vfprintf
                0x0000000000000000                vfscanf = __d_vfscanf
LOAD zephyr/CMakeFiles/zephyr_pre0.dir/misc/empty_file.c.obj
LOAD app/libapp.a
LOAD zephyr/libzephyr.a
LOAD zephyr/arch/common/libarch__common.a
LOAD zephyr/arch/arch/arm/core/aarch32/libarch__arm__core__aarch32.a
LOAD zephyr/arch/arch/arm/core/aarch32/cortex_m/libarch__arm__core__aarch32__cortex_m.a
LOAD zephyr/arch/arch/arm/core/aarch32/cortex_m/cmse/libarch__arm__core__aarch32__cortex_m__cmse.a
LOAD zephyr/arch/arch/arm/core/aarch32/mpu/libarch__arm__core__aarch32__mpu.a
LOAD zephyr/lib/libc/picolibc/liblib__libc__picolibc.a
LOAD zephyr/lib/libc/common/liblib__libc__common.a
LOAD zephyr/soc/soc/arm/common/cortex_m/libsoc__arm__common__cortex_m.a
LOAD zephyr/boards/boards/arm/ubx_evknorab10_nrf5340_cpuapp/libboards__arm__ubx_evknorab10_nrf5340.a
LOAD zephyr/subsys/bluetooth/common/libsubsys__bluetooth__common.a
LOAD zephyr/subsys/bluetooth/host/libsubsys__bluetooth__host.a
LOAD zephyr/subsys/net/libsubsys__net.a
LOAD zephyr/drivers/adc/libdrivers__adc.a
LOAD zephyr/drivers/bluetooth/libdrivers__bluetooth.a
LOAD zephyr/drivers/clock_control/libdrivers__clock_control.a
LOAD zephyr/drivers/gpio/libdrivers__gpio.a
LOAD zephyr/drivers/i2c/libdrivers__i2c.a
LOAD zephyr/drivers/mbox/libdrivers__mbox.a
LOAD zephyr/drivers/pinctrl/libdrivers__pinctrl.a
LOAD zephyr/drivers/ptp_clock/libdrivers__ptp_clock.a
LOAD zephyr/drivers/timer/libdrivers__timer.a
LOAD modules/nrf/lib/dk_buttons_and_leds/lib..__nrf__lib__dk_buttons_and_leds.a
LOAD modules/nrf/lib/fatal_error/lib..__nrf__lib__fatal_error.a
LOAD modules/nrf/drivers/hw_cc310/lib..__nrf__drivers__hw_cc310.a
LOAD modules/hal_nordic/nrfx/libmodules__hal_nordic__nrfx.a
LOAD modules/libmetal/libmetal/lib/libmetal.a
LOAD modules/open-amp/open-amp/lib/libopen_amp.a
LOAD zephyr/kernel/libkernel.a
LOAD zephyr/CMakeFiles/offsets.dir/./arch/arm/core/offsets/offsets.c.obj
LOAD c:/ncs/toolchains/c57af46cb7/opt/zephyr-sdk/arm-zephyr-eabi/bin/../lib/gcc/arm-zephyr-eabi/12.2.0/thumb/v8-m.main/nofp\libgcc.a
LOAD zephyr/arch/common/libisr_tables.a
LOAD C:/ncs/v2.5.2/nrfxlib/crypto/nrf_cc312_platform/lib/cortex-m33/soft-float/no-interrupts/libnrf_cc312_platform_0.9.18.a
LOAD c:\ncs\toolchains\c57af46cb7\opt\zephyr-sdk\arm-zephyr-eabi\bin\../lib/gcc/../../picolibc/arm-zephyr-eabi/lib/thumb/v8-m.main/nofp\libc.a
LOAD c:/ncs/toolchains/c57af46cb7/opt/zephyr-sdk/arm-zephyr-eabi/bin/../lib/gcc/arm-zephyr-eabi/12.2.0/thumb/v8-m.main/nofp\libgcc.a
                0x0000000000000020                _region_min_align = 0x20

.rel.plt        0x0000000000000000        0x0
 *(SORT_BY_ALIGNMENT(.rel.plt))
                [!provide]                        PROVIDE (__rel_iplt_start = .)
 *(SORT_BY_ALIGNMENT(.rel.iplt))
 .rel.iplt      0x0000000000000000        0x0 app/libapp.a(main.c.obj)
                [!provide]                        PROVIDE (__rel_iplt_end = .)

.rela.plt       0x0000000000000000        0x0
 *(SORT_BY_ALIGNMENT(.rela.plt))
                [!provide]                        PROVIDE (__rela_iplt_start = .)
 *(SORT_BY_ALIGNMENT(.rela.iplt))
                [!provide]                        PROVIDE (__rela_iplt_end = .)

.rel.dyn
 *(SORT_BY_ALIGNMENT(.rel.*))

.rela.dyn
 *(SORT_BY_ALIGNMENT(.rela.*))

/DISCARD/
 *(SORT_BY_ALIGNMENT(.plt))

/DISCARD/
 *(SORT_BY_ALIGNMENT(.iplt))
                0x0000000000000000                __rom_region_start = 0x0

rom_start       0x0000000000000000      0x154
                0x0000000000000000                __rom_start_address = .
                0x0000000000000000                . = (. + (0x0 - (. - __rom_start_address)))
                0x0000000000000000                . = ALIGN (0x4)
                0x0000000000000000                . = ALIGN (0x80)
                0x0000000000000000                . = ALIGN (0x200)
                0x0000000000000000                _vector_start = .
 *(SORT_BY_ALIGNMENT(.exc_vector_table))
 *(SORT_BY_ALIGNMENT(.exc_vector_table.*))
 .exc_vector_table._vector_table_section
                0x0000000000000000       0x40 zephyr/arch/arch/arm/core/aarch32/cortex_m/libarch__arm__core__aarch32__cortex_m.a(vector_table.S.obj)
                0x0000000000000000                _vector_table
 *(SORT_BY_ALIGNMENT(.vectors))
                0x0000000000000154                _vector_end = .
                0x0000000000000040                . = ALIGN (0x4)
 *(SORT_BY_ALIGNMENT(.gnu.linkonce.irq_vector_table*))
 .gnu.linkonce.irq_vector_table
                0x0000000000000040      0x114 zephyr/arch/common/libisr_tables.a(isr_tables.c.obj)
                0x0000000000000040                _irq_vector_table
                0x0000000000000154                _vector_end = .

text            0x0000000000000158    0x12c78
                0x0000000000000158                __text_region_start = .
 *(SORT_BY_ALIGNMENT(.text))
 .text          0x0000000000000158      0x168 c:/ncs/toolchains/c57af46cb7/opt/zephyr-sdk/arm-zephyr-eabi/bin/../lib/gcc/arm-zephyr-eabi/12.2.0/thumb/v8-m.main/nofp\libgcc.a(_arm_mulsf3.o)
                0x0000000000000158                __aeabi_fmul
                0x0000000000000158                __mulsf3
 .text          0x00000000000002c0      0x378 c:/ncs/toolchains/c57af46cb7/opt/zephyr-sdk/arm-zephyr-eabi/bin/../lib/gcc/arm-zephyr-eabi/12.2.0/thumb/v8-m.main/nofp\libgcc.a(_arm_addsubdf3.o)
                0x00000000000002c0                __aeabi_drsub
                0x00000000000002c8                __aeabi_dsub
                0x00000000000002c8                __subdf3
                0x00000000000002cc                __aeabi_dadd
                0x00000000000002cc                __adddf3
                0x0000000000000544                __floatunsidf
                0x0000000000000544                __aeabi_ui2d
                0x0000000000000564                __floatsidf
                0x0000000000000564                __aeabi_i2d
                0x0000000000000588                __aeabi_f2d
                0x0000000000000588                __extendsfdf2
                0x00000000000005cc                __floatundidf
                0x00000000000005cc                __aeabi_ul2d
                0x00000000000005dc                __floatdidf
                0x00000000000005dc                __aeabi_l2d
 .text          0x0000000000000638      0x424 c:/ncs/toolchains/c57af46cb7/opt/zephyr-sdk/arm-zephyr-eabi/bin/../lib/gcc/arm-zephyr-eabi/12.2.0/thumb/v8-m.main/nofp\libgcc.a(_arm_muldivdf3.o)
                0x0000000000000638                __aeabi_dmul
                0x0000000000000638                __muldf3
                0x000000000000088c                __divdf3
                0x000000000000088c                __aeabi_ddiv
 .text          0x0000000000000a5c       0xa0 c:/ncs/toolchains/c57af46cb7/opt/zephyr-sdk/arm-zephyr-eabi/bin/../lib/gcc/arm-zephyr-eabi/12.2.0/thumb/v8-m.main/nofp\libgcc.a(_arm_truncdfsf2.o)
                0x0000000000000a5c                __truncdfsf2
                0x0000000000000a5c                __aeabi_d2f
 .text          0x0000000000000afc      0x21c c:/ncs/toolchains/c57af46cb7/opt/zephyr-sdk/arm-zephyr-eabi/bin/../lib/gcc/arm-zephyr-eabi/12.2.0/thumb/v8-m.main/nofp\libgcc.a(_arm_addsubsf3.o)
                0x0000000000000afc                __aeabi_frsub
                0x0000000000000b04                __subsf3
                0x0000000000000b04                __aeabi_fsub
                0x0000000000000b08                __aeabi_fadd
                0x0000000000000b08                __addsf3
                0x0000000000000c68                __aeabi_ui2f
                0x0000000000000c68                __floatunsisf
                0x0000000000000c70                __aeabi_i2f
                0x0000000000000c70                __floatsisf
                0x0000000000000c8c                __aeabi_ul2f
                0x0000000000000c8c                __floatundisf
                0x0000000000000c9c                __aeabi_l2f
                0x0000000000000c9c                __floatdisf
 .text          0x0000000000000d18       0x30 c:/ncs/toolchains/c57af46cb7/opt/zephyr-sdk/arm-zephyr-eabi/bin/../lib/gcc/arm-zephyr-eabi/12.2.0/thumb/v8-m.main/nofp\libgcc.a(_aeabi_uldivmod.o)
                0x0000000000000d18                __aeabi_uldivmod
 .text          0x0000000000000d48        0x4 c:/ncs/toolchains/c57af46cb7/opt/zephyr-sdk/arm-zephyr-eabi/bin/../lib/gcc/arm-zephyr-eabi/12.2.0/thumb/v8-m.main/nofp\libgcc.a(_dvmd_tls.o)
                0x0000000000000d48                __aeabi_idiv0
                0x0000000000000d48                __aeabi_ldiv0
 .text          0x0000000000000d4c      0x29c c:/ncs/toolchains/c57af46cb7/opt/zephyr-sdk/arm-zephyr-eabi/bin/../lib/gcc/arm-zephyr-eabi/12.2.0/thumb/v8-m.main/nofp\libgcc.a(_udivmoddi4.o)
                0x0000000000000d4c                __udivmoddi4
 .text          0x0000000000000fe8       0x14 c:\ncs\toolchains\c57af46cb7\opt\zephyr-sdk\arm-zephyr-eabi\bin\../lib/gcc/../../picolibc/arm-zephyr-eabi/lib/thumb/v8-m.main/nofp\libc.a(strcmp.S.o)
                0x0000000000000fe8                strcmp
 .text          0x0000000000000ffc       0x10 c:\ncs\toolchains\c57af46cb7\opt\zephyr-sdk\arm-zephyr-eabi\bin\../lib/gcc/../../picolibc/arm-zephyr-eabi/lib/thumb/v8-m.main/nofp\libc.a(strcpy.S.o)
                0x0000000000000ffc                strcpy
 .text          0x000000000000100c       0x10 c:\ncs\toolchains\c57af46cb7\opt\zephyr-sdk\arm-zephyr-eabi\bin\../lib/gcc/../../picolibc/arm-zephyr-eabi/lib/thumb/v8-m.main/nofp\libc.a(strlen.S.o)
                0x000000000000100c                strlen
 *(SORT_BY_ALIGNMENT(.text.*))
 *fill*         0x000000000000101c        0x4 
 .text.send_data_thread
                0x0000000000001020      0x160 app/libapp.a(main.c.obj)
                0x0000000000001020                send_data_thread
 .text.on_le_data_len_updated
                0x0000000000001180       0x1c app/libapp.a(main.c.obj)
                0x0000000000001180                on_le_data_len_updated
 .text.on_connected
                0x000000000000119c       0x80 app/libapp.a(main.c.obj)
 .text.exchange_func
                0x000000000000121c       0x38 app/libapp.a(main.c.obj)
 .text.i2c_write_dt.constprop.0
                0x0000000000001254       0x24 app/libapp.a(main.c.obj)
 .text.init_timeStamp
                0x0000000000001278       0x20 app/libapp.a(main.c.obj)
                0x0000000000001278                init_timeStamp
 .text.get_mTimeStamp
                0x0000000000001298       0x18 app/libapp.a(main.c.obj)
                0x0000000000001298                get_mTimeStamp
 .text.on_disconnected
                0x00000000000012b0       0x34 app/libapp.a(main.c.obj)
 .text.requestFrom
                0x00000000000012e4       0x44 app/libapp.a(main.c.obj)
                0x00000000000012e4                requestFrom
 .text.read     0x0000000000001328       0x28 app/libapp.a(main.c.obj)
                0x0000000000001328                read
 .text.available
                0x0000000000001350       0x18 app/libapp.a(main.c.obj)
                0x0000000000001350                available
 .text.readRegister8
                0x0000000000001368       0x5c app/libapp.a(main.c.obj)
                0x0000000000001368                readRegister8
 .text.readRevisionID
                0x00000000000013c4       0x14 app/libapp.a(main.c.obj)
                0x00000000000013c4                readRevisionID
 .text.max30102_Setup
                0x00000000000013d8      0x164 app/libapp.a(main.c.obj)
                0x00000000000013d8                max30102_Setup
 .text.check    0x000000000000153c      0x108 app/libapp.a(main.c.obj)
                0x000000000000153c                check
 .text.max30102_GetRed
                0x0000000000001644       0x1c app/libapp.a(main.c.obj)
                0x0000000000001644                max30102_GetRed
 .text.max30102_GetIR
                0x0000000000001660       0x1c app/libapp.a(main.c.obj)
                0x0000000000001660                max30102_GetIR
 .text.bq25180_read
                0x000000000000167c       0x88 app/libapp.a(main.c.obj)
                0x000000000000167c                bq25180_read
 .text.bq25180_write
                0x0000000000001704       0x90 app/libapp.a(main.c.obj)
                0x0000000000001704                bq25180_write
 .text.begining_thread
                0x0000000000001794       0xd0 app/libapp.a(main.c.obj)
                0x0000000000001794                begining_thread
 .text.tcc_init
                0x0000000000001864       0x10 app/libapp.a(my_lbs.c.obj)
                0x0000000000001864                tcc_init
 .text.sensors_notify
                0x0000000000001874       0x34 app/libapp.a(my_lbs.c.obj)
                0x0000000000001874                sensors_notify
 .text.char_out
                0x00000000000018a8        0xc zephyr/libzephyr.a(printk.c.obj)
 .text.vprintk  0x00000000000018b4       0x30 zephyr/libzephyr.a(printk.c.obj)
                0x00000000000018b4                vprintk
 .text.z_thread_entry
                0x00000000000018e4       0x34 zephyr/libzephyr.a(thread_entry.c.obj)
                0x00000000000018e4                z_thread_entry
 .text.process_event
                0x0000000000001918      0x21c zephyr/libzephyr.a(onoff.c.obj)
 .text.sys_reboot
                0x0000000000001b34       0x30 zephyr/libzephyr.a(reboot.c.obj)
                0x0000000000001b34                sys_reboot
 .text.nrf_gpio_pin_control_select
                0x0000000000001b64       0x3c zephyr/libzephyr.a(soc.c.obj)
 .text.nordicsemi_nrf53_init
                0x0000000000001ba0       0x5c zephyr/libzephyr.a(soc.c.obj)
 .text.rtc_pretick_init
                0x0000000000001bfc       0x60 zephyr/libzephyr.a(soc.c.obj)
 .text.z_arm_on_enter_cpu_idle
                0x0000000000001c5c       0x64 zephyr/libzephyr.a(soc.c.obj)
                0x0000000000001c5c                z_arm_on_enter_cpu_idle
 .text.arch_busy_wait
                0x0000000000001cc0       0x24 zephyr/libzephyr.a(soc.c.obj)
                0x0000000000001cc0                arch_busy_wait
 .text.z_arm_platform_init
                0x0000000000001ce4        0x4 zephyr/libzephyr.a(soc_nrf_common.S.obj)
                0x0000000000001ce4                z_arm_platform_init
 .text.shared_memory_prepare
                0x0000000000001ce8        0xc zephyr/libzephyr.a(ipc_rpmsg_static_vrings.c.obj)
 .text.advertise_ept
                0x0000000000001cf4       0x44 zephyr/libzephyr.a(ipc_rpmsg_static_vrings.c.obj)
 .text.get_ept  0x0000000000001d38       0x28 zephyr/libzephyr.a(ipc_rpmsg_static_vrings.c.obj)
 .text.open     0x0000000000001d60      0x1b0 zephyr/libzephyr.a(ipc_rpmsg_static_vrings.c.obj)
 .text.bound_cb
                0x0000000000001f10       0x30 zephyr/libzephyr.a(ipc_rpmsg_static_vrings.c.obj)
 .text.send     0x0000000000001f40       0x4c zephyr/libzephyr.a(ipc_rpmsg_static_vrings.c.obj)
 .text.register_ept
                0x0000000000001f8c       0xe0 zephyr/libzephyr.a(ipc_rpmsg_static_vrings.c.obj)
 .text.ns_bind_cb
                0x000000000000206c       0x6c zephyr/libzephyr.a(ipc_rpmsg.c.obj)
 .text.ipc_rpmsg_register_ept
                0x00000000000020d8       0x3c zephyr/libzephyr.a(ipc_rpmsg.c.obj)
                0x00000000000020d8                ipc_rpmsg_register_ept
 .text.ipc_rpmsg_init
                0x0000000000002114       0x70 zephyr/libzephyr.a(ipc_rpmsg.c.obj)
                0x0000000000002114                ipc_rpmsg_init
 .text.ipc_static_vrings_init
                0x0000000000002184      0x104 zephyr/libzephyr.a(ipc_static_vrings.c.obj)
                0x0000000000002184                ipc_static_vrings_init
 .text.pm_device_action_run
                0x0000000000002288       0x90 zephyr/libzephyr.a(device.c.obj)
                0x0000000000002288                pm_device_action_run
 .text.sub_bytes
                0x0000000000002318       0x18 zephyr/libzephyr.a(aes_encrypt.c.obj)
 .text.tc_aes128_set_encrypt_key
                0x0000000000002330       0xa8 zephyr/libzephyr.a(aes_encrypt.c.obj)
                0x0000000000002330                tc_aes128_set_encrypt_key
 .text.compress
                0x00000000000023d8      0x1d4 zephyr/libzephyr.a(sha256.c.obj)
 .text.tc_sha256_init
                0x00000000000025ac       0x58 zephyr/libzephyr.a(sha256.c.obj)
                0x00000000000025ac                tc_sha256_init
 .text.nrf_cc3xx_platform_abort_init
                0x0000000000002604        0xc zephyr/libzephyr.a(nrf_cc3xx_platform_abort_zephyr.c.obj)
                0x0000000000002604                nrf_cc3xx_platform_abort_init
 .text.mutex_free_platform
                0x0000000000002610       0x54 zephyr/libzephyr.a(nrf_cc3xx_platform_mutex_zephyr.c.obj)
 .text.mutex_lock_platform
                0x0000000000002664       0x74 zephyr/libzephyr.a(nrf_cc3xx_platform_mutex_zephyr.c.obj)
 .text.mutex_unlock_platform
                0x00000000000026d8       0x68 zephyr/libzephyr.a(nrf_cc3xx_platform_mutex_zephyr.c.obj)
 .text.mutex_init_platform
                0x0000000000002740       0x94 zephyr/libzephyr.a(nrf_cc3xx_platform_mutex_zephyr.c.obj)
 .text.nrf_cc3xx_platform_mutex_init
                0x00000000000027d4       0x2c zephyr/libzephyr.a(nrf_cc3xx_platform_mutex_zephyr.c.obj)
                0x00000000000027d4                nrf_cc3xx_platform_mutex_init
 .text.z_arm_cpu_idle_init
                0x0000000000002800        0xc zephyr/arch/arch/arm/core/aarch32/libarch__arm__core__aarch32.a(cpu_idle.S.obj)
                0x0000000000002800                z_arm_cpu_idle_init
 .text.arch_cpu_idle
                0x000000000000280c       0x38 zephyr/arch/arch/arm/core/aarch32/libarch__arm__core__aarch32.a(cpu_idle.S.obj)
                0x000000000000280c                arch_cpu_idle
 .text.arch_cpu_atomic_idle
                0x0000000000002844       0x34 zephyr/arch/arch/arm/core/aarch32/libarch__arm__core__aarch32.a(cpu_idle.S.obj)
                0x0000000000002844                arch_cpu_atomic_idle
 .text.arch_irq_enable
                0x0000000000002878       0x1c zephyr/arch/arch/arm/core/aarch32/libarch__arm__core__aarch32.a(irq_manage.c.obj)
                0x0000000000002878                arch_irq_enable
 .text.arch_irq_disable
                0x0000000000002894       0x28 zephyr/arch/arch/arm/core/aarch32/libarch__arm__core__aarch32.a(irq_manage.c.obj)
                0x0000000000002894                arch_irq_disable
 .text.arch_irq_is_enabled
                0x00000000000028bc       0x1c zephyr/arch/arch/arm/core/aarch32/libarch__arm__core__aarch32.a(irq_manage.c.obj)
                0x00000000000028bc                arch_irq_is_enabled
 .text.z_arm_irq_priority_set
                0x00000000000028d8       0x2c zephyr/arch/arch/arm/core/aarch32/libarch__arm__core__aarch32.a(irq_manage.c.obj)
                0x00000000000028d8                z_arm_irq_priority_set
 .text.z_SysNmiOnReset
                0x0000000000002904        0x8 zephyr/arch/arch/arm/core/aarch32/libarch__arm__core__aarch32.a(nmi_on_reset.S.obj)
                0x0000000000002904                z_SysNmiOnReset
 .text.z_arm_prep_c
                0x000000000000290c       0x38 zephyr/arch/arch/arm/core/aarch32/libarch__arm__core__aarch32.a(prep_c.c.obj)
                0x000000000000290c                z_arm_prep_c
 .text.arch_swap
                0x0000000000002944       0x34 zephyr/arch/arch/arm/core/aarch32/libarch__arm__core__aarch32.a(swap.c.obj)
                0x0000000000002944                arch_swap
 .text.z_arm_pendsv
                0x0000000000002978       0x68 zephyr/arch/arch/arm/core/aarch32/libarch__arm__core__aarch32.a(swap_helper.S.obj)
                0x0000000000002978                z_arm_pendsv
 .text.z_arm_svc
                0x00000000000029e0       0x20 zephyr/arch/arch/arm/core/aarch32/libarch__arm__core__aarch32.a(swap_helper.S.obj)
                0x00000000000029e0                z_arm_svc
 .text.arch_new_thread
                0x0000000000002a00       0x38 zephyr/arch/arch/arm/core/aarch32/libarch__arm__core__aarch32.a(thread.c.obj)
                0x0000000000002a00                arch_new_thread
 .text.arch_switch_to_main_thread
                0x0000000000002a38       0x34 zephyr/arch/arch/arm/core/aarch32/libarch__arm__core__aarch32.a(thread.c.obj)
                0x0000000000002a38                arch_switch_to_main_thread
 .text._isr_wrapper
                0x0000000000002a6c       0x28 zephyr/arch/arch/arm/core/aarch32/libarch__arm__core__aarch32.a(isr_wrapper.S.obj)
                0x0000000000002a6c                _isr_wrapper
 .text.arch_tls_stack_setup
                0x0000000000002a94       0x5c zephyr/arch/arch/arm/core/aarch32/libarch__arm__core__aarch32.a(tls.c.obj)
                0x0000000000002a94                arch_tls_stack_setup
 .text._HandlerModeExit
                0x0000000000002af0       0x1c zephyr/arch/arch/arm/core/aarch32/cortex_m/libarch__arm__core__aarch32__cortex_m.a(exc_exit.S.obj)
                0x0000000000002af0                z_arm_int_exit
                0x0000000000002af0                z_arm_exc_exit
 .text.usage_fault.constprop.0
                0x0000000000002b0c       0x5c zephyr/arch/arch/arm/core/aarch32/cortex_m/libarch__arm__core__aarch32__cortex_m.a(fault.c.obj)
 .text.bus_fault.constprop.0
                0x0000000000002b68       0x6c zephyr/arch/arch/arm/core/aarch32/cortex_m/libarch__arm__core__aarch32__cortex_m.a(fault.c.obj)
 .text.mem_manage_fault.constprop.0
                0x0000000000002bd4       0x78 zephyr/arch/arch/arm/core/aarch32/cortex_m/libarch__arm__core__aarch32__cortex_m.a(fault.c.obj)
 .text.z_arm_fault
                0x0000000000002c4c      0x124 zephyr/arch/arch/arm/core/aarch32/cortex_m/libarch__arm__core__aarch32__cortex_m.a(fault.c.obj)
                0x0000000000002c4c                z_arm_fault
 .text.z_arm_fault_init
                0x0000000000002d70       0x18 zephyr/arch/arch/arm/core/aarch32/cortex_m/libarch__arm__core__aarch32__cortex_m.a(fault.c.obj)
                0x0000000000002d70                z_arm_fault_init
 .text.__fault  0x0000000000002d88       0x14 zephyr/arch/arch/arm/core/aarch32/cortex_m/libarch__arm__core__aarch32__cortex_m.a(fault_s.S.obj)
                0x0000000000002d88                z_arm_usage_fault
                0x0000000000002d88                z_arm_mpu_fault
                0x0000000000002d88                z_arm_exc_spurious
                0x0000000000002d88                z_arm_debug_monitor
                0x0000000000002d88                z_arm_hard_fault
                0x0000000000002d88                z_arm_bus_fault
 .text.z_arm_interrupt_init
                0x0000000000002d9c       0x18 zephyr/arch/arch/arm/core/aarch32/cortex_m/libarch__arm__core__aarch32__cortex_m.a(irq_init.c.obj)
                0x0000000000002d9c                z_arm_interrupt_init
 .text._reset_section
                0x0000000000002db4       0x60 zephyr/arch/arch/arm/core/aarch32/cortex_m/libarch__arm__core__aarch32__cortex_m.a(reset.S.obj)
                0x0000000000002db4                __start
                0x0000000000002db4                z_arm_reset
 .text.sys_arch_reboot
                0x0000000000002e14       0x24 zephyr/arch/arch/arm/core/aarch32/cortex_m/libarch__arm__core__aarch32__cortex_m.a(scb.c.obj)
                0x0000000000002e14                sys_arch_reboot
 .text.z_arm_clear_arm_mpu_config
                0x0000000000002e38       0x24 zephyr/arch/arch/arm/core/aarch32/cortex_m/libarch__arm__core__aarch32__cortex_m.a(scb.c.obj)
                0x0000000000002e38                z_arm_clear_arm_mpu_config
 .text.z_arm_init_arch_hw_at_boot
                0x0000000000002e5c       0x4c zephyr/arch/arch/arm/core/aarch32/cortex_m/libarch__arm__core__aarch32__cortex_m.a(scb.c.obj)
                0x0000000000002e5c                z_arm_init_arch_hw_at_boot
 .text.z_impl_k_thread_abort
                0x0000000000002ea8       0x2c zephyr/arch/arch/arm/core/aarch32/cortex_m/libarch__arm__core__aarch32__cortex_m.a(thread_abort.c.obj)
                0x0000000000002ea8                z_impl_k_thread_abort
 .text.z_arm_configure_static_mpu_regions
                0x0000000000002ed4       0x38 zephyr/arch/arch/arm/core/aarch32/mpu/libarch__arm__core__aarch32__mpu.a(arm_core_mpu.c.obj)
                0x0000000000002ed4                z_arm_configure_static_mpu_regions
 .text.region_init
                0x0000000000002f0c       0x34 zephyr/arch/arch/arm/core/aarch32/mpu/libarch__arm__core__aarch32__mpu.a(arm_mpu.c.obj)
 .text.mpu_configure_regions_and_partition.constprop.0
                0x0000000000002f40      0x14c zephyr/arch/arch/arm/core/aarch32/mpu/libarch__arm__core__aarch32__mpu.a(arm_mpu.c.obj)
 .text.arm_core_mpu_enable
                0x000000000000308c       0x18 zephyr/arch/arch/arm/core/aarch32/mpu/libarch__arm__core__aarch32__mpu.a(arm_mpu.c.obj)
                0x000000000000308c                arm_core_mpu_enable
 .text.arm_core_mpu_disable
                0x00000000000030a4       0x14 zephyr/arch/arch/arm/core/aarch32/mpu/libarch__arm__core__aarch32__mpu.a(arm_mpu.c.obj)
                0x00000000000030a4                arm_core_mpu_disable
 .text.arm_core_mpu_configure_static_mpu_regions
                0x00000000000030b8       0x14 zephyr/arch/arch/arm/core/aarch32/mpu/libarch__arm__core__aarch32__mpu.a(arm_mpu.c.obj)
                0x00000000000030b8                arm_core_mpu_configure_static_mpu_regions
 .text.arm_core_mpu_mark_areas_for_dynamic_regions
                0x00000000000030cc       0xb8 zephyr/arch/arch/arm/core/aarch32/mpu/libarch__arm__core__aarch32__mpu.a(arm_mpu.c.obj)
                0x00000000000030cc                arm_core_mpu_mark_areas_for_dynamic_regions
 .text.z_arm_mpu_init
                0x0000000000003184       0x4c zephyr/arch/arch/arm/core/aarch32/mpu/libarch__arm__core__aarch32__mpu.a(arm_mpu.c.obj)
                0x0000000000003184                z_arm_mpu_init
 .text.malloc_prepare
                0x00000000000031d0       0x24 zephyr/lib/libc/common/liblib__libc__common.a(malloc.c.obj)
 .text.remoteproc_mgr_boot
                0x00000000000031f4       0x18 zephyr/boards/boards/arm/ubx_evknorab10_nrf5340_cpuapp/libboards__arm__ubx_evknorab10_nrf5340.a(ubx_evknorab10_cpunet_reset.c.obj)
 .text.long_wq_init
                0x000000000000320c       0x38 zephyr/subsys/bluetooth/host/libsubsys__bluetooth__host.a(long_wq.c.obj)
 .text.bt_long_wq_schedule
                0x0000000000003244        0xc zephyr/subsys/bluetooth/host/libsubsys__bluetooth__host.a(long_wq.c.obj)
                0x0000000000003244                bt_long_wq_schedule
 .text.uuid_to_uuid128
                0x0000000000003250       0x78 zephyr/subsys/bluetooth/host/libsubsys__bluetooth__host.a(uuid.c.obj)
 .text.bt_buf_get_rx
                0x00000000000032c8       0x2c zephyr/subsys/bluetooth/host/libsubsys__bluetooth__host.a(buf.c.obj)
                0x00000000000032c8                bt_buf_get_rx
 .text.bt_buf_get_cmd_complete
                0x00000000000032f4       0x38 zephyr/subsys/bluetooth/host/libsubsys__bluetooth__host.a(buf.c.obj)
                0x00000000000032f4                bt_buf_get_cmd_complete
 .text.bt_buf_get_evt
                0x000000000000332c       0x58 zephyr/subsys/bluetooth/host/libsubsys__bluetooth__host.a(buf.c.obj)
                0x000000000000332c                bt_buf_get_evt
 .text.hci_disconn_complete_prio
                0x0000000000003384       0x40 zephyr/subsys/bluetooth/host/libsubsys__bluetooth__host.a(hci_core.c.obj)
 .text.find_pending_connect.part.0
                0x00000000000033c4       0x2c zephyr/subsys/bluetooth/host/libsubsys__bluetooth__host.a(hci_core.c.obj)
 .text.hci_le_meta_event
                0x00000000000033f0       0x20 zephyr/subsys/bluetooth/host/libsubsys__bluetooth__host.a(hci_core.c.obj)
 .text.rx_work_handler
                0x0000000000003410      0x128 zephyr/subsys/bluetooth/host/libsubsys__bluetooth__host.a(hci_core.c.obj)
 .text.hci_cmd_done
                0x0000000000003538       0xbc zephyr/subsys/bluetooth/host/libsubsys__bluetooth__host.a(hci_core.c.obj)
 .text.hci_cmd_status
                0x00000000000035f4       0x2c zephyr/subsys/bluetooth/host/libsubsys__bluetooth__host.a(hci_core.c.obj)
 .text.hci_cmd_complete
                0x0000000000003620       0x30 zephyr/subsys/bluetooth/host/libsubsys__bluetooth__host.a(hci_core.c.obj)
 .text.bt_hci_cmd_state_set_init
                0x0000000000003650       0x24 zephyr/subsys/bluetooth/host/libsubsys__bluetooth__host.a(hci_core.c.obj)
                0x0000000000003650                bt_hci_cmd_state_set_init
 .text.bt_hci_cmd_create
                0x0000000000003674       0x74 zephyr/subsys/bluetooth/host/libsubsys__bluetooth__host.a(hci_core.c.obj)
                0x0000000000003674                bt_hci_cmd_create
 .text.bt_hci_cmd_send_sync
                0x00000000000036e8       0xd8 zephyr/subsys/bluetooth/host/libsubsys__bluetooth__host.a(hci_core.c.obj)
                0x00000000000036e8                bt_hci_cmd_send_sync
 .text.bt_hci_le_rand
                0x00000000000037c0       0x58 zephyr/subsys/bluetooth/host/libsubsys__bluetooth__host.a(hci_core.c.obj)
                0x00000000000037c0                bt_hci_le_rand
 .text.bt_hci_le_enh_conn_complete
                0x0000000000003818      0x1c8 zephyr/subsys/bluetooth/host/libsubsys__bluetooth__host.a(hci_core.c.obj)
                0x0000000000003818                bt_hci_le_enh_conn_complete
 .text.le_legacy_conn_complete
                0x00000000000039e0       0x64 zephyr/subsys/bluetooth/host/libsubsys__bluetooth__host.a(hci_core.c.obj)
 .text.bt_send  0x0000000000003a44       0x10 zephyr/subsys/bluetooth/host/libsubsys__bluetooth__host.a(hci_core.c.obj)
                0x0000000000003a44                bt_send
 .text.bt_hci_cmd_send
                0x0000000000003a54       0x44 zephyr/subsys/bluetooth/host/libsubsys__bluetooth__host.a(hci_core.c.obj)
                0x0000000000003a54                bt_hci_cmd_send
 .text.bt_hci_host_num_completed_packets
                0x0000000000003a98       0x88 zephyr/subsys/bluetooth/host/libsubsys__bluetooth__host.a(hci_core.c.obj)
                0x0000000000003a98                bt_hci_host_num_completed_packets
 .text.hci_tx_thread
                0x0000000000003b20      0x11c zephyr/subsys/bluetooth/host/libsubsys__bluetooth__host.a(hci_core.c.obj)
 .text.hci_event_prio
                0x0000000000003c3c       0xa4 zephyr/subsys/bluetooth/host/libsubsys__bluetooth__host.a(hci_core.c.obj)
                0x0000000000003c3c                hci_event_prio
 .text.bt_recv  0x0000000000003ce0       0x54 zephyr/subsys/bluetooth/host/libsubsys__bluetooth__host.a(hci_core.c.obj)
                0x0000000000003ce0                bt_recv
 .text.bt_hci_driver_register
                0x0000000000003d34       0x28 zephyr/subsys/bluetooth/host/libsubsys__bluetooth__host.a(hci_core.c.obj)
                0x0000000000003d34                bt_hci_driver_register
 .text.bt_finalize_init
                0x0000000000003d5c        0xc zephyr/subsys/bluetooth/host/libsubsys__bluetooth__host.a(hci_core.c.obj)
                0x0000000000003d5c                bt_finalize_init
 .text.bt_init  0x0000000000003d68      0x3b4 zephyr/subsys/bluetooth/host/libsubsys__bluetooth__host.a(hci_core.c.obj)
 .text.init_work
                0x000000000000411c       0x18 zephyr/subsys/bluetooth/host/libsubsys__bluetooth__host.a(hci_core.c.obj)
 .text.bt_enable
                0x0000000000004134       0xe0 zephyr/subsys/bluetooth/host/libsubsys__bluetooth__host.a(hci_core.c.obj)
                0x0000000000004134                bt_enable
 .text.bt_get_name
                0x0000000000004214        0x8 zephyr/subsys/bluetooth/host/libsubsys__bluetooth__host.a(hci_core.c.obj)
                0x0000000000004214                bt_get_name
 .text.id_find  0x000000000000421c       0x30 zephyr/subsys/bluetooth/host/libsubsys__bluetooth__host.a(id.c.obj)
 .text.id_create.constprop.0
                0x000000000000424c       0x5c zephyr/subsys/bluetooth/host/libsubsys__bluetooth__host.a(id.c.obj)
 .text.set_random_address
                0x00000000000042a8       0x50 zephyr/subsys/bluetooth/host/libsubsys__bluetooth__host.a(id.c.obj)
 .text.bt_id_create
                0x00000000000042f8       0x88 zephyr/subsys/bluetooth/host/libsubsys__bluetooth__host.a(id.c.obj)
                0x00000000000042f8                bt_id_create
 .text.bt_id_read_public_addr
                0x0000000000004380       0x5c zephyr/subsys/bluetooth/host/libsubsys__bluetooth__host.a(id.c.obj)
                0x0000000000004380                bt_id_read_public_addr
 .text.bt_setup_public_id_addr
                0x00000000000043dc       0x20 zephyr/subsys/bluetooth/host/libsubsys__bluetooth__host.a(id.c.obj)
                0x00000000000043dc                bt_setup_public_id_addr
 .text.bt_read_static_addr
                0x00000000000043fc       0x68 zephyr/subsys/bluetooth/host/libsubsys__bluetooth__host.a(id.c.obj)
                0x00000000000043fc                bt_read_static_addr
 .text.bt_setup_random_id_addr
                0x0000000000004464       0x5c zephyr/subsys/bluetooth/host/libsubsys__bluetooth__host.a(id.c.obj)
                0x0000000000004464                bt_setup_random_id_addr
 .text.bt_id_set_adv_own_addr
                0x00000000000044c0       0xc0 zephyr/subsys/bluetooth/host/libsubsys__bluetooth__host.a(id.c.obj)
                0x00000000000044c0                bt_id_set_adv_own_addr
 .text.bt_id_init
                0x0000000000004580       0x30 zephyr/subsys/bluetooth/host/libsubsys__bluetooth__host.a(id.c.obj)
                0x0000000000004580                bt_id_init
 .text.valid_adv_param
                0x00000000000045b0       0x84 zephyr/subsys/bluetooth/host/libsubsys__bluetooth__host.a(adv.c.obj)
 .text.adv_is_directed
                0x0000000000004634       0x18 zephyr/subsys/bluetooth/host/libsubsys__bluetooth__host.a(adv.c.obj)
 .text.le_adv_start_add_conn
                0x000000000000464c       0x60 zephyr/subsys/bluetooth/host/libsubsys__bluetooth__host.a(adv.c.obj)
 .text.bt_le_adv_lookup_legacy
                0x00000000000046ac        0x8 zephyr/subsys/bluetooth/host/libsubsys__bluetooth__host.a(adv.c.obj)
                0x00000000000046ac                bt_le_adv_lookup_legacy
 .text.bt_le_adv_start_legacy
                0x00000000000046b4      0x248 zephyr/subsys/bluetooth/host/libsubsys__bluetooth__host.a(adv.c.obj)
                0x00000000000046b4                bt_le_adv_start_legacy
 .text.bt_le_adv_start
                0x00000000000048fc       0x64 zephyr/subsys/bluetooth/host/libsubsys__bluetooth__host.a(adv.c.obj)
                0x00000000000048fc                bt_le_adv_start
 .text.bt_le_adv_stop
                0x0000000000004960       0x78 zephyr/subsys/bluetooth/host/libsubsys__bluetooth__host.a(adv.c.obj)
                0x0000000000004960                bt_le_adv_stop
 .text.bt_le_adv_resume
                0x00000000000049d8       0xcc zephyr/subsys/bluetooth/host/libsubsys__bluetooth__host.a(adv.c.obj)
                0x00000000000049d8                bt_le_adv_resume
 .text.prng_reseed.constprop.0
                0x0000000000004aa4       0x50 zephyr/subsys/bluetooth/host/libsubsys__bluetooth__host.a(crypto.c.obj)
 .text.prng_init
                0x0000000000004af4       0x2c zephyr/subsys/bluetooth/host/libsubsys__bluetooth__host.a(crypto.c.obj)
                0x0000000000004af4                prng_init
 .text.bt_rand  0x0000000000004b20       0x3c zephyr/subsys/bluetooth/host/libsubsys__bluetooth__host.a(crypto.c.obj)
                0x0000000000004b20                bt_rand
 .text.notify_connected
                0x0000000000004b5c       0x3c zephyr/subsys/bluetooth/host/libsubsys__bluetooth__host.a(conn.c.obj)
 .text.tx_notify
                0x0000000000004b98       0x60 zephyr/subsys/bluetooth/host/libsubsys__bluetooth__host.a(conn.c.obj)
 .text.conn_tx_destroy
                0x0000000000004bf8       0x2c zephyr/subsys/bluetooth/host/libsubsys__bluetooth__host.a(conn.c.obj)
 .text.send_frag
                0x0000000000004c24      0x188 zephyr/subsys/bluetooth/host/libsubsys__bluetooth__host.a(conn.c.obj)
 .text.bt_conn_get_pkts
                0x0000000000004dac       0x18 zephyr/subsys/bluetooth/host/libsubsys__bluetooth__host.a(conn.c.obj)
                0x0000000000004dac                bt_conn_get_pkts
 .text.bt_conn_new
                0x0000000000004dc4       0x5c zephyr/subsys/bluetooth/host/libsubsys__bluetooth__host.a(conn.c.obj)
                0x0000000000004dc4                bt_conn_new
 .text.bt_conn_send_cb
                0x0000000000004e20       0x8c zephyr/subsys/bluetooth/host/libsubsys__bluetooth__host.a(conn.c.obj)
                0x0000000000004e20                bt_conn_send_cb
 .text.bt_conn_prepare_events
                0x0000000000004eac       0x94 zephyr/subsys/bluetooth/host/libsubsys__bluetooth__host.a(conn.c.obj)
                0x0000000000004eac                bt_conn_prepare_events
 .text.bt_conn_set_state
                0x0000000000004f40      0x17c zephyr/subsys/bluetooth/host/libsubsys__bluetooth__host.a(conn.c.obj)
                0x0000000000004f40                bt_conn_set_state
 .text.bt_conn_lookup_handle
                0x00000000000050bc       0x28 zephyr/subsys/bluetooth/host/libsubsys__bluetooth__host.a(conn.c.obj)
                0x00000000000050bc                bt_conn_lookup_handle
 .text.bt_conn_index
                0x00000000000050e4       0x18 zephyr/subsys/bluetooth/host/libsubsys__bluetooth__host.a(conn.c.obj)
                0x00000000000050e4                bt_conn_index
 .text.bt_conn_create_pdu_timeout
                0x00000000000050fc       0x24 zephyr/subsys/bluetooth/host/libsubsys__bluetooth__host.a(conn.c.obj)
                0x00000000000050fc                bt_conn_create_pdu_timeout
 .text.notify_le_param_updated
                0x0000000000005120       0x88 zephyr/subsys/bluetooth/host/libsubsys__bluetooth__host.a(conn.c.obj)
                0x0000000000005120                notify_le_param_updated
 .text.notify_le_data_len_updated
                0x00000000000051a8       0x44 zephyr/subsys/bluetooth/host/libsubsys__bluetooth__host.a(conn.c.obj)
                0x00000000000051a8                notify_le_data_len_updated
 .text.le_param_req
                0x00000000000051ec       0x74 zephyr/subsys/bluetooth/host/libsubsys__bluetooth__host.a(conn.c.obj)
                0x00000000000051ec                le_param_req
 .text.bt_conn_cb_register
                0x0000000000005260       0x10 zephyr/subsys/bluetooth/host/libsubsys__bluetooth__host.a(conn.c.obj)
                0x0000000000005260                bt_conn_cb_register
 .text.bt_conn_add_le
                0x0000000000005270       0x38 zephyr/subsys/bluetooth/host/libsubsys__bluetooth__host.a(conn.c.obj)
                0x0000000000005270                bt_conn_add_le
 .text.bt_conn_lookup_addr_le
                0x00000000000052a8       0x34 zephyr/subsys/bluetooth/host/libsubsys__bluetooth__host.a(conn.c.obj)
                0x00000000000052a8                bt_conn_lookup_addr_le
 .text.bt_conn_lookup_state_le
                0x00000000000052dc       0x44 zephyr/subsys/bluetooth/host/libsubsys__bluetooth__host.a(conn.c.obj)
                0x00000000000052dc                bt_conn_lookup_state_le
 .text.send_conn_le_param_update
                0x0000000000005320       0x68 zephyr/subsys/bluetooth/host/libsubsys__bluetooth__host.a(conn.c.obj)
 .text.deferred_work
                0x0000000000005388       0xdc zephyr/subsys/bluetooth/host/libsubsys__bluetooth__host.a(conn.c.obj)
 .text.bt_conn_create_frag_timeout
                0x0000000000005464        0xc zephyr/subsys/bluetooth/host/libsubsys__bluetooth__host.a(conn.c.obj)
                0x0000000000005464                bt_conn_create_frag_timeout
 .text.bt_conn_process_tx
                0x0000000000005470      0x118 zephyr/subsys/bluetooth/host/libsubsys__bluetooth__host.a(conn.c.obj)
                0x0000000000005470                bt_conn_process_tx
 .text.bt_conn_init
                0x0000000000005588       0x44 zephyr/subsys/bluetooth/host/libsubsys__bluetooth__host.a(conn.c.obj)
                0x0000000000005588                bt_conn_init
 .text.l2cap_accept
                0x00000000000055cc       0x1c zephyr/subsys/bluetooth/host/libsubsys__bluetooth__host.a(l2cap.c.obj)
 .text.bt_l2cap_connected
                0x00000000000055e8       0x8c zephyr/subsys/bluetooth/host/libsubsys__bluetooth__host.a(l2cap.c.obj)
                0x00000000000055e8                bt_l2cap_connected
 .text.bt_l2cap_update_conn_param
                0x0000000000005674       0x64 zephyr/subsys/bluetooth/host/libsubsys__bluetooth__host.a(l2cap.c.obj)
                0x0000000000005674                bt_l2cap_update_conn_param
 .text.att_op_get_type
                0x00000000000056d8       0x74 zephyr/subsys/bluetooth/host/libsubsys__bluetooth__host.a(att.c.obj)
 .text.bt_att_released
                0x000000000000574c        0xc zephyr/subsys/bluetooth/host/libsubsys__bluetooth__host.a(att.c.obj)
 .text.tx_meta_data_free
                0x0000000000005758       0x3c zephyr/subsys/bluetooth/host/libsubsys__bluetooth__host.a(att.c.obj)
 .text.read_group_cb
                0x0000000000005794       0xb8 zephyr/subsys/bluetooth/host/libsubsys__bluetooth__host.a(att.c.obj)
 .text.bt_att_chan_create_pdu
                0x000000000000584c       0xbc zephyr/subsys/bluetooth/host/libsubsys__bluetooth__host.a(att.c.obj)
 .text.read_type_cb
                0x0000000000005908       0xac zephyr/subsys/bluetooth/host/libsubsys__bluetooth__host.a(att.c.obj)
 .text.bt_att_accept
                0x00000000000059b4       0xc4 zephyr/subsys/bluetooth/host/libsubsys__bluetooth__host.a(att.c.obj)
 .text.chan_send
                0x0000000000005a78       0xa4 zephyr/subsys/bluetooth/host/libsubsys__bluetooth__host.a(att.c.obj)
 .text.bt_att_connected
                0x0000000000005b1c       0x38 zephyr/subsys/bluetooth/host/libsubsys__bluetooth__host.a(att.c.obj)
 .text.bt_att_recv
                0x0000000000005b54       0xf4 zephyr/subsys/bluetooth/host/libsubsys__bluetooth__host.a(att.c.obj)
 .text.att_write_rsp.constprop.0
                0x0000000000005c48       0xc8 zephyr/subsys/bluetooth/host/libsubsys__bluetooth__host.a(att.c.obj)
 .text.att_read_group_req
                0x0000000000005d10       0xfc zephyr/subsys/bluetooth/host/libsubsys__bluetooth__host.a(att.c.obj)
 .text.att_read_mult_vl_req
                0x0000000000005e0c       0xa8 zephyr/subsys/bluetooth/host/libsubsys__bluetooth__host.a(att.c.obj)
 .text.att_read_mult_req
                0x0000000000005eb4       0xa8 zephyr/subsys/bluetooth/host/libsubsys__bluetooth__host.a(att.c.obj)
 .text.att_read_rsp
                0x0000000000005f5c       0x9c zephyr/subsys/bluetooth/host/libsubsys__bluetooth__host.a(att.c.obj)
 .text.att_read_type_req
                0x0000000000005ff8       0xc8 zephyr/subsys/bluetooth/host/libsubsys__bluetooth__host.a(att.c.obj)
 .text.att_find_type_req
                0x00000000000060c0       0xcc zephyr/subsys/bluetooth/host/libsubsys__bluetooth__host.a(att.c.obj)
 .text.att_find_info_req
                0x000000000000618c       0x74 zephyr/subsys/bluetooth/host/libsubsys__bluetooth__host.a(att.c.obj)
 .text.bt_att_init
                0x0000000000006200       0x38 zephyr/subsys/bluetooth/host/libsubsys__bluetooth__host.a(att.c.obj)
                0x0000000000006200                bt_att_init
 .text.bt_att_req_alloc
                0x0000000000006238       0x50 zephyr/subsys/bluetooth/host/libsubsys__bluetooth__host.a(att.c.obj)
                0x0000000000006238                bt_att_req_alloc
 .text.bt_att_req_free
                0x0000000000006288       0x28 zephyr/subsys/bluetooth/host/libsubsys__bluetooth__host.a(att.c.obj)
                0x0000000000006288                bt_att_req_free
 .text.att_handle_rsp
                0x00000000000062b0       0x6c zephyr/subsys/bluetooth/host/libsubsys__bluetooth__host.a(att.c.obj)
 .text.att_error_rsp
                0x000000000000631c       0x24 zephyr/subsys/bluetooth/host/libsubsys__bluetooth__host.a(att.c.obj)
 .text.bt_att_disconnected
                0x0000000000006340       0xcc zephyr/subsys/bluetooth/host/libsubsys__bluetooth__host.a(att.c.obj)
 .text.att_timeout
                0x000000000000640c       0x88 zephyr/subsys/bluetooth/host/libsubsys__bluetooth__host.a(att.c.obj)
 .text.bt_att_req_cancel
                0x0000000000006494       0x54 zephyr/subsys/bluetooth/host/libsubsys__bluetooth__host.a(att.c.obj)
                0x0000000000006494                bt_att_req_cancel
 .text.find_cf_cfg
                0x00000000000064e8       0x30 zephyr/subsys/bluetooth/host/libsubsys__bluetooth__host.a(gatt.c.obj)
 .text.find_sc_cfg
                0x0000000000006518       0x24 zephyr/subsys/bluetooth/host/libsubsys__bluetooth__host.a(gatt.c.obj)
 .text.find_ccc_cfg
                0x000000000000653c       0x28 zephyr/subsys/bluetooth/host/libsubsys__bluetooth__host.a(gatt.c.obj)
 .text.gatt_sub_find
                0x0000000000006564       0x30 zephyr/subsys/bluetooth/host/libsubsys__bluetooth__host.a(gatt.c.obj)
 .text.bt_gatt_attr_write_ccc
                0x0000000000006594       0xa8 zephyr/subsys/bluetooth/host/libsubsys__bluetooth__host.a(gatt.c.obj)
                0x0000000000006594                bt_gatt_attr_write_ccc
 .text.gatt_sub_remove
                0x000000000000663c       0x48 zephyr/subsys/bluetooth/host/libsubsys__bluetooth__host.a(gatt.c.obj)
 .text.read_ppcp
                0x0000000000006684       0x28 zephyr/subsys/bluetooth/host/libsubsys__bluetooth__host.a(gatt.c.obj)
 .text.clear_cf_cfg
                0x00000000000066ac       0x28 zephyr/subsys/bluetooth/host/libsubsys__bluetooth__host.a(gatt.c.obj)
 .text.sc_save  0x00000000000066d4       0x48 zephyr/subsys/bluetooth/host/libsubsys__bluetooth__host.a(gatt.c.obj)
 .text.gatt_write_ccc
                0x000000000000671c       0x30 zephyr/subsys/bluetooth/host/libsubsys__bluetooth__host.a(gatt.c.obj)
 .text.disconnected_cb
                0x000000000000674c       0xa0 zephyr/subsys/bluetooth/host/libsubsys__bluetooth__host.a(gatt.c.obj)
 .text.sc_indicate_rsp
                0x00000000000067ec       0x4c zephyr/subsys/bluetooth/host/libsubsys__bluetooth__host.a(gatt.c.obj)
 .text.bt_gatt_init
                0x0000000000006838       0x84 zephyr/subsys/bluetooth/host/libsubsys__bluetooth__host.a(gatt.c.obj)
                0x0000000000006838                bt_gatt_init
 .text.bt_gatt_attr_get_handle
                0x00000000000068bc       0x60 zephyr/subsys/bluetooth/host/libsubsys__bluetooth__host.a(gatt.c.obj)
                0x00000000000068bc                bt_gatt_attr_get_handle
 .text.bt_gatt_foreach_attr_type
                0x000000000000691c       0xb4 zephyr/subsys/bluetooth/host/libsubsys__bluetooth__host.a(gatt.c.obj)
                0x000000000000691c                bt_gatt_foreach_attr_type
 .text.db_hash_gen
                0x00000000000069d0       0x64 zephyr/subsys/bluetooth/host/libsubsys__bluetooth__host.a(gatt.c.obj)
 .text.db_hash_read
                0x0000000000006a34       0x6c zephyr/subsys/bluetooth/host/libsubsys__bluetooth__host.a(gatt.c.obj)
 .text.db_hash_process
                0x0000000000006aa0       0x1c zephyr/subsys/bluetooth/host/libsubsys__bluetooth__host.a(gatt.c.obj)
 .text.bt_gatt_attr_next
                0x0000000000006abc       0x24 zephyr/subsys/bluetooth/host/libsubsys__bluetooth__host.a(gatt.c.obj)
                0x0000000000006abc                bt_gatt_attr_next
 .text.gatt_indicate
                0x0000000000006ae0       0xac zephyr/subsys/bluetooth/host/libsubsys__bluetooth__host.a(gatt.c.obj)
 .text.bt_gatt_indicate
                0x0000000000006b8c       0xf0 zephyr/subsys/bluetooth/host/libsubsys__bluetooth__host.a(gatt.c.obj)
                0x0000000000006b8c                bt_gatt_indicate
 .text.sc_process
                0x0000000000006c7c       0x5c zephyr/subsys/bluetooth/host/libsubsys__bluetooth__host.a(gatt.c.obj)
 .text.update_ccc
                0x0000000000006cd8       0xb8 zephyr/subsys/bluetooth/host/libsubsys__bluetooth__host.a(gatt.c.obj)
 .text.bt_gatt_notify_cb
                0x0000000000006d90       0xe8 zephyr/subsys/bluetooth/host/libsubsys__bluetooth__host.a(gatt.c.obj)
                0x0000000000006d90                bt_gatt_notify_cb
 .text.notify_cb
                0x0000000000006e78       0xfc zephyr/subsys/bluetooth/host/libsubsys__bluetooth__host.a(gatt.c.obj)
 .text.bt_gatt_exchange_mtu
                0x0000000000006f74       0x58 zephyr/subsys/bluetooth/host/libsubsys__bluetooth__host.a(gatt.c.obj)
                0x0000000000006f74                bt_gatt_exchange_mtu
 .text.bt_gatt_unsubscribe
                0x0000000000006fcc       0xd8 zephyr/subsys/bluetooth/host/libsubsys__bluetooth__host.a(gatt.c.obj)
                0x0000000000006fcc                bt_gatt_unsubscribe
 .text.bt_gatt_connected
                0x00000000000070a4       0x20 zephyr/subsys/bluetooth/host/libsubsys__bluetooth__host.a(gatt.c.obj)
                0x00000000000070a4                bt_gatt_connected
 .text.bt_gatt_att_max_mtu_changed
                0x00000000000070c4       0x28 zephyr/subsys/bluetooth/host/libsubsys__bluetooth__host.a(gatt.c.obj)
                0x00000000000070c4                bt_gatt_att_max_mtu_changed
 .text.bt_gatt_disconnected
                0x00000000000070ec       0xc8 zephyr/subsys/bluetooth/host/libsubsys__bluetooth__host.a(gatt.c.obj)
                0x00000000000070ec                bt_gatt_disconnected
 .text.bt_smp_accept
                0x00000000000071b4       0x1c zephyr/subsys/bluetooth/host/libsubsys__bluetooth__host.a(smp_null.c.obj)
 .text.net_buf_pool_get
                0x00000000000071d0       0x10 zephyr/subsys/net/libsubsys__net.a(buf.c.obj)
                0x00000000000071d0                net_buf_pool_get
 .text.net_buf_id
                0x00000000000071e0       0x20 zephyr/subsys/net/libsubsys__net.a(buf.c.obj)
                0x00000000000071e0                net_buf_id
 .text.fixed_data_alloc
                0x0000000000007200       0x30 zephyr/subsys/net/libsubsys__net.a(buf.c.obj)
 .text.net_buf_alloc_len
                0x0000000000007230       0xfc zephyr/subsys/net/libsubsys__net.a(buf.c.obj)
                0x0000000000007230                net_buf_alloc_len
 .text.net_buf_unref
                0x000000000000732c       0x64 zephyr/subsys/net/libsubsys__net.a(buf.c.obj)
                0x000000000000732c                net_buf_unref
 .text.adc_context_start_sampling
                0x0000000000007390       0x1c zephyr/drivers/adc/libdrivers__adc.a(adc_nrfx_saadc.c.obj)
 .text.adc_nrfx_channel_setup
                0x00000000000073ac       0xd8 zephyr/drivers/adc/libdrivers__adc.a(adc_nrfx_saadc.c.obj)
 .text.adc_nrfx_read
                0x0000000000007484      0x17c zephyr/drivers/adc/libdrivers__adc.a(adc_nrfx_saadc.c.obj)
 .text.init_saadc
                0x0000000000007600       0x44 zephyr/drivers/adc/libdrivers__adc.a(adc_nrfx_saadc.c.obj)
 .text.saadc_irq_handler
                0x0000000000007644       0xc8 zephyr/drivers/adc/libdrivers__adc.a(adc_nrfx_saadc.c.obj)
 .text.bt_rpmsg_init
                0x000000000000770c        0xc zephyr/drivers/bluetooth/libdrivers__bluetooth.a(rpmsg.c.obj)
 .text.bt_rpmsg_send
                0x0000000000007718       0x38 zephyr/drivers/bluetooth/libdrivers__bluetooth.a(rpmsg.c.obj)
 .text.hci_ept_bound
                0x0000000000007750        0xc zephyr/drivers/bluetooth/libdrivers__bluetooth.a(rpmsg.c.obj)
 .text.bt_rpmsg_open
                0x000000000000775c       0x40 zephyr/drivers/bluetooth/libdrivers__bluetooth.a(rpmsg.c.obj)
 .text.onoff_stop
                0x000000000000779c       0x30 zephyr/drivers/clock_control/libdrivers__clock_control.a(clock_control_nrf.c.obj)
 .text.onoff_start
                0x00000000000077cc       0x44 zephyr/drivers/clock_control/libdrivers__clock_control.a(clock_control_nrf.c.obj)
 .text.clk_init
                0x0000000000007810       0x68 zephyr/drivers/clock_control/libdrivers__clock_control.a(clock_control_nrf.c.obj)
 .text.clkstarted_handle.constprop.0
                0x0000000000007878       0x34 zephyr/drivers/clock_control/libdrivers__clock_control.a(clock_control_nrf.c.obj)
 .text.clock_event_handler
                0x00000000000078ac       0x44 zephyr/drivers/clock_control/libdrivers__clock_control.a(clock_control_nrf.c.obj)
 .text.generic_hfclk_start
                0x00000000000078f0       0x64 zephyr/drivers/clock_control/libdrivers__clock_control.a(clock_control_nrf.c.obj)
 .text.api_blocking_start
                0x0000000000007954       0x3c zephyr/drivers/clock_control/libdrivers__clock_control.a(clock_control_nrf.c.obj)
 .text.generic_hfclk_stop
                0x0000000000007990       0x34 zephyr/drivers/clock_control/libdrivers__clock_control.a(clock_control_nrf.c.obj)
 .text.z_nrf_clock_control_lf_on
                0x00000000000079c4       0xb0 zephyr/drivers/clock_control/libdrivers__clock_control.a(clock_control_nrf.c.obj)
                0x00000000000079c4                z_nrf_clock_control_lf_on
 .text.start_cal_process
                0x0000000000007a74       0x40 zephyr/drivers/clock_control/libdrivers__clock_control.a(nrf_clock_calibration.c.obj)
 .text.start_cycle
                0x0000000000007ab4       0x38 zephyr/drivers/clock_control/libdrivers__clock_control.a(nrf_clock_calibration.c.obj)
 .text.cal_hf_callback
                0x0000000000007aec       0x28 zephyr/drivers/clock_control/libdrivers__clock_control.a(nrf_clock_calibration.c.obj)
 .text.z_nrf_clock_calibration_init
                0x0000000000007b14       0x1c zephyr/drivers/clock_control/libdrivers__clock_control.a(nrf_clock_calibration.c.obj)
                0x0000000000007b14                z_nrf_clock_calibration_init
 .text.z_nrf_clock_calibration_lfclk_started
                0x0000000000007b30       0x10 zephyr/drivers/clock_control/libdrivers__clock_control.a(nrf_clock_calibration.c.obj)
                0x0000000000007b30                z_nrf_clock_calibration_lfclk_started
 .text.z_nrf_clock_calibration_lfclk_stopped
                0x0000000000007b40        0xc zephyr/drivers/clock_control/libdrivers__clock_control.a(nrf_clock_calibration.c.obj)
                0x0000000000007b40                z_nrf_clock_calibration_lfclk_stopped
 .text.z_nrf_clock_calibration_done_handler
                0x0000000000007b4c       0x10 zephyr/drivers/clock_control/libdrivers__clock_control.a(nrf_clock_calibration.c.obj)
                0x0000000000007b4c                z_nrf_clock_calibration_done_handler
 .text.gpio_nrfx_pin_interrupt_configure
                0x0000000000007b5c       0xe4 zephyr/drivers/gpio/libdrivers__gpio.a(gpio_nrfx.c.obj)
 .text.gpio_nrfx_init
                0x0000000000007c40       0x38 zephyr/drivers/gpio/libdrivers__gpio.a(gpio_nrfx.c.obj)
 .text.nrfx_gpio_handler
                0x0000000000007c78       0x4c zephyr/drivers/gpio/libdrivers__gpio.a(gpio_nrfx.c.obj)
 .text.gpio_nrfx_pin_configure
                0x0000000000007cc4      0x124 zephyr/drivers/gpio/libdrivers__gpio.a(gpio_nrfx.c.obj)
 .text.i2c_nrfx_twim_recover_bus
                0x0000000000007de8       0x54 zephyr/drivers/i2c/libdrivers__i2c.a(i2c_nrfx_twim.c.obj)
 .text.i2c_nrfx_twim_init
                0x0000000000007e3c       0x44 zephyr/drivers/i2c/libdrivers__i2c.a(i2c_nrfx_twim.c.obj)
 .text.event_handler
                0x0000000000007e80       0x34 zephyr/drivers/i2c/libdrivers__i2c.a(i2c_nrfx_twim.c.obj)
 .text.i2c_nrfx_twim_transfer
                0x0000000000007eb4      0x16c zephyr/drivers/i2c/libdrivers__i2c.a(i2c_nrfx_twim.c.obj)
 .text.mbox_nrf_init
                0x0000000000008020       0x6c zephyr/drivers/mbox/libdrivers__mbox.a(mbox_nrfx_ipc.c.obj)
 .text.nrf_gpio_pin_port_decode
                0x000000000000808c       0x24 zephyr/drivers/pinctrl/libdrivers__pinctrl.a(pinctrl_nrf.c.obj)
 .text.pinctrl_configure_pins
                0x00000000000080b0      0x18c zephyr/drivers/pinctrl/libdrivers__pinctrl.a(pinctrl_nrf.c.obj)
                0x00000000000080b0                pinctrl_configure_pins
 .text.compare_int_lock
                0x000000000000823c       0x40 zephyr/drivers/timer/libdrivers__timer.a(nrf_rtc_timer.c.obj)
 .text.sys_clock_timeout_handler
                0x000000000000827c       0x48 zephyr/drivers/timer/libdrivers__timer.a(nrf_rtc_timer.c.obj)
 .text.compare_int_unlock
                0x00000000000082c4       0x4c zephyr/drivers/timer/libdrivers__timer.a(nrf_rtc_timer.c.obj)
 .text.z_nrf_rtc_timer_read
                0x0000000000008310       0x44 zephyr/drivers/timer/libdrivers__timer.a(nrf_rtc_timer.c.obj)
                0x0000000000008310                z_nrf_rtc_timer_read
 .text.compare_set
                0x0000000000008354      0x124 zephyr/drivers/timer/libdrivers__timer.a(nrf_rtc_timer.c.obj)
 .text.sys_clock_driver_init
                0x0000000000008478       0x90 zephyr/drivers/timer/libdrivers__timer.a(nrf_rtc_timer.c.obj)
 .text.rtc_nrf_isr
                0x0000000000008508       0xd0 zephyr/drivers/timer/libdrivers__timer.a(nrf_rtc_timer.c.obj)
                0x0000000000008508                rtc_nrf_isr
 .text.sys_clock_set_timeout
                0x00000000000085d8       0x64 zephyr/drivers/timer/libdrivers__timer.a(nrf_rtc_timer.c.obj)
                0x00000000000085d8                sys_clock_set_timeout
 .text.sys_clock_elapsed
                0x000000000000863c       0x14 zephyr/drivers/timer/libdrivers__timer.a(nrf_rtc_timer.c.obj)
                0x000000000000863c                sys_clock_elapsed
 .text.sys_clock_disable
                0x0000000000008650       0x30 zephyr/drivers/timer/libdrivers__timer.a(nrf_rtc_timer.c.obj)
                0x0000000000008650                sys_clock_disable
 .text.nrf53_errata_42
                0x0000000000008680       0x24 modules/hal_nordic/nrfx/libmodules__hal_nordic__nrfx.a(system_nrf5340_application.c.obj)
 .text.SystemInit
                0x00000000000086a4      0x1c4 modules/hal_nordic/nrfx/libmodules__hal_nordic__nrfx.a(system_nrf5340_application.c.obj)
                0x00000000000086a4                SystemInit
 .text.nrfx_flag32_alloc
                0x0000000000008868       0x40 modules/hal_nordic/nrfx/libmodules__hal_nordic__nrfx.a(nrfx_flag32_allocator.c.obj)
                0x0000000000008868                nrfx_flag32_alloc
 .text.nrfx_flag32_free
                0x00000000000088a8       0x38 modules/hal_nordic/nrfx/libmodules__hal_nordic__nrfx.a(nrfx_flag32_allocator.c.obj)
                0x00000000000088a8                nrfx_flag32_free
 .text.nrfx_gppi_channels_enable
                0x00000000000088e0        0xc modules/hal_nordic/nrfx/libmodules__hal_nordic__nrfx.a(nrfx_gppi_dppi.c.obj)
                0x00000000000088e0                nrfx_gppi_channels_enable
 .text.nrfx_clock_init
                0x00000000000088ec       0x24 modules/hal_nordic/nrfx/libmodules__hal_nordic__nrfx.a(nrfx_clock.c.obj)
                0x00000000000088ec                nrfx_clock_init
 .text.nrfx_clock_calibration_start
                0x0000000000008910       0x58 modules/hal_nordic/nrfx/libmodules__hal_nordic__nrfx.a(nrfx_clock.c.obj)
                0x0000000000008910                nrfx_clock_calibration_start
 .text.nrfx_power_clock_irq_handler
                0x0000000000008968       0xc4 modules/hal_nordic/nrfx/libmodules__hal_nordic__nrfx.a(nrfx_clock.c.obj)
                0x0000000000008968                nrfx_power_clock_irq_handler
 .text.nrfx_dppi_channel_alloc
                0x0000000000008a2c        0xc modules/hal_nordic/nrfx/libmodules__hal_nordic__nrfx.a(nrfx_dppi.c.obj)
                0x0000000000008a2c                nrfx_dppi_channel_alloc
 .text.nrf_gpio_pin_port_decode
                0x0000000000008a38       0x24 modules/hal_nordic/nrfx/libmodules__hal_nordic__nrfx.a(nrfx_gpiote.c.obj)
 .text.get_pin_idx
                0x0000000000008a5c       0x14 modules/hal_nordic/nrfx/libmodules__hal_nordic__nrfx.a(nrfx_gpiote.c.obj)
 .text.pin_in_use_by_te
                0x0000000000008a70       0x18 modules/hal_nordic/nrfx/libmodules__hal_nordic__nrfx.a(nrfx_gpiote.c.obj)
 .text.pin_is_output
                0x0000000000008a88       0x18 modules/hal_nordic/nrfx/libmodules__hal_nordic__nrfx.a(nrfx_gpiote.c.obj)
 .text.pin_te_get
                0x0000000000008aa0       0x18 modules/hal_nordic/nrfx/libmodules__hal_nordic__nrfx.a(nrfx_gpiote.c.obj)
 .text.call_handler
                0x0000000000008ab8       0x40 modules/hal_nordic/nrfx/libmodules__hal_nordic__nrfx.a(nrfx_gpiote.c.obj)
 .text.release_handler
                0x0000000000008af8       0x58 modules/hal_nordic/nrfx/libmodules__hal_nordic__nrfx.a(nrfx_gpiote.c.obj)
 .text.__nrfy_internal_gpiote_events_process.constprop.0
                0x0000000000008b50       0x54 modules/hal_nordic/nrfx/libmodules__hal_nordic__nrfx.a(nrfx_gpiote.c.obj)
 .text.nrfx_gpiote_input_configure
                0x0000000000008ba4      0x170 modules/hal_nordic/nrfx/libmodules__hal_nordic__nrfx.a(nrfx_gpiote.c.obj)
                0x0000000000008ba4                nrfx_gpiote_input_configure
 .text.nrfx_gpiote_output_configure
                0x0000000000008d14       0xfc modules/hal_nordic/nrfx/libmodules__hal_nordic__nrfx.a(nrfx_gpiote.c.obj)
                0x0000000000008d14                nrfx_gpiote_output_configure
 .text.nrfx_gpiote_global_callback_set
                0x0000000000008e10        0xc modules/hal_nordic/nrfx/libmodules__hal_nordic__nrfx.a(nrfx_gpiote.c.obj)
                0x0000000000008e10                nrfx_gpiote_global_callback_set
 .text.nrfx_gpiote_channel_get
                0x0000000000008e1c       0x30 modules/hal_nordic/nrfx/libmodules__hal_nordic__nrfx.a(nrfx_gpiote.c.obj)
                0x0000000000008e1c                nrfx_gpiote_channel_get
 .text.nrfx_gpiote_init
                0x0000000000008e4c       0x50 modules/hal_nordic/nrfx/libmodules__hal_nordic__nrfx.a(nrfx_gpiote.c.obj)
                0x0000000000008e4c                nrfx_gpiote_init
 .text.nrfx_gpiote_is_init
                0x0000000000008e9c       0x14 modules/hal_nordic/nrfx/libmodules__hal_nordic__nrfx.a(nrfx_gpiote.c.obj)
                0x0000000000008e9c                nrfx_gpiote_is_init
 .text.nrfx_gpiote_channel_free
                0x0000000000008eb0        0xc modules/hal_nordic/nrfx/libmodules__hal_nordic__nrfx.a(nrfx_gpiote.c.obj)
                0x0000000000008eb0                nrfx_gpiote_channel_free
 .text.nrfx_gpiote_channel_alloc
                0x0000000000008ebc        0xc modules/hal_nordic/nrfx/libmodules__hal_nordic__nrfx.a(nrfx_gpiote.c.obj)
                0x0000000000008ebc                nrfx_gpiote_channel_alloc
 .text.nrfx_gpiote_trigger_enable
                0x0000000000008ec8       0x98 modules/hal_nordic/nrfx/libmodules__hal_nordic__nrfx.a(nrfx_gpiote.c.obj)
                0x0000000000008ec8                nrfx_gpiote_trigger_enable
 .text.nrfx_gpiote_trigger_disable
                0x0000000000008f60       0x4c modules/hal_nordic/nrfx/libmodules__hal_nordic__nrfx.a(nrfx_gpiote.c.obj)
                0x0000000000008f60                nrfx_gpiote_trigger_disable
 .text.nrfx_gpiote_pin_uninit
                0x0000000000008fac       0x84 modules/hal_nordic/nrfx/libmodules__hal_nordic__nrfx.a(nrfx_gpiote.c.obj)
                0x0000000000008fac                nrfx_gpiote_pin_uninit
 .text.nrfx_gpiote_irq_handler
                0x0000000000009030      0x19c modules/hal_nordic/nrfx/libmodules__hal_nordic__nrfx.a(nrfx_gpiote.c.obj)
                0x0000000000009030                nrfx_gpiote_irq_handler
 .text.nrfx_ipc_init
                0x00000000000091cc       0x30 modules/hal_nordic/nrfx/libmodules__hal_nordic__nrfx.a(nrfx_ipc.c.obj)
                0x00000000000091cc                nrfx_ipc_init
 .text.nrfx_ipc_config_load
                0x00000000000091fc       0x40 modules/hal_nordic/nrfx/libmodules__hal_nordic__nrfx.a(nrfx_ipc.c.obj)
                0x00000000000091fc                nrfx_ipc_config_load
 .text.nrfx_ipc_receive_event_enable
                0x000000000000923c       0x10 modules/hal_nordic/nrfx/libmodules__hal_nordic__nrfx.a(nrfx_ipc.c.obj)
                0x000000000000923c                nrfx_ipc_receive_event_enable
 .text.nrfx_ipc_receive_event_disable
                0x000000000000924c       0x10 modules/hal_nordic/nrfx/libmodules__hal_nordic__nrfx.a(nrfx_ipc.c.obj)
                0x000000000000924c                nrfx_ipc_receive_event_disable
 .text.nrfx_ipc_irq_handler
                0x000000000000925c       0x40 modules/hal_nordic/nrfx/libmodules__hal_nordic__nrfx.a(nrfx_ipc.c.obj)
                0x000000000000925c                nrfx_ipc_irq_handler
 .text.nrf_gpio_cfg.constprop.0
                0x000000000000929c       0x48 modules/hal_nordic/nrfx/libmodules__hal_nordic__nrfx.a(nrfx_twim.c.obj)
 .text.twim_configure
                0x00000000000092e4       0x3c modules/hal_nordic/nrfx/libmodules__hal_nordic__nrfx.a(nrfx_twim.c.obj)
 .text.nrfx_twim_init
                0x0000000000009320       0xb8 modules/hal_nordic/nrfx/libmodules__hal_nordic__nrfx.a(nrfx_twim.c.obj)
                0x0000000000009320                nrfx_twim_init
 .text.nrfx_twim_enable
                0x00000000000093d8       0x20 modules/hal_nordic/nrfx/libmodules__hal_nordic__nrfx.a(nrfx_twim.c.obj)
                0x00000000000093d8                nrfx_twim_enable
 .text.nrfx_twim_disable
                0x00000000000093f8       0x3c modules/hal_nordic/nrfx/libmodules__hal_nordic__nrfx.a(nrfx_twim.c.obj)
                0x00000000000093f8                nrfx_twim_disable
 .text.nrfx_twim_xfer
                0x0000000000009434      0x350 modules/hal_nordic/nrfx/libmodules__hal_nordic__nrfx.a(nrfx_twim.c.obj)
                0x0000000000009434                nrfx_twim_xfer
 .text.nrfx_twim_1_irq_handler
                0x0000000000009784      0x188 modules/hal_nordic/nrfx/libmodules__hal_nordic__nrfx.a(nrfx_twim.c.obj)
                0x0000000000009784                nrfx_twim_1_irq_handler
 .text.nrf_gpio_pin_port_decode
                0x000000000000990c       0x24 modules/hal_nordic/nrfx/libmodules__hal_nordic__nrfx.a(nrfx_twi_twim.c.obj)
 .text.nrfx_twi_twim_bus_recover
                0x0000000000009930       0xd4 modules/hal_nordic/nrfx/libmodules__hal_nordic__nrfx.a(nrfx_twi_twim.c.obj)
                0x0000000000009930                nrfx_twi_twim_bus_recover
 .text.metal_generic_dev_open
                0x0000000000009a04       0x40 modules/libmetal/libmetal/lib/libmetal.a(device.c.obj)
                0x0000000000009a04                metal_generic_dev_open
 .text.metal_bus_unregister
                0x0000000000009a44       0x3c modules/libmetal/libmetal/lib/libmetal.a(device.c.obj)
                0x0000000000009a44                metal_bus_unregister
 .text.metal_bus_find
                0x0000000000009a80       0x3c modules/libmetal/libmetal/lib/libmetal.a(device.c.obj)
                0x0000000000009a80                metal_bus_find
 .text.metal_bus_register
                0x0000000000009abc       0x5c modules/libmetal/libmetal/lib/libmetal.a(device.c.obj)
                0x0000000000009abc                metal_bus_register
 .text.metal_register_generic_device
                0x0000000000009b18       0x3c modules/libmetal/libmetal/lib/libmetal.a(device.c.obj)
                0x0000000000009b18                metal_register_generic_device
 .text.metal_init
                0x0000000000009b54       0x40 modules/libmetal/libmetal/lib/libmetal.a(init.c.obj)
                0x0000000000009b54                metal_init
 .text.metal_finish
                0x0000000000009b94       0x18 modules/libmetal/libmetal/lib/libmetal.a(init.c.obj)
                0x0000000000009b94                metal_finish
 .text.metal_sys_init
                0x0000000000009bac       0x10 modules/libmetal/libmetal/lib/libmetal.a(init.c.obj)
                0x0000000000009bac                metal_sys_init
 .text.metal_sys_finish
                0x0000000000009bbc        0xc modules/libmetal/libmetal/lib/libmetal.a(init.c.obj)
                0x0000000000009bbc                metal_sys_finish
 .text.metal_zephyr_log_handler
                0x0000000000009bc8       0x3c modules/libmetal/libmetal/lib/libmetal.a(log.c.obj)
                0x0000000000009bc8                metal_zephyr_log_handler
 .text.virtio_create_virtqueues
                0x0000000000009c04       0xbc modules/open-amp/open-amp/lib/libopen_amp.a(virtio.c.obj)
                0x0000000000009c04                virtio_create_virtqueues
 .text.virtqueue_free
                0x0000000000009cc0       0x38 modules/open-amp/open-amp/lib/libopen_amp.a(virtqueue.c.obj)
                0x0000000000009cc0                virtqueue_free
 .text.virtqueue_add_consumed_buffer
                0x0000000000009cf8       0x38 modules/open-amp/open-amp/lib/libopen_amp.a(virtqueue.c.obj)
                0x0000000000009cf8                virtqueue_add_consumed_buffer
 .text.rpmsg_send_offchannel_raw
                0x0000000000009d30       0x2c modules/open-amp/open-amp/lib/libopen_amp.a(rpmsg.c.obj)
                0x0000000000009d30                rpmsg_send_offchannel_raw
 .text.rpmsg_send_offchannel_nocopy
                0x0000000000009d5c       0x2c modules/open-amp/open-amp/lib/libopen_amp.a(rpmsg.c.obj)
                0x0000000000009d5c                rpmsg_send_offchannel_nocopy
 .text.rpmsg_register_endpoint
                0x0000000000009d88       0x40 modules/open-amp/open-amp/lib/libopen_amp.a(rpmsg.c.obj)
                0x0000000000009d88                rpmsg_register_endpoint
 .text.rpmsg_create_ept
                0x0000000000009dc8      0x100 modules/open-amp/open-amp/lib/libopen_amp.a(rpmsg.c.obj)
                0x0000000000009dc8                rpmsg_create_ept
 .text.rpmsg_virtio_send_offchannel_raw
                0x0000000000009ec8       0x5c modules/open-amp/open-amp/lib/libopen_amp.a(rpmsg_virtio.c.obj)
 .text.rpmsg_virtio_get_buffer_size
                0x0000000000009f24       0x4c modules/open-amp/open-amp/lib/libopen_amp.a(rpmsg_virtio.c.obj)
                0x0000000000009f24                rpmsg_virtio_get_buffer_size
 .text.rpmsg_init_vdev_with_config
                0x0000000000009f70      0x254 modules/open-amp/open-amp/lib/libopen_amp.a(rpmsg_virtio.c.obj)
                0x0000000000009f70                rpmsg_init_vdev_with_config
 .text.rpmsg_init_vdev
                0x000000000000a1c4       0x2c modules/open-amp/open-amp/lib/libopen_amp.a(rpmsg_virtio.c.obj)
                0x000000000000a1c4                rpmsg_init_vdev
 .text.z_fatal_error
                0x000000000000a1f0       0x38 zephyr/kernel/libkernel.a(fatal.c.obj)
                0x000000000000a1f0                z_fatal_error
 .text.z_sys_init_run_level
                0x000000000000a228       0x48 zephyr/kernel/libkernel.a(init.c.obj)
 .text.bg_thread_main
                0x000000000000a270       0x34 zephyr/kernel/libkernel.a(init.c.obj)
 .text.z_bss_zero
                0x000000000000a2a4       0x18 zephyr/kernel/libkernel.a(init.c.obj)
                0x000000000000a2a4                z_bss_zero
 .text.z_init_cpu
                0x000000000000a2bc       0x7c zephyr/kernel/libkernel.a(init.c.obj)
                0x000000000000a2bc                z_init_cpu
 .text.z_cstart
                0x000000000000a338       0xe0 zephyr/kernel/libkernel.a(init.c.obj)
                0x000000000000a338                z_cstart
 .text.statics_init
                0x000000000000a418       0x24 zephyr/kernel/libkernel.a(kheap.c.obj)
 .text.init_mem_slab_module
                0x000000000000a43c       0x24 zephyr/kernel/libkernel.a(mem_slab.c.obj)
 .text.k_mem_slab_alloc
                0x000000000000a460       0x5c zephyr/kernel/libkernel.a(mem_slab.c.obj)
                0x000000000000a460                k_mem_slab_alloc
 .text.z_setup_new_thread
                0x000000000000a4bc       0x7c zephyr/kernel/libkernel.a(thread.c.obj)
                0x000000000000a4bc                z_setup_new_thread
 .text.z_impl_k_thread_create
                0x000000000000a538       0x58 zephyr/kernel/libkernel.a(thread.c.obj)
                0x000000000000a538                z_impl_k_thread_create
 .text.z_init_static_threads
                0x000000000000a590       0xb8 zephyr/kernel/libkernel.a(thread.c.obj)
                0x000000000000a590                z_init_static_threads
 .text.z_impl_k_mutex_lock
                0x000000000000a648       0xf4 zephyr/kernel/libkernel.a(mutex.c.obj)
                0x000000000000a648                z_impl_k_mutex_lock
 .text.z_impl_k_mutex_unlock
                0x000000000000a73c       0x78 zephyr/kernel/libkernel.a(mutex.c.obj)
                0x000000000000a73c                z_impl_k_mutex_unlock
 .text.z_impl_k_queue_get
                0x000000000000a7b4       0x68 zephyr/kernel/libkernel.a(queue.c.obj)
                0x000000000000a7b4                z_impl_k_queue_get
 .text.z_impl_k_sem_give
                0x000000000000a81c       0x4c zephyr/kernel/libkernel.a(sem.c.obj)
                0x000000000000a81c                z_impl_k_sem_give
 .text.z_impl_k_sem_take
                0x000000000000a868       0x50 zephyr/kernel/libkernel.a(sem.c.obj)
                0x000000000000a868                z_impl_k_sem_take
 .text.k_sys_work_q_init
                0x000000000000a8b8       0x34 zephyr/kernel/libkernel.a(system_work_q.c.obj)
 .text.work_queue_main
                0x000000000000a8ec      0x138 zephyr/kernel/libkernel.a(work.c.obj)
 .text.cancel_sync_locked
                0x000000000000aa24       0x3c zephyr/kernel/libkernel.a(work.c.obj)
 .text.submit_to_queue_locked
                0x000000000000aa60       0xb4 zephyr/kernel/libkernel.a(work.c.obj)
 .text.k_work_submit
                0x000000000000ab14        0xc zephyr/kernel/libkernel.a(work.c.obj)
                0x000000000000ab14                k_work_submit
 .text.k_work_queue_start
                0x000000000000ab20       0x70 zephyr/kernel/libkernel.a(work.c.obj)
                0x000000000000ab20                k_work_queue_start
 .text.k_work_queue_drain
                0x000000000000ab90       0x7c zephyr/kernel/libkernel.a(work.c.obj)
                0x000000000000ab90                k_work_queue_drain
 .text.k_work_schedule_for_queue
                0x000000000000ac0c       0x54 zephyr/kernel/libkernel.a(work.c.obj)
                0x000000000000ac0c                k_work_schedule_for_queue
 .text.k_work_schedule
                0x000000000000ac60        0xc zephyr/kernel/libkernel.a(work.c.obj)
                0x000000000000ac60                k_work_schedule
 .text.k_work_reschedule_for_queue
                0x000000000000ac6c       0x5c zephyr/kernel/libkernel.a(work.c.obj)
                0x000000000000ac6c                k_work_reschedule_for_queue
 .text.k_work_reschedule
                0x000000000000acc8        0xc zephyr/kernel/libkernel.a(work.c.obj)
                0x000000000000acc8                k_work_reschedule
 .text.sliceable
                0x000000000000acd4       0x3c zephyr/kernel/libkernel.a(sched.c.obj)
 .text.slice_timeout
                0x000000000000ad10       0x20 zephyr/kernel/libkernel.a(sched.c.obj)
 .text.z_reset_time_slice
                0x000000000000ad30       0x50 zephyr/kernel/libkernel.a(sched.c.obj)
                0x000000000000ad30                z_reset_time_slice
 .text.update_cache
                0x000000000000ad80       0x3c zephyr/kernel/libkernel.a(sched.c.obj)
 .text.move_thread_to_end_of_prio_q
                0x000000000000adbc       0x74 zephyr/kernel/libkernel.a(sched.c.obj)
 .text.ready_thread
                0x000000000000ae30       0x68 zephyr/kernel/libkernel.a(sched.c.obj)
 .text.unready_thread
                0x000000000000ae98       0x30 zephyr/kernel/libkernel.a(sched.c.obj)
 .text.pend_locked
                0x000000000000aec8       0x30 zephyr/kernel/libkernel.a(sched.c.obj)
 .text.z_time_slice
                0x000000000000aef8       0x60 zephyr/kernel/libkernel.a(sched.c.obj)
                0x000000000000aef8                z_time_slice
 .text.z_pend_curr
                0x000000000000af58       0x3c zephyr/kernel/libkernel.a(sched.c.obj)
                0x000000000000af58                z_pend_curr
 .text.z_set_prio
                0x000000000000af94       0x8c zephyr/kernel/libkernel.a(sched.c.obj)
                0x000000000000af94                z_set_prio
 .text.z_reschedule
                0x000000000000b020       0x24 zephyr/kernel/libkernel.a(sched.c.obj)
                0x000000000000b020                z_reschedule
 .text.z_sched_start
                0x000000000000b044       0x3c zephyr/kernel/libkernel.a(sched.c.obj)
                0x000000000000b044                z_sched_start
 .text.z_impl_k_thread_suspend
                0x000000000000b080       0x64 zephyr/kernel/libkernel.a(sched.c.obj)
                0x000000000000b080                z_impl_k_thread_suspend
 .text.k_sched_lock
                0x000000000000b0e4       0x28 zephyr/kernel/libkernel.a(sched.c.obj)
                0x000000000000b0e4                k_sched_lock
 .text.k_sched_unlock
                0x000000000000b10c       0x38 zephyr/kernel/libkernel.a(sched.c.obj)
                0x000000000000b10c                k_sched_unlock
 .text.z_sched_init
                0x000000000000b144       0x10 zephyr/kernel/libkernel.a(sched.c.obj)
                0x000000000000b144                z_sched_init
 .text.z_impl_k_yield
                0x000000000000b154       0x7c zephyr/kernel/libkernel.a(sched.c.obj)
                0x000000000000b154                z_impl_k_yield
 .text.z_tick_sleep
                0x000000000000b1d0       0x88 zephyr/kernel/libkernel.a(sched.c.obj)
 .text.z_impl_k_sleep
                0x000000000000b258       0x34 zephyr/kernel/libkernel.a(sched.c.obj)
                0x000000000000b258                z_impl_k_sleep
 .text.z_impl_z_current_get
                0x000000000000b28c        0xc zephyr/kernel/libkernel.a(sched.c.obj)
                0x000000000000b28c                z_impl_z_current_get
 .text.z_thread_abort
                0x000000000000b298       0xc0 zephyr/kernel/libkernel.a(sched.c.obj)
                0x000000000000b298                z_thread_abort
 .text.z_sched_wait
                0x000000000000b358       0x24 zephyr/kernel/libkernel.a(sched.c.obj)
                0x000000000000b358                z_sched_wait
 .text.z_data_copy
                0x000000000000b37c       0x34 zephyr/kernel/libkernel.a(xip.c.obj)
                0x000000000000b37c                z_data_copy
 .text.elapsed  0x000000000000b3b0       0x14 zephyr/kernel/libkernel.a(timeout.c.obj)
 .text.next_timeout
                0x000000000000b3c4       0x40 zephyr/kernel/libkernel.a(timeout.c.obj)
 .text.remove_timeout
                0x000000000000b404       0x38 zephyr/kernel/libkernel.a(timeout.c.obj)
 .text.z_add_timeout
                0x000000000000b43c       0xec zephyr/kernel/libkernel.a(timeout.c.obj)
                0x000000000000b43c                z_add_timeout
 .text.sys_clock_announce
                0x000000000000b528       0xd4 zephyr/kernel/libkernel.a(timeout.c.obj)
                0x000000000000b528                sys_clock_announce
 .text.sys_clock_tick_get
                0x000000000000b5fc       0x34 zephyr/kernel/libkernel.a(timeout.c.obj)
                0x000000000000b5fc                sys_clock_tick_get
 .text.z_timer_expiration_handler
                0x000000000000b630       0xe4 zephyr/kernel/libkernel.a(timer.c.obj)
                0x000000000000b630                z_timer_expiration_handler
 .text.z_impl_k_timer_start
                0x000000000000b714       0x60 zephyr/kernel/libkernel.a(timer.c.obj)
                0x000000000000b714                z_impl_k_timer_start
 .text.z_impl_k_poll
                0x000000000000b774       0xb8 zephyr/kernel/libkernel.a(poll.c.obj)
                0x000000000000b774                z_impl_k_poll
 .text.z_impl_k_poll_signal_raise
                0x000000000000b82c       0x50 zephyr/kernel/libkernel.a(poll.c.obj)
                0x000000000000b82c                z_impl_k_poll_signal_raise
 .text.k_aligned_alloc
                0x000000000000b87c       0x10 zephyr/kernel/libkernel.a(mempool.c.obj)
                0x000000000000b87c                k_aligned_alloc
 .text.k_thread_system_pool_assign
                0x000000000000b88c        0xc zephyr/kernel/libkernel.a(mempool.c.obj)
                0x000000000000b88c                k_thread_system_pool_assign
 .text.z_thread_aligned_alloc
                0x000000000000b898       0x30 zephyr/kernel/libkernel.a(mempool.c.obj)
                0x000000000000b898                z_thread_aligned_alloc
 .text.boot_banner
                0x000000000000b8c8        0xc zephyr/kernel/libkernel.a(banner.c.obj)
                0x000000000000b8c8                boot_banner
 .text.nrf_cc3xx_platform_init_no_rng
                0x000000000000b8d4       0x38 C:/ncs/v2.5.2/nrfxlib/crypto/nrf_cc312_platform/lib/cortex-m33/soft-float/no-interrupts/libnrf_cc312_platform_0.9.18.a(nrf_cc3xx_platform.c.obj)
                0x000000000000b8d4                nrf_cc3xx_platform_init_no_rng
 .text.nrf_cc3xx_platform_abort
                0x000000000000b90c       0x24 C:/ncs/v2.5.2/nrfxlib/crypto/nrf_cc312_platform/lib/cortex-m33/soft-float/no-interrupts/libnrf_cc312_platform_0.9.18.a(nrf_cc3xx_platform_abort.c.obj)
 .text.CC_PalAbort
                0x000000000000b930       0x44 C:/ncs/v2.5.2/nrfxlib/crypto/nrf_cc312_platform/lib/cortex-m33/soft-float/no-interrupts/libnrf_cc312_platform_0.9.18.a(nrf_cc3xx_platform_abort.c.obj)
                0x000000000000b930                CC_PalAbort
 .text.nrf_cc3xx_platform_set_abort
                0x000000000000b974       0x10 C:/ncs/v2.5.2/nrfxlib/crypto/nrf_cc312_platform/lib/cortex-m33/soft-float/no-interrupts/libnrf_cc312_platform_0.9.18.a(nrf_cc3xx_platform_abort.c.obj)
                0x000000000000b974                nrf_cc3xx_platform_set_abort
 .text.mutex_free
                0x000000000000b984       0x34 C:/ncs/v2.5.2/nrfxlib/crypto/nrf_cc312_platform/lib/cortex-m33/soft-float/no-interrupts/libnrf_cc312_platform_0.9.18.a(nrf_cc3xx_platform_mutex.c.obj)
 .text.mutex_lock
                0x000000000000b9b8       0x48 C:/ncs/v2.5.2/nrfxlib/crypto/nrf_cc312_platform/lib/cortex-m33/soft-float/no-interrupts/libnrf_cc312_platform_0.9.18.a(nrf_cc3xx_platform_mutex.c.obj)
 .text.mutex_unlock
                0x000000000000ba00       0x38 C:/ncs/v2.5.2/nrfxlib/crypto/nrf_cc312_platform/lib/cortex-m33/soft-float/no-interrupts/libnrf_cc312_platform_0.9.18.a(nrf_cc3xx_platform_mutex.c.obj)
 .text.mutex_init
                0x000000000000ba38       0x20 C:/ncs/v2.5.2/nrfxlib/crypto/nrf_cc312_platform/lib/cortex-m33/soft-float/no-interrupts/libnrf_cc312_platform_0.9.18.a(nrf_cc3xx_platform_mutex.c.obj)
 .text.nrf_cc3xx_platform_set_mutexes
                0x000000000000ba58       0x78 C:/ncs/v2.5.2/nrfxlib/crypto/nrf_cc312_platform/lib/cortex-m33/soft-float/no-interrupts/libnrf_cc312_platform_0.9.18.a(nrf_cc3xx_platform_mutex.c.obj)
                0x000000000000ba58                nrf_cc3xx_platform_set_mutexes
 .text.CC_LibInitNoRng
                0x000000000000bad0       0x28 C:/ncs/v2.5.2/nrfxlib/crypto/nrf_cc312_platform/lib/cortex-m33/soft-float/no-interrupts/libnrf_cc312_platform_0.9.18.a(cc_lib.c.obj)
                0x000000000000bad0                CC_LibInitNoRng
 .text.CC_HalInit
                0x000000000000baf8        0x4 C:/ncs/v2.5.2/nrfxlib/crypto/nrf_cc312_platform/lib/cortex-m33/soft-float/no-interrupts/libnrf_cc312_platform_0.9.18.a(cc_hal.c.obj)
                0x000000000000baf8                CC_HalInit
 .text.CC_PalInit
                0x000000000000bafc       0x5c C:/ncs/v2.5.2/nrfxlib/crypto/nrf_cc312_platform/lib/cortex-m33/soft-float/no-interrupts/libnrf_cc312_platform_0.9.18.a(cc_pal.c.obj)
                0x000000000000bafc                CC_PalInit
 .text.CC_PalTerminate
                0x000000000000bb58       0x34 C:/ncs/v2.5.2/nrfxlib/crypto/nrf_cc312_platform/lib/cortex-m33/soft-float/no-interrupts/libnrf_cc312_platform_0.9.18.a(cc_pal.c.obj)
                0x000000000000bb58                CC_PalTerminate
 .text.CC_PalDmaInit
                0x000000000000bb8c        0x4 C:/ncs/v2.5.2/nrfxlib/crypto/nrf_cc312_platform/lib/cortex-m33/soft-float/no-interrupts/libnrf_cc312_platform_0.9.18.a(cc_pal_dma.c.obj)
                0x000000000000bb8c                CC_PalDmaInit
 .text.CC_PalDmaTerminate
                0x000000000000bb90        0x4 C:/ncs/v2.5.2/nrfxlib/crypto/nrf_cc312_platform/lib/cortex-m33/soft-float/no-interrupts/libnrf_cc312_platform_0.9.18.a(cc_pal_dma.c.obj)
                0x000000000000bb90                CC_PalDmaTerminate
 .text.CC_PalMutexCreate
                0x000000000000bb94       0x14 C:/ncs/v2.5.2/nrfxlib/crypto/nrf_cc312_platform/lib/cortex-m33/soft-float/no-interrupts/libnrf_cc312_platform_0.9.18.a(cc_pal_mutex.c.obj)
                0x000000000000bb94                CC_PalMutexCreate
 .text.CC_PalMutexDestroy
                0x000000000000bba8       0x14 C:/ncs/v2.5.2/nrfxlib/crypto/nrf_cc312_platform/lib/cortex-m33/soft-float/no-interrupts/libnrf_cc312_platform_0.9.18.a(cc_pal_mutex.c.obj)
                0x000000000000bba8                CC_PalMutexDestroy
 .text.CC_PalPowerSaveModeInit
                0x000000000000bbbc       0x3c C:/ncs/v2.5.2/nrfxlib/crypto/nrf_cc312_platform/lib/cortex-m33/soft-float/no-interrupts/libnrf_cc312_platform_0.9.18.a(cc_pal_pm.c.obj)
                0x000000000000bbbc                CC_PalPowerSaveModeInit
 .text.snprintf
                0x000000000000bbf8       0x58 c:\ncs\toolchains\c57af46cb7\opt\zephyr-sdk\arm-zephyr-eabi\bin\../lib/gcc/../../picolibc/arm-zephyr-eabi/lib/thumb/v8-m.main/nofp\libc.a(libc_tinystdio_snprintf.c.o)
                0x000000000000bbf8                snprintf
 .text.sprintf  0x000000000000bc50       0x50 c:\ncs\toolchains\c57af46cb7\opt\zephyr-sdk\arm-zephyr-eabi\bin\../lib/gcc/../../picolibc/arm-zephyr-eabi/lib/thumb/v8-m.main/nofp\libc.a(libc_tinystdio_sprintf.c.o)
                0x000000000000bc50                sprintf
 .text.skip_to_arg
                0x000000000000bca0      0x134 c:\ncs\toolchains\c57af46cb7\opt\zephyr-sdk\arm-zephyr-eabi\bin\../lib/gcc/../../picolibc/arm-zephyr-eabi/lib/thumb/v8-m.main/nofp\libc.a(libc_tinystdio_vfprintf.c.o)
 .text.vfprintf
                0x000000000000bdd4      0xb9c c:\ncs\toolchains\c57af46cb7\opt\zephyr-sdk\arm-zephyr-eabi\bin\../lib/gcc/../../picolibc/arm-zephyr-eabi/lib/thumb/v8-m.main/nofp\libc.a(libc_tinystdio_vfprintf.c.o)
                0x000000000000bdd4                __d_vfprintf
 .text.div10    0x000000000000c970       0x28 c:\ncs\toolchains\c57af46cb7\opt\zephyr-sdk\arm-zephyr-eabi\bin\../lib/gcc/../../picolibc/arm-zephyr-eabi/lib/thumb/v8-m.main/nofp\libc.a(libc_tinystdio_dtoa_ryu.c.o)
 .text.__dtoa_engine
                0x000000000000c998      0x4ac c:\ncs\toolchains\c57af46cb7\opt\zephyr-sdk\arm-zephyr-eabi\bin\../lib/gcc/../../picolibc/arm-zephyr-eabi/lib/thumb/v8-m.main/nofp\libc.a(libc_tinystdio_dtoa_ryu.c.o)
                0x000000000000c998                __dtoa_engine
 .text.__pow5Factor
                0x000000000000ce44       0x30 c:\ncs\toolchains\c57af46cb7\opt\zephyr-sdk\arm-zephyr-eabi\bin\../lib/gcc/../../picolibc/arm-zephyr-eabi/lib/thumb/v8-m.main/nofp\libc.a(libc_tinystdio_ryu_table.c.o)
                0x000000000000ce44                __pow5Factor
 .text.__double_computePow5
                0x000000000000ce74       0xe4 c:\ncs\toolchains\c57af46cb7\opt\zephyr-sdk\arm-zephyr-eabi\bin\../lib/gcc/../../picolibc/arm-zephyr-eabi/lib/thumb/v8-m.main/nofp\libc.a(libc_tinystdio_ryu_table.c.o)
                0x000000000000ce74                __double_computePow5
 .text.__double_computeInvPow5
                0x000000000000cf58       0xf8 c:\ncs\toolchains\c57af46cb7\opt\zephyr-sdk\arm-zephyr-eabi\bin\../lib/gcc/../../picolibc/arm-zephyr-eabi/lib/thumb/v8-m.main/nofp\libc.a(libc_tinystdio_ryu_table.c.o)
                0x000000000000cf58                __double_computeInvPow5
 .text.__log10Pow2
                0x000000000000d050        0xc c:\ncs\toolchains\c57af46cb7\opt\zephyr-sdk\arm-zephyr-eabi\bin\../lib/gcc/../../picolibc/arm-zephyr-eabi/lib/thumb/v8-m.main/nofp\libc.a(libc_tinystdio_ryu_log10.c.o)
                0x000000000000d050                __log10Pow2
 .text.__log10Pow5
                0x000000000000d05c        0xc c:\ncs\toolchains\c57af46cb7\opt\zephyr-sdk\arm-zephyr-eabi\bin\../lib/gcc/../../picolibc/arm-zephyr-eabi/lib/thumb/v8-m.main/nofp\libc.a(libc_tinystdio_ryu_log10.c.o)
                0x000000000000d05c                __log10Pow5
 .text.__pow5bits
                0x000000000000d068       0x10 c:\ncs\toolchains\c57af46cb7\opt\zephyr-sdk\arm-zephyr-eabi\bin\../lib/gcc/../../picolibc/arm-zephyr-eabi/lib/thumb/v8-m.main/nofp\libc.a(libc_tinystdio_ryu_pow5bits.c.o)
                0x000000000000d068                __pow5bits
 .text.i2c_transfer
                0x000000000000d078        0xc app/libapp.a(main.c.obj)
 .text.k_uptime_get_32
                0x000000000000d084       0x1a app/libapp.a(main.c.obj)
 .text.k_msleep.isra.0
                0x000000000000d09e       0x26 app/libapp.a(main.c.obj)
 .text.writeRegister8
                0x000000000000d0c4       0x18 app/libapp.a(main.c.obj)
                0x000000000000d0c4                writeRegister8
 .text.setPulseAmplitudeRed
                0x000000000000d0dc        0x8 app/libapp.a(main.c.obj)
                0x000000000000d0dc                setPulseAmplitudeRed
 .text.setPulseAmplitudeIR
                0x000000000000d0e4        0x8 app/libapp.a(main.c.obj)
                0x000000000000d0e4                setPulseAmplitudeIR
 .text.setPulseAmplitudeGreen
                0x000000000000d0ec        0x8 app/libapp.a(main.c.obj)
                0x000000000000d0ec                setPulseAmplitudeGreen
 .text.setPulseAmplitudeProximity
                0x000000000000d0f4        0x8 app/libapp.a(main.c.obj)
                0x000000000000d0f4                setPulseAmplitudeProximity
 .text.clearFIFO
                0x000000000000d0fc       0x1e app/libapp.a(main.c.obj)
                0x000000000000d0fc                clearFIFO
 .text.bitMask  0x000000000000d11a       0x1c app/libapp.a(main.c.obj)
                0x000000000000d11a                bitMask
 .text.setFIFOAverage
                0x000000000000d136        0xa app/libapp.a(main.c.obj)
                0x000000000000d136                setFIFOAverage
 .text.enableFIFORollover
                0x000000000000d140        0xa app/libapp.a(main.c.obj)
                0x000000000000d140                enableFIFORollover
 .text.setLEDMode
                0x000000000000d14a        0xa app/libapp.a(main.c.obj)
                0x000000000000d14a                setLEDMode
 .text.setADCRange
                0x000000000000d154        0xa app/libapp.a(main.c.obj)
                0x000000000000d154                setADCRange
 .text.setSampleRate
                0x000000000000d15e        0xa app/libapp.a(main.c.obj)
                0x000000000000d15e                setSampleRate
 .text.setPulseWidth
                0x000000000000d168        0xa app/libapp.a(main.c.obj)
                0x000000000000d168                setPulseWidth
 .text.enableSlot
                0x000000000000d172       0x34 app/libapp.a(main.c.obj)
                0x000000000000d172                enableSlot
 .text.softReset
                0x000000000000d1a6       0x30 app/libapp.a(main.c.obj)
                0x000000000000d1a6                softReset
 .text.max30102_Begin
                0x000000000000d1d6       0x12 app/libapp.a(main.c.obj)
                0x000000000000d1d6                max30102_Begin
 .text.getReadPointer
                0x000000000000d1e8        0x6 app/libapp.a(main.c.obj)
                0x000000000000d1e8                getReadPointer
 .text.getWritePointer
                0x000000000000d1ee        0x6 app/libapp.a(main.c.obj)
                0x000000000000d1ee                getWritePointer
 .text.safeCheck
                0x000000000000d1f4       0x20 app/libapp.a(main.c.obj)
                0x000000000000d1f4                safeCheck
 .text.read_reg
                0x000000000000d214       0x14 app/libapp.a(main.c.obj)
 .text.set_reg  0x000000000000d228       0x38 app/libapp.a(main.c.obj)
 .text.bq25180_enable_battery_charging
                0x000000000000d260        0xe app/libapp.a(main.c.obj)
                0x000000000000d260                bq25180_enable_battery_charging
 .text.bq25180_set_battery_discharge_current
                0x000000000000d26e        0xc app/libapp.a(main.c.obj)
                0x000000000000d26e                bq25180_set_battery_discharge_current
 .text.bq25180_set_battery_under_voltage
                0x000000000000d27a       0x40 app/libapp.a(main.c.obj)
                0x000000000000d27a                bq25180_set_battery_under_voltage
 .text.bq25180_set_precharge_threshold
                0x000000000000d2ba       0x14 app/libapp.a(main.c.obj)
                0x000000000000d2ba                bq25180_set_precharge_threshold
 .text.bq25180_set_precharge_current
                0x000000000000d2ce        0xe app/libapp.a(main.c.obj)
                0x000000000000d2ce                bq25180_set_precharge_current
 .text.bq25180_set_fastcharge_current
                0x000000000000d2dc       0x24 app/libapp.a(main.c.obj)
                0x000000000000d2dc                bq25180_set_fastcharge_current
 .text.bq25180_enable_thermal_protection
                0x000000000000d300        0xc app/libapp.a(main.c.obj)