Archive member included to satisfy reference by file (symbol)

app/libapp.a(main.c.obj)      (--whole-archive)
app/libapp.a(my_lbs.c.obj)    (--whole-archive)
zephyr/libzephyr.a(cbprintf_packaged.c.obj)
                              (--whole-archive)
zephyr/libzephyr.a(dec.c.obj)
                              (--whole-archive)
zephyr/libzephyr.a(fdtable.c.obj)
                              (--whole-archive)
zephyr/libzephyr.a(hex.c.obj)
                              (--whole-archive)
zephyr/libzephyr.a(printk.c.obj)
                              (--whole-archive)
zephyr/libzephyr.a(rb.c.obj)  (--whole-archive)
zephyr/libzephyr.a(sem.c.obj)
                              (--whole-archive)
zephyr/libzephyr.a(thread_entry.c.obj)
                              (--whole-archive)
zephyr/libzephyr.a(timeutil.c.obj)
                              (--whole-archive)
zephyr/libzephyr.a(heap.c.obj)
                              (--whole-archive)
zephyr/libzephyr.a(heap-validate.c.obj)
                              (--whole-archive)
zephyr/libzephyr.a(bitarray.c.obj)
                              (--whole-archive)
zephyr/libzephyr.a(multi_heap.c.obj)
                              (--whole-archive)
zephyr/libzephyr.a(onoff.c.obj)
                              (--whole-archive)
zephyr/libzephyr.a(notify.c.obj)
                              (--whole-archive)
zephyr/libzephyr.a(cbprintf_complete.c.obj)
                              (--whole-archive)
zephyr/libzephyr.a(assert.c.obj)
                              (--whole-archive)
zephyr/libzephyr.a(reboot.c.obj)
                              (--whole-archive)
zephyr/libzephyr.a(configs.c.obj)
                              (--whole-archive)
zephyr/libzephyr.a(soc.c.obj)
                              (--whole-archive)
zephyr/libzephyr.a(soc_nrf_common.S.obj)
                              (--whole-archive)
zephyr/libzephyr.a(validate_base_addresses.c.obj)
                              (--whole-archive)
zephyr/libzephyr.a(validate_enabled_instances.c.obj)
                              (--whole-archive)
zephyr/libzephyr.a(ipc_service.c.obj)
                              (--whole-archive)
zephyr/libzephyr.a(ipc_rpmsg_static_vrings.c.obj)
                              (--whole-archive)
zephyr/libzephyr.a(ipc_rpmsg.c.obj)
                              (--whole-archive)
zephyr/libzephyr.a(ipc_static_vrings.c.obj)
                              (--whole-archive)
zephyr/libzephyr.a(device.c.obj)
                              (--whole-archive)
zephyr/libzephyr.a(tracing_none.c.obj)
                              (--whole-archive)
zephyr/libzephyr.a(addr_utils.c.obj)
                              (--whole-archive)
zephyr/libzephyr.a(flash_map_partition_manager.c.obj)
                              (--whole-archive)
zephyr/libzephyr.a(utils.c.obj)
                              (--whole-archive)
zephyr/libzephyr.a(aes_decrypt.c.obj)
                              (--whole-archive)
zephyr/libzephyr.a(aes_encrypt.c.obj)
                              (--whole-archive)
zephyr/libzephyr.a(cmac_mode.c.obj)
                              (--whole-archive)
zephyr/libzephyr.a(sha256.c.obj)
                              (--whole-archive)
zephyr/libzephyr.a(hmac.c.obj)
                              (--whole-archive)
zephyr/libzephyr.a(hmac_prng.c.obj)
                              (--whole-archive)
zephyr/libzephyr.a(nrf_cc3xx_platform_abort_zephyr.c.obj)
                              (--whole-archive)
zephyr/libzephyr.a(nrf_cc3xx_platform_mutex_zephyr.c.obj)
                              (--whole-archive)
zephyr/arch/common/libarch__common.a(sw_isr_common.c.obj)
                              (--whole-archive)
zephyr/arch/arch/arm/core/aarch32/libarch__arm__core__aarch32.a(cpu_idle.S.obj)
                              (--whole-archive)
zephyr/arch/arch/arm/core/aarch32/libarch__arm__core__aarch32.a(fatal.c.obj)
                              (--whole-archive)
zephyr/arch/arch/arm/core/aarch32/libarch__arm__core__aarch32.a(irq_manage.c.obj)
                              (--whole-archive)
zephyr/arch/arch/arm/core/aarch32/libarch__arm__core__aarch32.a(nmi.c.obj)
                              (--whole-archive)
zephyr/arch/arch/arm/core/aarch32/libarch__arm__core__aarch32.a(nmi_on_reset.S.obj)
                              (--whole-archive)
zephyr/arch/arch/arm/core/aarch32/libarch__arm__core__aarch32.a(prep_c.c.obj)
                              (--whole-archive)
zephyr/arch/arch/arm/core/aarch32/libarch__arm__core__aarch32.a(swap.c.obj)
                              (--whole-archive)
zephyr/arch/arch/arm/core/aarch32/libarch__arm__core__aarch32.a(swap_helper.S.obj)
                              (--whole-archive)
zephyr/arch/arch/arm/core/aarch32/libarch__arm__core__aarch32.a(thread.c.obj)
                              (--whole-archive)
zephyr/arch/arch/arm/core/aarch32/libarch__arm__core__aarch32.a(isr_wrapper.S.obj)
                              (--whole-archive)
[...]
Memory Configuration

Name             Origin             Length             Attributes
FLASH            0x0000000000000000 0x0000000000100000 xr
RAM              0x0000000020000000 0x0000000000070000 xw
IDT_LIST         0x00000000fffff7ff 0x0000000000000800 xw
*default*        0x0000000000000000 0xffffffffffffffff

Linker script and memory map

                0x000000000000d5a4                vfprintf = __d_vfprintf
                0x0000000000000000                vfscanf = __d_vfscanf
LOAD zephyr/CMakeFiles/zephyr_pre0.dir/misc/empty_file.c.obj
LOAD app/libapp.a
LOAD zephyr/libzephyr.a
LOAD zephyr/arch/common/libarch__common.a
LOAD zephyr/arch/arch/arm/core/aarch32/libarch__arm__core__aarch32.a
LOAD zephyr/arch/arch/arm/core/aarch32/cortex_m/libarch__arm__core__aarch32__cortex_m.a
LOAD zephyr/arch/arch/arm/core/aarch32/cortex_m/cmse/libarch__arm__core__aarch32__cortex_m__cmse.a
LOAD zephyr/arch/arch/arm/core/aarch32/mpu/libarch__arm__core__aarch32__mpu.a
LOAD zephyr/lib/libc/picolibc/liblib__libc__picolibc.a
LOAD zephyr/lib/libc/common/liblib__libc__common.a
LOAD zephyr/soc/soc/arm/common/cortex_m/libsoc__arm__common__cortex_m.a
LOAD zephyr/boards/boards/arm/ubx_evknorab10_nrf5340_cpuapp/libboards__arm__ubx_evknorab10_nrf5340.a
LOAD zephyr/subsys/bluetooth/common/libsubsys__bluetooth__common.a
LOAD zephyr/subsys/bluetooth/host/libsubsys__bluetooth__host.a
LOAD zephyr/subsys/bluetooth/crypto/libsubsys__bluetooth__crypto.a
LOAD zephyr/subsys/net/libsubsys__net.a
LOAD zephyr/drivers/adc/libdrivers__adc.a
LOAD zephyr/drivers/bluetooth/libdrivers__bluetooth.a
LOAD zephyr/drivers/clock_control/libdrivers__clock_control.a
LOAD zephyr/drivers/console/libdrivers__console.a
LOAD zephyr/drivers/gpio/libdrivers__gpio.a
LOAD zephyr/drivers/i2c/libdrivers__i2c.a
LOAD zephyr/drivers/mbox/libdrivers__mbox.a
LOAD zephyr/drivers/pinctrl/libdrivers__pinctrl.a
LOAD zephyr/drivers/ptp_clock/libdrivers__ptp_clock.a
LOAD zephyr/drivers/serial/libdrivers__serial.a
LOAD zephyr/drivers/timer/libdrivers__timer.a
LOAD modules/nrf/lib/dk_buttons_and_leds/lib..__nrf__lib__dk_buttons_and_leds.a
LOAD modules/nrf/lib/fatal_error/lib..__nrf__lib__fatal_error.a
LOAD modules/nrf/drivers/hw_cc310/lib..__nrf__drivers__hw_cc310.a
LOAD modules/hal_nordic/nrfx/libmodules__hal_nordic__nrfx.a
LOAD modules/libmetal/libmetal/lib/libmetal.a
LOAD modules/open-amp/open-amp/lib/libopen_amp.a
LOAD zephyr/kernel/libkernel.a
LOAD zephyr/CMakeFiles/offsets.dir/./arch/arm/core/offsets/offsets.c.obj
LOAD c:/ncs/toolchains/c57af46cb7/opt/zephyr-sdk/arm-zephyr-eabi/bin/../lib/gcc/arm-zephyr-eabi/12.2.0/thumb/v8-m.main/nofp\libgcc.a
LOAD zephyr/arch/common/libisr_tables.a
LOAD C:/ncs/v2.5.2/nrfxlib/crypto/nrf_cc312_platform/lib/cortex-m33/soft-float/no-interrupts/libnrf_cc312_platform_0.9.18.a
LOAD c:\ncs\toolchains\c57af46cb7\opt\zephyr-sdk\arm-zephyr-eabi\bin\../lib/gcc/../../picolibc/arm-zephyr-eabi/lib/thumb/v8-m.main/nofp\libc.a
LOAD c:/ncs/toolchains/c57af46cb7/opt/zephyr-sdk/arm-zephyr-eabi/bin/../lib/gcc/arm-zephyr-eabi/12.2.0/thumb/v8-m.main/nofp\libgcc.a
                0x0000000000000020                _region_min_align = 0x20

.rel.plt        0x0000000000000000        0x0
 *(SORT_BY_ALIGNMENT(.rel.plt))
                [!provide]                        PROVIDE (__rel_iplt_start = .)
 *(SORT_BY_ALIGNMENT(.rel.iplt))
 .rel.iplt      0x0000000000000000        0x0 app/libapp.a(main.c.obj)
                [!provide]                        PROVIDE (__rel_iplt_end = .)

.rela.plt       0x0000000000000000        0x0
 *(SORT_BY_ALIGNMENT(.rela.plt))
                [!provide]                        PROVIDE (__rela_iplt_start = .)
 *(SORT_BY_ALIGNMENT(.rela.iplt))
                [!provide]                        PROVIDE (__rela_iplt_end = .)

.rel.dyn
 *(SORT_BY_ALIGNMENT(.rel.*))

.rela.dyn
 *(SORT_BY_ALIGNMENT(.rela.*))

/DISCARD/
 *(SORT_BY_ALIGNMENT(.plt))

/DISCARD/
 *(SORT_BY_ALIGNMENT(.iplt))
                0x0000000000000000                __rom_region_start = 0x0

rom_start       0x0000000000000000      0x154
                0x0000000000000000                __rom_start_address = .
                0x0000000000000000                . = (. + (0x0 - (. - __rom_start_address)))
                0x0000000000000000                . = ALIGN (0x4)
                0x0000000000000000                . = ALIGN (0x80)
                0x0000000000000000                . = ALIGN (0x200)
                0x0000000000000000                _vector_start = .
 *(SORT_BY_ALIGNMENT(.exc_vector_table))
 *(SORT_BY_ALIGNMENT(.exc_vector_table.*))
 .exc_vector_table._vector_table_section
                0x0000000000000000       0x40 zephyr/arch/arch/arm/core/aarch32/cortex_m/libarch__arm__core__aarch32__cortex_m.a(vector_table.S.obj)
                0x0000000000000000                _vector_table
 *(SORT_BY_ALIGNMENT(.vectors))
                0x0000000000000154                _vector_end = .
                0x0000000000000040                . = ALIGN (0x4)
 *(SORT_BY_ALIGNMENT(.gnu.linkonce.irq_vector_table*))
 .gnu.linkonce.irq_vector_table
                0x0000000000000040      0x114 zephyr/arch/common/libisr_tables.a(isr_tables.c.obj)
                0x0000000000000040                _irq_vector_table
                0x0000000000000154                _vector_end = .

text            0x0000000000000158    0x15678
                0x0000000000000158                __text_region_start = .
 *(SORT_BY_ALIGNMENT(.text))
 .text          0x0000000000000158      0x168 c:/ncs/toolchains/c57af46cb7/opt/zephyr-sdk/arm-zephyr-eabi/bin/../lib/gcc/arm-zephyr-eabi/12.2.0/thumb/v8-m.main/nofp\libgcc.a(_arm_mulsf3.o)
                0x0000000000000158                __aeabi_fmul
                0x0000000000000158                __mulsf3
 .text          0x00000000000002c0      0x378 c:/ncs/toolchains/c57af46cb7/opt/zephyr-sdk/arm-zephyr-eabi/bin/../lib/gcc/arm-zephyr-eabi/12.2.0/thumb/v8-m.main/nofp\libgcc.a(_arm_addsubdf3.o)
                0x00000000000002c0                __aeabi_drsub
                0x00000000000002c8                __aeabi_dsub
                0x00000000000002c8                __subdf3
                0x00000000000002cc                __aeabi_dadd
                0x00000000000002cc                __adddf3
                0x0000000000000544                __floatunsidf
                0x0000000000000544                __aeabi_ui2d
                0x0000000000000564                __floatsidf
                0x0000000000000564                __aeabi_i2d
                0x0000000000000588                __aeabi_f2d
                0x0000000000000588                __extendsfdf2
                0x00000000000005cc                __floatundidf
                0x00000000000005cc                __aeabi_ul2d
                0x00000000000005dc                __floatdidf
                0x00000000000005dc                __aeabi_l2d
 .text          0x0000000000000638      0x424 c:/ncs/toolchains/c57af46cb7/opt/zephyr-sdk/arm-zephyr-eabi/bin/../lib/gcc/arm-zephyr-eabi/12.2.0/thumb/v8-m.main/nofp\libgcc.a(_arm_muldivdf3.o)
                0x0000000000000638                __aeabi_dmul
                0x0000000000000638                __muldf3
                0x000000000000088c                __divdf3
                0x000000000000088c                __aeabi_ddiv
 .text          0x0000000000000a5c       0xa0 c:/ncs/toolchains/c57af46cb7/opt/zephyr-sdk/arm-zephyr-eabi/bin/../lib/gcc/arm-zephyr-eabi/12.2.0/thumb/v8-m.main/nofp\libgcc.a(_arm_truncdfsf2.o)
                0x0000000000000a5c                __truncdfsf2
                0x0000000000000a5c                __aeabi_d2f
 .text          0x0000000000000afc      0x21c c:/ncs/toolchains/c57af46cb7/opt/zephyr-sdk/arm-zephyr-eabi/bin/../lib/gcc/arm-zephyr-eabi/12.2.0/thumb/v8-m.main/nofp\libgcc.a(_arm_addsubsf3.o)
                0x0000000000000afc                __aeabi_frsub
                0x0000000000000b04                __subsf3
                0x0000000000000b04                __aeabi_fsub
                0x0000000000000b08                __aeabi_fadd
                0x0000000000000b08                __addsf3
                0x0000000000000c68                __aeabi_ui2f
                0x0000000000000c68                __floatunsisf
                0x0000000000000c70                __aeabi_i2f
                0x0000000000000c70                __floatsisf
                0x0000000000000c8c                __aeabi_ul2f
                0x0000000000000c8c                __floatundisf
                0x0000000000000c9c                __aeabi_l2f
                0x0000000000000c9c                __floatdisf
 .text          0x0000000000000d18       0x30 c:/ncs/toolchains/c57af46cb7/opt/zephyr-sdk/arm-zephyr-eabi/bin/../lib/gcc/arm-zephyr-eabi/12.2.0/thumb/v8-m.main/nofp\libgcc.a(_aeabi_uldivmod.o)
                0x0000000000000d18                __aeabi_uldivmod
 .text          0x0000000000000d48        0x4 c:/ncs/toolchains/c57af46cb7/opt/zephyr-sdk/arm-zephyr-eabi/bin/../lib/gcc/arm-zephyr-eabi/12.2.0/thumb/v8-m.main/nofp\libgcc.a(_dvmd_tls.o)
                0x0000000000000d48                __aeabi_idiv0
                0x0000000000000d48                __aeabi_ldiv0
 .text          0x0000000000000d4c      0x29c c:/ncs/toolchains/c57af46cb7/opt/zephyr-sdk/arm-zephyr-eabi/bin/../lib/gcc/arm-zephyr-eabi/12.2.0/thumb/v8-m.main/nofp\libgcc.a(_udivmoddi4.o)
                0x0000000000000d4c                __udivmoddi4
 .text          0x0000000000000fe8       0x14 c:\ncs\toolchains\c57af46cb7\opt\zephyr-sdk\arm-zephyr-eabi\bin\../lib/gcc/../../picolibc/arm-zephyr-eabi/lib/thumb/v8-m.main/nofp\libc.a(strcmp.S.o)
                0x0000000000000fe8                strcmp
 .text          0x0000000000000ffc       0x10 c:\ncs\toolchains\c57af46cb7\opt\zephyr-sdk\arm-zephyr-eabi\bin\../lib/gcc/../../picolibc/arm-zephyr-eabi/lib/thumb/v8-m.main/nofp\libc.a(strcpy.S.o)
                0x0000000000000ffc                strcpy
 .text          0x000000000000100c       0x10 c:\ncs\toolchains\c57af46cb7\opt\zephyr-sdk\arm-zephyr-eabi\bin\../lib/gcc/../../picolibc/arm-zephyr-eabi/lib/thumb/v8-m.main/nofp\libc.a(strlen.S.o)
                0x000000000000100c                strlen
 *(SORT_BY_ALIGNMENT(.text.*))
 *fill*         0x000000000000101c        0x4 
 .text.send_data_thread
                0x0000000000001020       0xf4 app/libapp.a(main.c.obj)
                0x0000000000001020                send_data_thread
 *fill*         0x0000000000001114        0x4 
 .text.bt_init  0x0000000000001118      0x404 zephyr/subsys/bluetooth/host/libsubsys__bluetooth__host.a(hci_core.c.obj)
 .text.on_le_data_len_updated
                0x000000000000151c       0x1c app/libapp.a(main.c.obj)
                0x000000000000151c                on_le_data_len_updated
 .text.on_disconnected
                0x0000000000001538       0x18 app/libapp.a(main.c.obj)
 .text.pairing_confirm
                0x0000000000001550       0x18 app/libapp.a(main.c.obj)
 .text.on_connected
                0x0000000000001568       0x70 app/libapp.a(main.c.obj)
 .text.exchange_func
                0x00000000000015d8       0x38 app/libapp.a(main.c.obj)
 .text.begining_thread
                0x0000000000001610       0xbc app/libapp.a(main.c.obj)
                0x0000000000001610                begining_thread
 .text.read_callback
                0x00000000000016cc       0x28 app/libapp.a(my_lbs.c.obj)
 .text.tcc_init
                0x00000000000016f4       0x10 app/libapp.a(my_lbs.c.obj)
                0x00000000000016f4                tcc_init
 .text.sensors_notify
                0x0000000000001704       0x3c app/libapp.a(my_lbs.c.obj)
                0x0000000000001704                sensors_notify
 .text.char_out
                0x0000000000001740        0xc zephyr/libzephyr.a(printk.c.obj)
 .text.__printk_hook_install
                0x000000000000174c        0xc zephyr/libzephyr.a(printk.c.obj)
                0x000000000000174c                __printk_hook_install
 .text.vprintk  0x0000000000001758       0x30 zephyr/libzephyr.a(printk.c.obj)
                0x0000000000001758                vprintk
 .text.z_thread_entry
                0x0000000000001788       0x34 zephyr/libzephyr.a(thread_entry.c.obj)
                0x0000000000001788                z_thread_entry
 .text.process_event
                0x00000000000017bc      0x21c zephyr/libzephyr.a(onoff.c.obj)
 .text.sys_reboot
                0x00000000000019d8       0x30 zephyr/libzephyr.a(reboot.c.obj)
                0x00000000000019d8                sys_reboot
 .text.nrf_gpio_pin_control_select
                0x0000000000001a08       0x3c zephyr/libzephyr.a(soc.c.obj)
 .text.nordicsemi_nrf53_init
                0x0000000000001a44       0x5c zephyr/libzephyr.a(soc.c.obj)
 .text.rtc_pretick_init
                0x0000000000001aa0       0x60 zephyr/libzephyr.a(soc.c.obj)
 .text.z_arm_on_enter_cpu_idle
                0x0000000000001b00       0x64 zephyr/libzephyr.a(soc.c.obj)
                0x0000000000001b00                z_arm_on_enter_cpu_idle
 .text.arch_busy_wait
                0x0000000000001b64       0x24 zephyr/libzephyr.a(soc.c.obj)
                0x0000000000001b64                arch_busy_wait
 .text.z_arm_platform_init
                0x0000000000001b88        0x4 zephyr/libzephyr.a(soc_nrf_common.S.obj)
                0x0000000000001b88                z_arm_platform_init
 .text.shared_memory_prepare
                0x0000000000001b8c        0xc zephyr/libzephyr.a(ipc_rpmsg_static_vrings.c.obj)
 .text.advertise_ept
                0x0000000000001b98       0x44 zephyr/libzephyr.a(ipc_rpmsg_static_vrings.c.obj)
 .text.get_ept  0x0000000000001bdc       0x28 zephyr/libzephyr.a(ipc_rpmsg_static_vrings.c.obj)
 .text.open     0x0000000000001c04      0x1b0 zephyr/libzephyr.a(ipc_rpmsg_static_vrings.c.obj)
 .text.bound_cb
                0x0000000000001db4       0x30 zephyr/libzephyr.a(ipc_rpmsg_static_vrings.c.obj)
 .text.send     0x0000000000001de4       0x4c zephyr/libzephyr.a(ipc_rpmsg_static_vrings.c.obj)
 .text.register_ept
                0x0000000000001e30       0xe0 zephyr/libzephyr.a(ipc_rpmsg_static_vrings.c.obj)
 .text.ns_bind_cb
                0x0000000000001f10       0x6c zephyr/libzephyr.a(ipc_rpmsg.c.obj)
 .text.ipc_rpmsg_register_ept
                0x0000000000001f7c       0x3c zephyr/libzephyr.a(ipc_rpmsg.c.obj)
                0x0000000000001f7c                ipc_rpmsg_register_ept
 .text.ipc_rpmsg_init
                0x0000000000001fb8       0x70 zephyr/libzephyr.a(ipc_rpmsg.c.obj)
                0x0000000000001fb8                ipc_rpmsg_init
 .text.ipc_static_vrings_init
                0x0000000000002028      0x104 zephyr/libzephyr.a(ipc_static_vrings.c.obj)
                0x0000000000002028                ipc_static_vrings_init
 .text.sub_bytes
                0x000000000000212c       0x18 zephyr/libzephyr.a(aes_encrypt.c.obj)
 .text.tc_aes128_set_encrypt_key
                0x0000000000002144       0xa8 zephyr/libzephyr.a(aes_encrypt.c.obj)
                0x0000000000002144                tc_aes128_set_encrypt_key
 .text.compress
                0x00000000000021ec      0x1d4 zephyr/libzephyr.a(sha256.c.obj)
 .text.tc_sha256_init
                0x00000000000023c0       0x58 zephyr/libzephyr.a(sha256.c.obj)
                0x00000000000023c0                tc_sha256_init
 .text.nrf_cc3xx_platform_abort_init
                0x0000000000002418        0xc zephyr/libzephyr.a(nrf_cc3xx_platform_abort_zephyr.c.obj)
                0x0000000000002418                nrf_cc3xx_platform_abort_init
 .text.mutex_free_platform
                0x0000000000002424       0x54 zephyr/libzephyr.a(nrf_cc3xx_platform_mutex_zephyr.c.obj)
 .text.mutex_lock_platform
                0x0000000000002478       0x74 zephyr/libzephyr.a(nrf_cc3xx_platform_mutex_zephyr.c.obj)
 .text.mutex_unlock_platform
                0x00000000000024ec       0x68 zephyr/libzephyr.a(nrf_cc3xx_platform_mutex_zephyr.c.obj)
 .text.mutex_init_platform
                0x0000000000002554       0x94 zephyr/libzephyr.a(nrf_cc3xx_platform_mutex_zephyr.c.obj)
 .text.nrf_cc3xx_platform_mutex_init
                0x00000000000025e8       0x2c zephyr/libzephyr.a(nrf_cc3xx_platform_mutex_zephyr.c.obj)
                0x00000000000025e8                nrf_cc3xx_platform_mutex_init
 .text.z_arm_cpu_idle_init
                0x0000000000002614        0xc zephyr/arch/arch/arm/core/aarch32/libarch__arm__core__aarch32.a(cpu_idle.S.obj)
                0x0000000000002614                z_arm_cpu_idle_init
 .text.arch_cpu_idle
                0x0000000000002620       0x38 zephyr/arch/arch/arm/core/aarch32/libarch__arm__core__aarch32.a(cpu_idle.S.obj)
                0x0000000000002620                arch_cpu_idle
 .text.arch_cpu_atomic_idle
                0x0000000000002658       0x34 zephyr/arch/arch/arm/core/aarch32/libarch__arm__core__aarch32.a(cpu_idle.S.obj)
                0x0000000000002658                arch_cpu_atomic_idle
 .text.arch_irq_enable
                0x000000000000268c       0x1c zephyr/arch/arch/arm/core/aarch32/libarch__arm__core__aarch32.a(irq_manage.c.obj)
                0x000000000000268c                arch_irq_enable
 .text.arch_irq_disable
                0x00000000000026a8       0x28 zephyr/arch/arch/arm/core/aarch32/libarch__arm__core__aarch32.a(irq_manage.c.obj)
                0x00000000000026a8                arch_irq_disable
 .text.arch_irq_is_enabled
                0x00000000000026d0       0x1c zephyr/arch/arch/arm/core/aarch32/libarch__arm__core__aarch32.a(irq_manage.c.obj)
                0x00000000000026d0                arch_irq_is_enabled
 .text.z_arm_irq_priority_set
                0x00000000000026ec       0x2c zephyr/arch/arch/arm/core/aarch32/libarch__arm__core__aarch32.a(irq_manage.c.obj)
                0x00000000000026ec                z_arm_irq_priority_set
 .text.z_SysNmiOnReset
                0x0000000000002718        0x8 zephyr/arch/arch/arm/core/aarch32/libarch__arm__core__aarch32.a(nmi_on_reset.S.obj)
                0x0000000000002718                z_SysNmiOnReset
 .text.z_arm_prep_c
                0x0000000000002720       0x38 zephyr/arch/arch/arm/core/aarch32/libarch__arm__core__aarch32.a(prep_c.c.obj)
                0x0000000000002720                z_arm_prep_c
 .text.arch_swap
                0x0000000000002758       0x34 zephyr/arch/arch/arm/core/aarch32/libarch__arm__core__aarch32.a(swap.c.obj)
                0x0000000000002758                arch_swap
 .text.z_arm_pendsv
                0x000000000000278c       0x68 zephyr/arch/arch/arm/core/aarch32/libarch__arm__core__aarch32.a(swap_helper.S.obj)
                0x000000000000278c                z_arm_pendsv
 .text.z_arm_svc
                0x00000000000027f4       0x20 zephyr/arch/arch/arm/core/aarch32/libarch__arm__core__aarch32.a(swap_helper.S.obj)
                0x00000000000027f4                z_arm_svc
 .text.arch_new_thread
                0x0000000000002814       0x38 zephyr/arch/arch/arm/core/aarch32/libarch__arm__core__aarch32.a(thread.c.obj)
                0x0000000000002814                arch_new_thread
 .text.arch_switch_to_main_thread
                0x000000000000284c       0x34 zephyr/arch/arch/arm/core/aarch32/libarch__arm__core__aarch32.a(thread.c.obj)
                0x000000000000284c                arch_switch_to_main_thread
 .text._isr_wrapper
                0x0000000000002880       0x28 zephyr/arch/arch/arm/core/aarch32/libarch__arm__core__aarch32.a(isr_wrapper.S.obj)
                0x0000000000002880                _isr_wrapper
 .text.arch_tls_stack_setup
                0x00000000000028a8       0x5c zephyr/arch/arch/arm/core/aarch32/libarch__arm__core__aarch32.a(tls.c.obj)
                0x00000000000028a8                arch_tls_stack_setup
 .text._HandlerModeExit
                0x0000000000002904       0x1c zephyr/arch/arch/arm/core/aarch32/cortex_m/libarch__arm__core__aarch32__cortex_m.a(exc_exit.S.obj)
                0x0000000000002904                z_arm_int_exit
                0x0000000000002904                z_arm_exc_exit
 .text.usage_fault.constprop.0
                0x0000000000002920       0x5c zephyr/arch/arch/arm/core/aarch32/cortex_m/libarch__arm__core__aarch32__cortex_m.a(fault.c.obj)
 .text.bus_fault.constprop.0
                0x000000000000297c       0x6c zephyr/arch/arch/arm/core/aarch32/cortex_m/libarch__arm__core__aarch32__cortex_m.a(fault.c.obj)
 .text.mem_manage_fault.constprop.0
                0x00000000000029e8       0x78 zephyr/arch/arch/arm/core/aarch32/cortex_m/libarch__arm__core__aarch32__cortex_m.a(fault.c.obj)
 .text.z_arm_fault
                0x0000000000002a60      0x124 zephyr/arch/arch/arm/core/aarch32/cortex_m/libarch__arm__core__aarch32__cortex_m.a(fault.c.obj)
                0x0000000000002a60                z_arm_fault
 .text.z_arm_fault_init
                0x0000000000002b84       0x18 zephyr/arch/arch/arm/core/aarch32/cortex_m/libarch__arm__core__aarch32__cortex_m.a(fault.c.obj)
                0x0000000000002b84                z_arm_fault_init
 .text.__fault  0x0000000000002b9c       0x14 zephyr/arch/arch/arm/core/aarch32/cortex_m/libarch__arm__core__aarch32__cortex_m.a(fault_s.S.obj)
                0x0000000000002b9c                z_arm_usage_fault
                0x0000000000002b9c                z_arm_mpu_fault
                0x0000000000002b9c                z_arm_exc_spurious
                0x0000000000002b9c                z_arm_debug_monitor
                0x0000000000002b9c                z_arm_hard_fault
                0x0000000000002b9c                z_arm_bus_fault
 .text.z_arm_interrupt_init
                0x0000000000002bb0       0x18 zephyr/arch/arch/arm/core/aarch32/cortex_m/libarch__arm__core__aarch32__cortex_m.a(irq_init.c.obj)
                0x0000000000002bb0                z_arm_interrupt_init
 .text._reset_section
                0x0000000000002bc8       0x60 zephyr/arch/arch/arm/core/aarch32/cortex_m/libarch__arm__core__aarch32__cortex_m.a(reset.S.obj)
                0x0000000000002bc8                __start
                0x0000000000002bc8                z_arm_reset
 .text.sys_arch_reboot
                0x0000000000002c28       0x24 zephyr/arch/arch/arm/core/aarch32/cortex_m/libarch__arm__core__aarch32__cortex_m.a(scb.c.obj)
                0x0000000000002c28                sys_arch_reboot
 .text.z_arm_clear_arm_mpu_config
                0x0000000000002c4c       0x24 zephyr/arch/arch/arm/core/aarch32/cortex_m/libarch__arm__core__aarch32__cortex_m.a(scb.c.obj)
                0x0000000000002c4c                z_arm_clear_arm_mpu_config
 .text.z_arm_init_arch_hw_at_boot
                0x0000000000002c70       0x4c zephyr/arch/arch/arm/core/aarch32/cortex_m/libarch__arm__core__aarch32__cortex_m.a(scb.c.obj)
                0x0000000000002c70                z_arm_init_arch_hw_at_boot
 .text.z_impl_k_thread_abort
                0x0000000000002cbc       0x2c zephyr/arch/arch/arm/core/aarch32/cortex_m/libarch__arm__core__aarch32__cortex_m.a(thread_abort.c.obj)
                0x0000000000002cbc                z_impl_k_thread_abort
 .text.z_arm_configure_static_mpu_regions
                0x0000000000002ce8       0x38 zephyr/arch/arch/arm/core/aarch32/mpu/libarch__arm__core__aarch32__mpu.a(arm_core_mpu.c.obj)
                0x0000000000002ce8                z_arm_configure_static_mpu_regions
 .text.region_init
                0x0000000000002d20       0x34 zephyr/arch/arch/arm/core/aarch32/mpu/libarch__arm__core__aarch32__mpu.a(arm_mpu.c.obj)
 .text.mpu_configure_regions_and_partition.constprop.0
                0x0000000000002d54      0x14c zephyr/arch/arch/arm/core/aarch32/mpu/libarch__arm__core__aarch32__mpu.a(arm_mpu.c.obj)
 .text.arm_core_mpu_enable
                0x0000000000002ea0       0x18 zephyr/arch/arch/arm/core/aarch32/mpu/libarch__arm__core__aarch32__mpu.a(arm_mpu.c.obj)
                0x0000000000002ea0                arm_core_mpu_enable
 .text.arm_core_mpu_disable
                0x0000000000002eb8       0x14 zephyr/arch/arch/arm/core/aarch32/mpu/libarch__arm__core__aarch32__mpu.a(arm_mpu.c.obj)
                0x0000000000002eb8                arm_core_mpu_disable
 .text.arm_core_mpu_configure_static_mpu_regions
                0x0000000000002ecc       0x14 zephyr/arch/arch/arm/core/aarch32/mpu/libarch__arm__core__aarch32__mpu.a(arm_mpu.c.obj)
                0x0000000000002ecc                arm_core_mpu_configure_static_mpu_regions
 .text.arm_core_mpu_mark_areas_for_dynamic_regions
                0x0000000000002ee0       0xb8 zephyr/arch/arch/arm/core/aarch32/mpu/libarch__arm__core__aarch32__mpu.a(arm_mpu.c.obj)
                0x0000000000002ee0                arm_core_mpu_mark_areas_for_dynamic_regions
 .text.z_arm_mpu_init
                0x0000000000002f98       0x4c zephyr/arch/arch/arm/core/aarch32/mpu/libarch__arm__core__aarch32__mpu.a(arm_mpu.c.obj)
                0x0000000000002f98                z_arm_mpu_init
 .text.z_impl_zephyr_fputc
                0x0000000000002fe4       0x10 zephyr/lib/libc/picolibc/liblib__libc__picolibc.a(libc-hooks.c.obj)
                0x0000000000002fe4                z_impl_zephyr_fputc
 .text.__stdout_hook_install
                0x0000000000002ff4       0x18 zephyr/lib/libc/picolibc/liblib__libc__picolibc.a(libc-hooks.c.obj)
                0x0000000000002ff4                __stdout_hook_install
 .text.malloc_prepare
                0x000000000000300c       0x24 zephyr/lib/libc/common/liblib__libc__common.a(malloc.c.obj)
 .text.remoteproc_mgr_boot
                0x0000000000003030       0x18 zephyr/boards/boards/arm/ubx_evknorab10_nrf5340_cpuapp/libboards__arm__ubx_evknorab10_nrf5340.a(ubx_evknorab10_cpunet_reset.c.obj)
 .text.long_wq_init
                0x0000000000003048       0x38 zephyr/subsys/bluetooth/host/libsubsys__bluetooth__host.a(long_wq.c.obj)
 .text.bt_long_wq_schedule
                0x0000000000003080        0xc zephyr/subsys/bluetooth/host/libsubsys__bluetooth__host.a(long_wq.c.obj)
                0x0000000000003080                bt_long_wq_schedule
 .text.uuid_to_uuid128
                0x000000000000308c       0x78 zephyr/subsys/bluetooth/host/libsubsys__bluetooth__host.a(uuid.c.obj)
 .text.bt_buf_get_rx
                0x0000000000003104       0x2c zephyr/subsys/bluetooth/host/libsubsys__bluetooth__host.a(buf.c.obj)
                0x0000000000003104                bt_buf_get_rx
 .text.bt_buf_get_cmd_complete
                0x0000000000003130       0x38 zephyr/subsys/bluetooth/host/libsubsys__bluetooth__host.a(buf.c.obj)
                0x0000000000003130                bt_buf_get_cmd_complete
 .text.bt_buf_get_evt
                0x0000000000003168       0x58 zephyr/subsys/bluetooth/host/libsubsys__bluetooth__host.a(buf.c.obj)
                0x0000000000003168                bt_buf_get_evt
 .text.hci_disconn_complete_prio
                0x00000000000031c0       0x40 zephyr/subsys/bluetooth/host/libsubsys__bluetooth__host.a(hci_core.c.obj)
 .text.find_pending_connect.part.0
                0x0000000000003200       0x2c zephyr/subsys/bluetooth/host/libsubsys__bluetooth__host.a(hci_core.c.obj)
 .text.hci_le_meta_event
                0x000000000000322c       0x20 zephyr/subsys/bluetooth/host/libsubsys__bluetooth__host.a(hci_core.c.obj)
 .text.rx_work_handler
                0x000000000000324c      0x128 zephyr/subsys/bluetooth/host/libsubsys__bluetooth__host.a(hci_core.c.obj)
 .text.hci_cmd_done
                0x0000000000003374       0xbc zephyr/subsys/bluetooth/host/libsubsys__bluetooth__host.a(hci_core.c.obj)
 .text.hci_cmd_status
                0x0000000000003430       0x2c zephyr/subsys/bluetooth/host/libsubsys__bluetooth__host.a(hci_core.c.obj)
 .text.hci_cmd_complete
                0x000000000000345c       0x30 zephyr/subsys/bluetooth/host/libsubsys__bluetooth__host.a(hci_core.c.obj)
 .text.bt_hci_cmd_state_set_init
                0x000000000000348c       0x24 zephyr/subsys/bluetooth/host/libsubsys__bluetooth__host.a(hci_core.c.obj)
                0x000000000000348c                bt_hci_cmd_state_set_init
 .text.bt_hci_cmd_create
                0x00000000000034b0       0x74 zephyr/subsys/bluetooth/host/libsubsys__bluetooth__host.a(hci_core.c.obj)
                0x00000000000034b0                bt_hci_cmd_create
 .text.bt_hci_cmd_send_sync
                0x0000000000003524       0xd8 zephyr/subsys/bluetooth/host/libsubsys__bluetooth__host.a(hci_core.c.obj)
                0x0000000000003524                bt_hci_cmd_send_sync
 .text.bt_hci_le_rand
                0x00000000000035fc       0x58 zephyr/subsys/bluetooth/host/libsubsys__bluetooth__host.a(hci_core.c.obj)
                0x00000000000035fc                bt_hci_le_rand
 .text.bt_hci_le_enh_conn_complete
                0x0000000000003654      0x1cc zephyr/subsys/bluetooth/host/libsubsys__bluetooth__host.a(hci_core.c.obj)
                0x0000000000003654                bt_hci_le_enh_conn_complete
 .text.le_legacy_conn_complete
                0x0000000000003820       0x64 zephyr/subsys/bluetooth/host/libsubsys__bluetooth__host.a(hci_core.c.obj)
 .text.bt_security_err_get
                0x0000000000003884       0x10 zephyr/subsys/bluetooth/host/libsubsys__bluetooth__host.a(hci_core.c.obj)
                0x0000000000003884                bt_security_err_get
 .text.bt_send  0x0000000000003894       0x10 zephyr/subsys/bluetooth/host/libsubsys__bluetooth__host.a(hci_core.c.obj)
                0x0000000000003894                bt_send
 .text.bt_hci_cmd_send
                0x00000000000038a4       0x44 zephyr/subsys/bluetooth/host/libsubsys__bluetooth__host.a(hci_core.c.obj)
                0x00000000000038a4                bt_hci_cmd_send
 .text.bt_hci_host_num_completed_packets
                0x00000000000038e8       0x88 zephyr/subsys/bluetooth/host/libsubsys__bluetooth__host.a(hci_core.c.obj)
                0x00000000000038e8                bt_hci_host_num_completed_packets
 .text.hci_tx_thread
                0x0000000000003970      0x11c zephyr/subsys/bluetooth/host/libsubsys__bluetooth__host.a(hci_core.c.obj)
 .text.hci_event_prio
                0x0000000000003a8c       0xa4 zephyr/subsys/bluetooth/host/libsubsys__bluetooth__host.a(hci_core.c.obj)
                0x0000000000003a8c                hci_event_prio
 .text.bt_recv  0x0000000000003b30       0x54 zephyr/subsys/bluetooth/host/libsubsys__bluetooth__host.a(hci_core.c.obj)
                0x0000000000003b30                bt_recv
 .text.bt_hci_driver_register
                0x0000000000003b84       0x28 zephyr/subsys/bluetooth/host/libsubsys__bluetooth__host.a(hci_core.c.obj)
                0x0000000000003b84                bt_hci_driver_register
 .text.bt_finalize_init
                0x0000000000003bac        0xc zephyr/subsys/bluetooth/host/libsubsys__bluetooth__host.a(hci_core.c.obj)
                0x0000000000003bac                bt_finalize_init
 .text.init_work
                0x0000000000003bb8       0x18 zephyr/subsys/bluetooth/host/libsubsys__bluetooth__host.a(hci_core.c.obj)
 .text.bt_enable
                0x0000000000003bd0       0xe0 zephyr/subsys/bluetooth/host/libsubsys__bluetooth__host.a(hci_core.c.obj)
                0x0000000000003bd0                bt_enable
 .text.bt_get_name
                0x0000000000003cb0        0x8 zephyr/subsys/bluetooth/host/libsubsys__bluetooth__host.a(hci_core.c.obj)
                0x0000000000003cb0                bt_get_name
 .text.id_find  0x0000000000003cb8       0x30 zephyr/subsys/bluetooth/host/libsubsys__bluetooth__host.a(id.c.obj)
 .text.id_create.constprop.0
                0x0000000000003ce8       0x5c zephyr/subsys/bluetooth/host/libsubsys__bluetooth__host.a(id.c.obj)
 .text.set_random_address
                0x0000000000003d44       0x50 zephyr/subsys/bluetooth/host/libsubsys__bluetooth__host.a(id.c.obj)
 .text.bt_id_pending_keys_update
                0x0000000000003d94       0x2c zephyr/subsys/bluetooth/host/libsubsys__bluetooth__host.a(id.c.obj)
                0x0000000000003d94                bt_id_pending_keys_update
 .text.bt_id_find_conflict
                0x0000000000003dc0       0x20 zephyr/subsys/bluetooth/host/libsubsys__bluetooth__host.a(id.c.obj)
                0x0000000000003dc0                bt_id_find_conflict
 .text.bt_id_add
                0x0000000000003de0      0x124 zephyr/subsys/bluetooth/host/libsubsys__bluetooth__host.a(id.c.obj)
                0x0000000000003de0                bt_id_add
 .text.bt_id_del
                0x0000000000003f04      0x104 zephyr/subsys/bluetooth/host/libsubsys__bluetooth__host.a(id.c.obj)
                0x0000000000003f04                bt_id_del
 .text.bt_id_create
                0x0000000000004008       0x88 zephyr/subsys/bluetooth/host/libsubsys__bluetooth__host.a(id.c.obj)
                0x0000000000004008                bt_id_create
 .text.bt_id_read_public_addr
                0x0000000000004090       0x5c zephyr/subsys/bluetooth/host/libsubsys__bluetooth__host.a(id.c.obj)
                0x0000000000004090                bt_id_read_public_addr
 .text.bt_setup_public_id_addr
                0x00000000000040ec       0x20 zephyr/subsys/bluetooth/host/libsubsys__bluetooth__host.a(id.c.obj)
                0x00000000000040ec                bt_setup_public_id_addr
 .text.bt_read_static_addr
                0x000000000000410c       0x68 zephyr/subsys/bluetooth/host/libsubsys__bluetooth__host.a(id.c.obj)
                0x000000000000410c                bt_read_static_addr
 .text.bt_setup_random_id_addr
                0x0000000000004174       0x5c zephyr/subsys/bluetooth/host/libsubsys__bluetooth__host.a(id.c.obj)
                0x0000000000004174                bt_setup_random_id_addr
 .text.bt_id_set_adv_own_addr
                0x00000000000041d0       0xc0 zephyr/subsys/bluetooth/host/libsubsys__bluetooth__host.a(id.c.obj)
                0x00000000000041d0                bt_id_set_adv_own_addr
 .text.bt_id_init
                0x0000000000004290       0x30 zephyr/subsys/bluetooth/host/libsubsys__bluetooth__host.a(id.c.obj)
                0x0000000000004290                bt_id_init
 .text.valid_adv_param
                0x00000000000042c0       0x84 zephyr/subsys/bluetooth/host/libsubsys__bluetooth__host.a(adv.c.obj)
 .text.adv_is_directed
                0x0000000000004344       0x18 zephyr/subsys/bluetooth/host/libsubsys__bluetooth__host.a(adv.c.obj)
 .text.le_adv_start_add_conn
                0x000000000000435c       0x60 zephyr/subsys/bluetooth/host/libsubsys__bluetooth__host.a(adv.c.obj)
 .text.bt_le_ext_adv_foreach
                0x00000000000043bc        0xc zephyr/subsys/bluetooth/host/libsubsys__bluetooth__host.a(adv.c.obj)
                0x00000000000043bc                bt_le_ext_adv_foreach
 .text.bt_le_adv_lookup_legacy
                0x00000000000043c8        0x8 zephyr/subsys/bluetooth/host/libsubsys__bluetooth__host.a(adv.c.obj)
                0x00000000000043c8                bt_le_adv_lookup_legacy
 .text.bt_le_adv_start_legacy
                0x00000000000043d0      0x248 zephyr/subsys/bluetooth/host/libsubsys__bluetooth__host.a(adv.c.obj)
                0x00000000000043d0                bt_le_adv_start_legacy
 .text.bt_le_adv_start
                0x0000000000004618       0x64 zephyr/subsys/bluetooth/host/libsubsys__bluetooth__host.a(adv.c.obj)
                0x0000000000004618                bt_le_adv_start
 .text.bt_le_adv_stop
                0x000000000000467c       0x78 zephyr/subsys/bluetooth/host/libsubsys__bluetooth__host.a(adv.c.obj)
                0x000000000000467c                bt_le_adv_stop
 .text.bt_le_adv_resume
                0x00000000000046f4       0xcc zephyr/subsys/bluetooth/host/libsubsys__bluetooth__host.a(adv.c.obj)
                0x00000000000046f4                bt_le_adv_resume
 .text.prng_reseed.constprop.0
                0x00000000000047c0       0x50 zephyr/subsys/bluetooth/host/libsubsys__bluetooth__host.a(crypto.c.obj)
 .text.prng_init
                0x0000000000004810       0x2c zephyr/subsys/bluetooth/host/libsubsys__bluetooth__host.a(crypto.c.obj)
                0x0000000000004810                prng_init
 .text.bt_rand  0x000000000000483c       0x3c zephyr/subsys/bluetooth/host/libsubsys__bluetooth__host.a(crypto.c.obj)
                0x000000000000483c                bt_rand
 .text.bt_pub_key_is_debug
                0x0000000000004878       0x18 zephyr/subsys/bluetooth/host/libsubsys__bluetooth__host.a(ecc.c.obj)
                0x0000000000004878                bt_pub_key_is_debug
 .text.bt_pub_key_gen
                0x0000000000004890       0xbc zephyr/subsys/bluetooth/host/libsubsys__bluetooth__host.a(ecc.c.obj)
                0x0000000000004890                bt_pub_key_gen
 .text.bt_pub_key_get
                0x000000000000494c       0x1c zephyr/subsys/bluetooth/host/libsubsys__bluetooth__host.a(ecc.c.obj)
                0x000000000000494c                bt_pub_key_get
 .text.bt_dh_key_gen
                0x0000000000004968       0x80 zephyr/subsys/bluetooth/host/libsubsys__bluetooth__host.a(ecc.c.obj)
                0x0000000000004968                bt_dh_key_gen
 .text.bt_hci_evt_le_pkey_complete
                0x00000000000049e8       0x74 zephyr/subsys/bluetooth/host/libsubsys__bluetooth__host.a(ecc.c.obj)
                0x00000000000049e8                bt_hci_evt_le_pkey_complete
 .text.bt_hci_evt_le_dhkey_complete
                0x0000000000004a5c       0x1c zephyr/subsys/bluetooth/host/libsubsys__bluetooth__host.a(ecc.c.obj)
                0x0000000000004a5c                bt_hci_evt_le_dhkey_complete
 .text.notify_connected
                0x0000000000004a78       0x3c zephyr/subsys/bluetooth/host/libsubsys__bluetooth__host.a(conn.c.obj)
 .text.tx_notify
                0x0000000000004ab4       0x60 zephyr/subsys/bluetooth/host/libsubsys__bluetooth__host.a(conn.c.obj)
 .text.conn_tx_destroy
                0x0000000000004b14       0x2c zephyr/subsys/bluetooth/host/libsubsys__bluetooth__host.a(conn.c.obj)
 .text.send_frag
                0x0000000000004b40      0x160 zephyr/subsys/bluetooth/host/libsubsys__bluetooth__host.a(conn.c.obj)
 .text.bt_conn_get_pkts
                0x0000000000004ca0       0x18 zephyr/subsys/bluetooth/host/libsubsys__bluetooth__host.a(conn.c.obj)
                0x0000000000004ca0                bt_conn_get_pkts
 .text.bt_conn_new
                0x0000000000004cb8       0x5c zephyr/subsys/bluetooth/host/libsubsys__bluetooth__host.a(conn.c.obj)
                0x0000000000004cb8                bt_conn_new
 .text.bt_conn_send_cb
                0x0000000000004d14       0x8c zephyr/subsys/bluetooth/host/libsubsys__bluetooth__host.a(conn.c.obj)
                0x0000000000004d14                bt_conn_send_cb
 .text.bt_conn_prepare_events
                0x0000000000004da0       0x90 zephyr/subsys/bluetooth/host/libsubsys__bluetooth__host.a(conn.c.obj)
                0x0000000000004da0                bt_conn_prepare_events
 .text.bt_conn_set_state
                0x0000000000004e30      0x17c zephyr/subsys/bluetooth/host/libsubsys__bluetooth__host.a(conn.c.obj)
                0x0000000000004e30                bt_conn_set_state
 .text.bt_conn_lookup_handle
                0x0000000000004fac       0x28 zephyr/subsys/bluetooth/host/libsubsys__bluetooth__host.a(conn.c.obj)
                0x0000000000004fac                bt_conn_lookup_handle
 .text.bt_conn_foreach
                0x0000000000004fd4       0x30 zephyr/subsys/bluetooth/host/libsubsys__bluetooth__host.a(conn.c.obj)
                0x0000000000004fd4                bt_conn_foreach
 .text.bt_conn_index
                0x0000000000005004       0x18 zephyr/subsys/bluetooth/host/libsubsys__bluetooth__host.a(conn.c.obj)
                0x0000000000005004                bt_conn_index
 .text.bt_conn_create_pdu_timeout
                0x000000000000501c       0x24 zephyr/subsys/bluetooth/host/libsubsys__bluetooth__host.a(conn.c.obj)
                0x000000000000501c                bt_conn_create_pdu_timeout
 .text.notify_le_param_updated
                0x0000000000005040       0x80 zephyr/subsys/bluetooth/host/libsubsys__bluetooth__host.a(conn.c.obj)
                0x0000000000005040                notify_le_param_updated
 .text.notify_le_data_len_updated
                0x00000000000050c0       0x44 zephyr/subsys/bluetooth/host/libsubsys__bluetooth__host.a(conn.c.obj)
                0x00000000000050c0                notify_le_data_len_updated
 .text.le_param_req
                0x0000000000005104       0x74 zephyr/subsys/bluetooth/host/libsubsys__bluetooth__host.a(conn.c.obj)
                0x0000000000005104                le_param_req
 .text.bt_conn_identity_resolved
                0x0000000000005178       0x5c zephyr/subsys/bluetooth/host/libsubsys__bluetooth__host.a(conn.c.obj)
                0x0000000000005178                bt_conn_identity_resolved
 .text.bt_conn_security_changed
                0x00000000000051d4       0x4c zephyr/subsys/bluetooth/host/libsubsys__bluetooth__host.a(conn.c.obj)
                0x00000000000051d4                bt_conn_security_changed
 .text.bt_conn_cb_register
                0x0000000000005220       0x10 zephyr/subsys/bluetooth/host/libsubsys__bluetooth__host.a(conn.c.obj)
                0x0000000000005220                bt_conn_cb_register
 .text.bt_conn_add_le
                0x0000000000005230       0x3c zephyr/subsys/bluetooth/host/libsubsys__bluetooth__host.a(conn.c.obj)
                0x0000000000005230                bt_conn_add_le
 .text.bt_conn_lookup_addr_le
                0x000000000000526c       0x34 zephyr/subsys/bluetooth/host/libsubsys__bluetooth__host.a(conn.c.obj)
                0x000000000000526c                bt_conn_lookup_addr_le
 .text.bt_conn_lookup_state_le
                0x00000000000052a0       0x44 zephyr/subsys/bluetooth/host/libsubsys__bluetooth__host.a(conn.c.obj)
                0x00000000000052a0                bt_conn_lookup_state_le
 .text.send_conn_le_param_update
                0x00000000000052e4       0x68 zephyr/subsys/bluetooth/host/libsubsys__bluetooth__host.a(conn.c.obj)
 .text.deferred_work
                0x000000000000534c       0xd0 zephyr/subsys/bluetooth/host/libsubsys__bluetooth__host.a(conn.c.obj)
 .text.bt_conn_create_frag_timeout
                0x000000000000541c        0xc zephyr/subsys/bluetooth/host/libsubsys__bluetooth__host.a(conn.c.obj)
                0x000000000000541c                bt_conn_create_frag_timeout
 .text.bt_conn_process_tx
                0x0000000000005428      0x114 zephyr/subsys/bluetooth/host/libsubsys__bluetooth__host.a(conn.c.obj)
                0x0000000000005428                bt_conn_process_tx
 .text.bt_conn_auth_cb_register
                0x000000000000553c       0x34 zephyr/subsys/bluetooth/host/libsubsys__bluetooth__host.a(conn.c.obj)
                0x000000000000553c                bt_conn_auth_cb_register
 .text.bt_conn_init
                0x0000000000005570       0x44 zephyr/subsys/bluetooth/host/libsubsys__bluetooth__host.a(conn.c.obj)
                0x0000000000005570                bt_conn_init
 .text.l2cap_accept
                0x00000000000055b4       0x1c zephyr/subsys/bluetooth/host/libsubsys__bluetooth__host.a(l2cap.c.obj)
 .text.bt_l2cap_connected
                0x00000000000055d0       0x8c zephyr/subsys/bluetooth/host/libsubsys__bluetooth__host.a(l2cap.c.obj)
                0x00000000000055d0                bt_l2cap_connected
 .text.bt_l2cap_update_conn_param
                0x000000000000565c       0x64 zephyr/subsys/bluetooth/host/libsubsys__bluetooth__host.a(l2cap.c.obj)
                0x000000000000565c                bt_l2cap_update_conn_param
 .text.att_op_get_type
                0x00000000000056c0       0x74 zephyr/subsys/bluetooth/host/libsubsys__bluetooth__host.a(att.c.obj)
 .text.bt_att_released
                0x0000000000005734        0xc zephyr/subsys/bluetooth/host/libsubsys__bluetooth__host.a(att.c.obj)
 .text.tx_meta_data_free
                0x0000000000005740       0x3c zephyr/subsys/bluetooth/host/libsubsys__bluetooth__host.a(att.c.obj)
 .text.read_group_cb
                0x000000000000577c       0xb8 zephyr/subsys/bluetooth/host/libsubsys__bluetooth__host.a(att.c.obj)
 .text.bt_att_chan_create_pdu
                0x0000000000005834       0xbc zephyr/subsys/bluetooth/host/libsubsys__bluetooth__host.a(att.c.obj)
 .text.read_type_cb
                0x00000000000058f0       0xac zephyr/subsys/bluetooth/host/libsubsys__bluetooth__host.a(att.c.obj)
 .text.bt_att_accept
                0x000000000000599c       0xc4 zephyr/subsys/bluetooth/host/libsubsys__bluetooth__host.a(att.c.obj)
 .text.chan_send
                0x0000000000005a60       0xa4 zephyr/subsys/bluetooth/host/libsubsys__bluetooth__host.a(att.c.obj)
 .text.bt_att_connected
                0x0000000000005b04       0x38 zephyr/subsys/bluetooth/host/libsubsys__bluetooth__host.a(att.c.obj)
 .text.bt_att_recv
                0x0000000000005b3c       0xf4 zephyr/subsys/bluetooth/host/libsubsys__bluetooth__host.a(att.c.obj)
 .text.att_write_rsp.constprop.0
                0x0000000000005c30       0xc8 zephyr/subsys/bluetooth/host/libsubsys__bluetooth__host.a(att.c.obj)
 .text.att_read_group_req
                0x0000000000005cf8       0xfc zephyr/subsys/bluetooth/host/libsubsys__bluetooth__host.a(att.c.obj)
 .text.att_read_mult_vl_req
                0x0000000000005df4       0xa8 zephyr/subsys/bluetooth/host/libsubsys__bluetooth__host.a(att.c.obj)
 .text.att_read_mult_req
                0x0000000000005e9c       0xa8 zephyr/subsys/bluetooth/host/libsubsys__bluetooth__host.a(att.c.obj)
 .text.att_read_rsp
                0x0000000000005f44       0x9c zephyr/subsys/bluetooth/host/libsubsys__bluetooth__host.a(att.c.obj)
 .text.att_read_type_req
                0x0000000000005fe0       0xc8 zephyr/subsys/bluetooth/host/libsubsys__bluetooth__host.a(att.c.obj)
 .text.att_find_type_req
                0x00000000000060a8       0xcc zephyr/subsys/bluetooth/host/libsubsys__bluetooth__host.a(att.c.obj)
 .text.att_find_info_req
                0x0000000000006174       0x74 zephyr/subsys/bluetooth/host/libsubsys__bluetooth__host.a(att.c.obj)
 .text.bt_att_init
                0x00000000000061e8       0x38 zephyr/subsys/bluetooth/host/libsubsys__bluetooth__host.a(att.c.obj)
                0x00000000000061e8                bt_att_init
 .text.bt_att_req_alloc
                0x0000000000006220       0x50 zephyr/subsys/bluetooth/host/libsubsys__bluetooth__host.a(att.c.obj)
                0x0000000000006220                bt_att_req_alloc
 .text.bt_att_req_free
                0x0000000000006270       0x28 zephyr/subsys/bluetooth/host/libsubsys__bluetooth__host.a(att.c.obj)
                0x0000000000006270                bt_att_req_free
 .text.att_handle_rsp
                0x0000000000006298       0x6c zephyr/subsys/bluetooth/host/libsubsys__bluetooth__host.a(att.c.obj)
 .text.att_error_rsp
                0x0000000000006304       0x70 zephyr/subsys/bluetooth/host/libsubsys__bluetooth__host.a(att.c.obj)
 .text.bt_att_disconnected
                0x0000000000006374       0xcc zephyr/subsys/bluetooth/host/libsubsys__bluetooth__host.a(att.c.obj)
 .text.att_timeout
                0x0000000000006440       0x88 zephyr/subsys/bluetooth/host/libsubsys__bluetooth__host.a(att.c.obj)
 .text.bt_att_req_cancel
                0x00000000000064c8       0x54 zephyr/subsys/bluetooth/host/libsubsys__bluetooth__host.a(att.c.obj)
                0x00000000000064c8                bt_att_req_cancel
 .text.find_cf_cfg
                0x000000000000651c       0x5c zephyr/subsys/bluetooth/host/libsubsys__bluetooth__host.a(gatt.c.obj)
 .text.find_sc_cfg
                0x0000000000006578       0x40 zephyr/subsys/bluetooth/host/libsubsys__bluetooth__host.a(gatt.c.obj)
 .text.find_ccc_cfg
                0x00000000000065b8       0x48 zephyr/subsys/bluetooth/host/libsubsys__bluetooth__host.a(gatt.c.obj)
 .text.gatt_sub_find
                0x0000000000006600       0x5c zephyr/subsys/bluetooth/host/libsubsys__bluetooth__host.a(gatt.c.obj)
 .text.gatt_sub_remove
                0x000000000000665c       0x48 zephyr/subsys/bluetooth/host/libsubsys__bluetooth__host.a(gatt.c.obj)
 .text.disconnected_cb
                0x00000000000066a4       0xb4 zephyr/subsys/bluetooth/host/libsubsys__bluetooth__host.a(gatt.c.obj)
 .text.read_ppcp
                0x0000000000006758       0x28 zephyr/subsys/bluetooth/host/libsubsys__bluetooth__host.a(gatt.c.obj)
 .text.clear_cf_cfg
                0x0000000000006780       0x28 zephyr/subsys/bluetooth/host/libsubsys__bluetooth__host.a(gatt.c.obj)
 .text.sc_save  0x00000000000067a8       0x48 zephyr/subsys/bluetooth/host/libsubsys__bluetooth__host.a(gatt.c.obj)
 .text.bt_gatt_attr_write_ccc
                0x00000000000067f0       0xa8 zephyr/subsys/bluetooth/host/libsubsys__bluetooth__host.a(gatt.c.obj)
                0x00000000000067f0                bt_gatt_attr_write_ccc
 .text.gatt_write_ccc
                0x0000000000006898       0x30 zephyr/subsys/bluetooth/host/libsubsys__bluetooth__host.a(gatt.c.obj)
 .text.sc_indicate_rsp
                0x00000000000068c8       0x4c zephyr/subsys/bluetooth/host/libsubsys__bluetooth__host.a(gatt.c.obj)
 .text.bt_gatt_init
                0x0000000000006914       0x84 zephyr/subsys/bluetooth/host/libsubsys__bluetooth__host.a(gatt.c.obj)
                0x0000000000006914                bt_gatt_init
 .text.bt_gatt_attr_get_handle
                0x0000000000006998       0x60 zephyr/subsys/bluetooth/host/libsubsys__bluetooth__host.a(gatt.c.obj)
                0x0000000000006998                bt_gatt_attr_get_handle
 .text.bt_gatt_foreach_attr_type
                0x00000000000069f8       0xb4 zephyr/subsys/bluetooth/host/libsubsys__bluetooth__host.a(gatt.c.obj)
                0x00000000000069f8                bt_gatt_foreach_attr_type
 .text.db_hash_gen
                0x0000000000006aac       0x64 zephyr/subsys/bluetooth/host/libsubsys__bluetooth__host.a(gatt.c.obj)
 .text.db_hash_read
                0x0000000000006b10       0x6c zephyr/subsys/bluetooth/host/libsubsys__bluetooth__host.a(gatt.c.obj)
 .text.db_hash_process
                0x0000000000006b7c       0x1c zephyr/subsys/bluetooth/host/libsubsys__bluetooth__host.a(gatt.c.obj)
 .text.bt_gatt_attr_next
                0x0000000000006b98       0x24 zephyr/subsys/bluetooth/host/libsubsys__bluetooth__host.a(gatt.c.obj)
                0x0000000000006b98                bt_gatt_attr_next
 .text.gatt_indicate
                0x0000000000006bbc       0xbc zephyr/subsys/bluetooth/host/libsubsys__bluetooth__host.a(gatt.c.obj)
 .text.bt_gatt_indicate
                0x0000000000006c78       0xf0 zephyr/subsys/bluetooth/host/libsubsys__bluetooth__host.a(gatt.c.obj)
                0x0000000000006c78                bt_gatt_indicate
 .text.sc_process
                0x0000000000006d68       0x5c zephyr/subsys/bluetooth/host/libsubsys__bluetooth__host.a(gatt.c.obj)
 .text.update_ccc
                0x0000000000006dc4       0xf0 zephyr/subsys/bluetooth/host/libsubsys__bluetooth__host.a(gatt.c.obj)
 .text.bt_gatt_notify_cb
                0x0000000000006eb4       0xe8 zephyr/subsys/bluetooth/host/libsubsys__bluetooth__host.a(gatt.c.obj)
                0x0000000000006eb4                bt_gatt_notify_cb
 .text.notify_cb
                0x0000000000006f9c      0x128 zephyr/subsys/bluetooth/host/libsubsys__bluetooth__host.a(gatt.c.obj)
 .text.bt_gatt_exchange_mtu
                0x00000000000070c4       0x58 zephyr/subsys/bluetooth/host/libsubsys__bluetooth__host.a(gatt.c.obj)
                0x00000000000070c4                bt_gatt_exchange_mtu
 .text.bt_gatt_unsubscribe
                0x000000000000711c       0xd8 zephyr/subsys/bluetooth/host/libsubsys__bluetooth__host.a(gatt.c.obj)
                0x000000000000711c                bt_gatt_unsubscribe
 .text.bt_gatt_connected
                0x00000000000071f4       0x34 zephyr/subsys/bluetooth/host/libsubsys__bluetooth__host.a(gatt.c.obj)
                0x00000000000071f4                bt_gatt_connected
 .text.bt_gatt_att_max_mtu_changed
                0x0000000000007228       0x28 zephyr/subsys/bluetooth/host/libsubsys__bluetooth__host.a(gatt.c.obj)
                0x0000000000007228                bt_gatt_att_max_mtu_changed
 .text.bt_gatt_encrypt_change
                0x0000000000007250       0x64 zephyr/subsys/bluetooth/host/libsubsys__bluetooth__host.a(gatt.c.obj)
                0x0000000000007250                bt_gatt_encrypt_change
 .text.bt_gatt_disconnected
                0x00000000000072b4       0xc8 zephyr/subsys/bluetooth/host/libsubsys__bluetooth__host.a(gatt.c.obj)
                0x00000000000072b4                bt_gatt_disconnected
 .text.bt_smp_accept
                0x000000000000737c       0x20 zephyr/subsys/bluetooth/host/libsubsys__bluetooth__host.a(smp.c.obj)
 .text.smp_find
                0x000000000000739c       0x1c zephyr/subsys/bluetooth/host/libsubsys__bluetooth__host.a(smp.c.obj)
 .text.latch_auth_cb
                0x00000000000073b8       0x2c zephyr/subsys/bluetooth/host/libsubsys__bluetooth__host.a(smp.c.obj)
 .text.get_io_capa
                0x00000000000073e4       0x4c zephyr/subsys/bluetooth/host/libsubsys__bluetooth__host.a(smp.c.obj)
 .text.smp_init
                0x0000000000007430       0x38 zephyr/subsys/bluetooth/host/libsubsys__bluetooth__host.a(smp.c.obj)
 .text.smp_dhkey_generate
                0x0000000000007468       0x2c zephyr/subsys/bluetooth/host/libsubsys__bluetooth__host.a(smp.c.obj)
 .text.smp_send_pairing_confirm
                0x0000000000007494       0x7c zephyr/subsys/bluetooth/host/libsubsys__bluetooth__host.a(smp.c.obj)
 .text.smp_public_key_periph
                0x0000000000007510      0x138 zephyr/subsys/bluetooth/host/libsubsys__bluetooth__host.a(smp.c.obj)
 .text.smp_public_key
                0x0000000000007648       0x98 zephyr/subsys/bluetooth/host/libsubsys__bluetooth__host.a(smp.c.obj)
 .text.smp_pairing_accept_query
                0x00000000000076e0       0x58 zephyr/subsys/bluetooth/host/libsubsys__bluetooth__host.a(smp.c.obj)
 .text.bt_smp_connected
                0x0000000000007738       0x44 zephyr/subsys/bluetooth/host/libsubsys__bluetooth__host.a(smp.c.obj)
 .text.smp_pairing_random
                0x000000000000777c      0x204 zephyr/subsys/bluetooth/host/libsubsys__bluetooth__host.a(smp.c.obj)
 .text.get_auth
                0x0000000000007980       0x58 zephyr/subsys/bluetooth/host/libsubsys__bluetooth__host.a(smp.c.obj)
 .text.smp_pairing_req
                0x00000000000079d8      0x37c zephyr/subsys/bluetooth/host/libsubsys__bluetooth__host.a(smp.c.obj)
 .text.bt_smp_start_security
                0x0000000000007d54      0x18c zephyr/subsys/bluetooth/host/libsubsys__bluetooth__host.a(smp.c.obj)
                0x0000000000007d54                bt_smp_start_security
 .text.smp_pairing_complete
                0x0000000000007ee0      0x110 zephyr/subsys/bluetooth/host/libsubsys__bluetooth__host.a(smp.c.obj)
 .text.bt_smp_recv
                0x0000000000007ff0       0x84 zephyr/subsys/bluetooth/host/libsubsys__bluetooth__host.a(smp.c.obj)
 .text.bt_smp_pkey_ready
                0x0000000000008074       0x38 zephyr/subsys/bluetooth/host/libsubsys__bluetooth__host.a(smp.c.obj)
 .text.smp_ident_addr_info
                0x00000000000080ac      0x108 zephyr/subsys/bluetooth/host/libsubsys__bluetooth__host.a(smp.c.obj)
 .text.bt_smp_encrypt_change
                0x00000000000081b4      0x1dc zephyr/subsys/bluetooth/host/libsubsys__bluetooth__host.a(smp.c.obj)
 .text.bt_smp_init
                0x0000000000008390       0x2c zephyr/subsys/bluetooth/host/libsubsys__bluetooth__host.a(smp.c.obj)
                0x0000000000008390                bt_smp_init
 .text.bt_keys_get_addr
                0x00000000000083bc       0x4c zephyr/subsys/bluetooth/host/libsubsys__bluetooth__host.a(keys.c.obj)
                0x00000000000083bc                bt_keys_get_addr
 .text.bt_keys_foreach_type
                0x0000000000008408       0x1c zephyr/subsys/bluetooth/host/libsubsys__bluetooth__host.a(keys.c.obj)
                0x0000000000008408                bt_keys_foreach_type
 .text.bt_keys_find
                0x0000000000008424       0x38 zephyr/subsys/bluetooth/host/libsubsys__bluetooth__host.a(keys.c.obj)
                0x0000000000008424                bt_keys_find
 .text.bt_keys_find_irk
                0x000000000000845c       0x80 zephyr/subsys/bluetooth/host/libsubsys__bluetooth__host.a(keys.c.obj)
                0x000000000000845c                bt_keys_find_irk
 .text.bt_keys_find_addr
                0x00000000000084dc       0x24 zephyr/subsys/bluetooth/host/libsubsys__bluetooth__host.a(keys.c.obj)
                0x00000000000084dc                bt_keys_find_addr
 .text.bt_crypto_f5
                0x0000000000008500       0xd0 zephyr/subsys/bluetooth/crypto/libsubsys__bluetooth__crypto.a(bt_crypto.c.obj)
                0x0000000000008500                bt_crypto_f5
 .text.bt_crypto_g2
                0x00000000000085d0       0x5c zephyr/subsys/bluetooth/crypto/libsubsys__bluetooth__crypto.a(bt_crypto.c.obj)
                0x00000000000085d0                bt_crypto_g2
 .text.net_buf_pool_get
                0x000000000000862c       0x10 zephyr/subsys/net/libsubsys__net.a(buf.c.obj)
                0x000000000000862c                net_buf_pool_get
 .text.net_buf_id
                0x000000000000863c       0x20 zephyr/subsys/net/libsubsys__net.a(buf.c.obj)
                0x000000000000863c                net_buf_id
 .text.fixed_data_alloc
                0x000000000000865c       0x30 zephyr/subsys/net/libsubsys__net.a(buf.c.obj)
 .text.net_buf_alloc_len
                0x000000000000868c       0xfc zephyr/subsys/net/libsubsys__net.a(buf.c.obj)
                0x000000000000868c                net_buf_alloc_len
 .text.net_buf_unref
                0x0000000000008788       0x64 zephyr/subsys/net/libsubsys__net.a(buf.c.obj)
                0x0000000000008788                net_buf_unref
 .text.adc_context_start_sampling
                0x00000000000087ec       0x1c zephyr/drivers/adc/libdrivers__adc.a(adc_nrfx_saadc.c.obj)
 .text.adc_nrfx_channel_setup
                0x0000000000008808       0xd8 zephyr/drivers/adc/libdrivers__adc.a(adc_nrfx_saadc.c.obj)
 .text.adc_nrfx_read
                0x00000000000088e0      0x17c zephyr/drivers/adc/libdrivers__adc.a(adc_nrfx_saadc.c.obj)
 .text.init_saadc
                0x0000000000008a5c       0x44 zephyr/drivers/adc/libdrivers__adc.a(adc_nrfx_saadc.c.obj)
 .text.saadc_irq_handler
                0x0000000000008aa0       0xc8 zephyr/drivers/adc/libdrivers__adc.a(adc_nrfx_saadc.c.obj)
 .text.bt_rpmsg_init
                0x0000000000008b68        0xc zephyr/drivers/bluetooth/libdrivers__bluetooth.a(rpmsg.c.obj)
 .text.bt_rpmsg_send
                0x0000000000008b74       0x38 zephyr/drivers/bluetooth/libdrivers__bluetooth.a(rpmsg.c.obj)
 .text.hci_ept_bound
                0x0000000000008bac        0xc zephyr/drivers/bluetooth/libdrivers__bluetooth.a(rpmsg.c.obj)
 .text.bt_rpmsg_open
                0x0000000000008bb8       0x40 zephyr/drivers/bluetooth/libdrivers__bluetooth.a(rpmsg.c.obj)
 .text.onoff_stop
                0x0000000000008bf8       0x30 zephyr/drivers/clock_control/libdrivers__clock_control.a(clock_control_nrf.c.obj)
 .text.onoff_start
                0x0000000000008c28       0x44 zephyr/drivers/clock_control/libdrivers__clock_control.a(clock_control_nrf.c.obj)
 .text.clk_init
                0x0000000000008c6c       0x68 zephyr/drivers/clock_control/libdrivers__clock_control.a(clock_control_nrf.c.obj)
 .text.clkstarted_handle.constprop.0
                0x0000000000008cd4       0x34 zephyr/drivers/clock_control/libdrivers__clock_control.a(clock_control_nrf.c.obj)
 .text.clock_event_handler
                0x0000000000008d08       0x44 zephyr/drivers/clock_control/libdrivers__clock_control.a(clock_control_nrf.c.obj)
 .text.generic_hfclk_start
                0x0000000000008d4c       0x64 zephyr/drivers/clock_control/libdrivers__clock_control.a(clock_control_nrf.c.obj)
 .text.api_blocking_start
                0x0000000000008db0       0x3c zephyr/drivers/clock_control/libdrivers__clock_control.a(clock_control_nrf.c.obj)
 .text.generic_hfclk_stop
                0x0000000000008dec       0x34 zephyr/drivers/clock_control/libdrivers__clock_control.a(clock_control_nrf.c.obj)
 .text.z_nrf_clock_control_lf_on
                0x0000000000008e20       0xb0 zephyr/drivers/clock_control/libdrivers__clock_control.a(clock_control_nrf.c.obj)
                0x0000000000008e20                z_nrf_clock_control_lf_on
 .text.start_cal_process
                0x0000000000008ed0       0x40 zephyr/drivers/clock_control/libdrivers__clock_control.a(nrf_clock_calibration.c.obj)
 .text.start_cycle
                0x0000000000008f10       0x38 zephyr/drivers/clock_control/libdrivers__clock_control.a(nrf_clock_calibration.c.obj)
 .text.cal_hf_callback
                0x0000000000008f48       0x28 zephyr/drivers/clock_control/libdrivers__clock_control.a(nrf_clock_calibration.c.obj)
 .text.z_nrf_clock_calibration_init
                0x0000000000008f70       0x1c zephyr/drivers/clock_control/libdrivers__clock_control.a(nrf_clock_calibration.c.obj)
                0x0000000000008f70                z_nrf_clock_calibration_init
 .text.z_nrf_clock_calibration_lfclk_started
                0x0000000000008f8c       0x10 zephyr/drivers/clock_control/libdrivers__clock_control.a(nrf_clock_calibration.c.obj)
                0x0000000000008f8c                z_nrf_clock_calibration_lfclk_started
 .text.z_nrf_clock_calibration_lfclk_stopped
                0x0000000000008f9c        0xc zephyr/drivers/clock_control/libdrivers__clock_control.a(nrf_clock_calibration.c.obj)
                0x0000000000008f9c                z_nrf_clock_calibration_lfclk_stopped
 .text.z_nrf_clock_calibration_done_handler
                0x0000000000008fa8       0x10 zephyr/drivers/clock_control/libdrivers__clock_control.a(nrf_clock_calibration.c.obj)
                0x0000000000008fa8                z_nrf_clock_calibration_done_handler
 .text.uart_console_init
                0x0000000000008fb8       0x28 zephyr/drivers/console/libdrivers__console.a(uart_console.c.obj)
 .text.console_out
                0x0000000000008fe0       0x28 zephyr/drivers/console/libdrivers__console.a(uart_console.c.obj)
 .text.gpio_nrfx_pin_interrupt_configure
                0x0000000000009008       0xe4 zephyr/drivers/gpio/libdrivers__gpio.a(gpio_nrfx.c.obj)
 .text.gpio_nrfx_init
                0x00000000000090ec       0x38 zephyr/drivers/gpio/libdrivers__gpio.a(gpio_nrfx.c.obj)
 .text.nrfx_gpio_handler
                0x0000000000009124       0x4c zephyr/drivers/gpio/libdrivers__gpio.a(gpio_nrfx.c.obj)
 .text.gpio_nrfx_pin_configure
                0x0000000000009170      0x124 zephyr/drivers/gpio/libdrivers__gpio.a(gpio_nrfx.c.obj)
 .text.i2c_nrfx_twim_recover_bus
                0x0000000000009294       0x54 zephyr/drivers/i2c/libdrivers__i2c.a(i2c_nrfx_twim.c.obj)
 .text.i2c_nrfx_twim_init
                0x00000000000092e8       0x44 zephyr/drivers/i2c/libdrivers__i2c.a(i2c_nrfx_twim.c.obj)
 .text.event_handler
                0x000000000000932c       0x34 zephyr/drivers/i2c/libdrivers__i2c.a(i2c_nrfx_twim.c.obj)
 .text.i2c_nrfx_twim_transfer
                0x0000000000009360      0x16c zephyr/drivers/i2c/libdrivers__i2c.a(i2c_nrfx_twim.c.obj)
 .text.mbox_nrf_init
                0x00000000000094cc       0x6c zephyr/drivers/mbox/libdrivers__mbox.a(mbox_nrfx_ipc.c.obj)
 .text.nrf_gpio_pin_port_decode
                0x0000000000009538       0x24 zephyr/drivers/pinctrl/libdrivers__pinctrl.a(pinctrl_nrf.c.obj)
 .text.pinctrl_configure_pins
                0x000000000000955c      0x18c zephyr/drivers/pinctrl/libdrivers__pinctrl.a(pinctrl_nrf.c.obj)
                0x000000000000955c                pinctrl_configure_pins
 .text.uarte_nrfx_configure
                0x00000000000096e8      0x17c zephyr/drivers/serial/libdrivers__serial.a(uart_nrfx_uarte.c.obj)
 .text.uarte_0_init
                0x0000000000009864       0xd4 zephyr/drivers/serial/libdrivers__serial.a(uart_nrfx_uarte.c.obj)
 .text.uarte_nrfx_poll_out
                0x0000000000009938       0xe4 zephyr/drivers/serial/libdrivers__serial.a(uart_nrfx_uarte.c.obj)
 .text.compare_int_lock
                0x0000000000009a1c       0x40 zephyr/drivers/timer/libdrivers__timer.a(nrf_rtc_timer.c.obj)
 .text.sys_clock_timeout_handler
                0x0000000000009a5c       0x48 zephyr/drivers/timer/libdrivers__timer.a(nrf_rtc_timer.c.obj)
 .text.compare_int_unlock
                0x0000000000009aa4       0x4c zephyr/drivers/timer/libdrivers__timer.a(nrf_rtc_timer.c.obj)
 .text.z_nrf_rtc_timer_read
                0x0000000000009af0       0x44 zephyr/drivers/timer/libdrivers__timer.a(nrf_rtc_timer.c.obj)
                0x0000000000009af0                z_nrf_rtc_timer_read
 .text.compare_set
                0x0000000000009b34      0x124 zephyr/drivers/timer/libdrivers__timer.a(nrf_rtc_timer.c.obj)
 .text.sys_clock_driver_init
                0x0000000000009c58       0x90 zephyr/drivers/timer/libdrivers__timer.a(nrf_rtc_timer.c.obj)
 .text.rtc_nrf_isr
                0x0000000000009ce8       0xd0 zephyr/drivers/timer/libdrivers__timer.a(nrf_rtc_timer.c.obj)
                0x0000000000009ce8                rtc_nrf_isr
 .text.sys_clock_set_timeout
                0x0000000000009db8       0x64 zephyr/drivers/timer/libdrivers__timer.a(nrf_rtc_timer.c.obj)
                0x0000000000009db8                sys_clock_set_timeout
 .text.sys_clock_elapsed
                0x0000000000009e1c       0x14 zephyr/drivers/timer/libdrivers__timer.a(nrf_rtc_timer.c.obj)
                0x0000000000009e1c                sys_clock_elapsed
 .text.sys_clock_disable
                0x0000000000009e30       0x30 zephyr/drivers/timer/libdrivers__timer.a(nrf_rtc_timer.c.obj)
                0x0000000000009e30                sys_clock_disable
 .text.nrf53_errata_42
                0x0000000000009e60       0x24 modules/hal_nordic/nrfx/libmodules__hal_nordic__nrfx.a(system_nrf5340_application.c.obj)
 .text.SystemInit
                0x0000000000009e84      0x1c4 modules/hal_nordic/nrfx/libmodules__hal_nordic__nrfx.a(system_nrf5340_application.c.obj)
                0x0000000000009e84                SystemInit
 .text.nrfx_flag32_alloc
                0x000000000000a048       0x40 modules/hal_nordic/nrfx/libmodules__hal_nordic__nrfx.a(nrfx_flag32_allocator.c.obj)
                0x000000000000a048                nrfx_flag32_alloc
 .text.nrfx_flag32_free
                0x000000000000a088       0x38 modules/hal_nordic/nrfx/libmodules__hal_nordic__nrfx.a(nrfx_flag32_allocator.c.obj)
                0x000000000000a088                nrfx_flag32_free
 .text.nrfx_gppi_channels_enable
                0x000000000000a0c0        0xc modules/hal_nordic/nrfx/libmodules__hal_nordic__nrfx.a(nrfx_gppi_dppi.c.obj)
                0x000000000000a0c0                nrfx_gppi_channels_enable
 .text.nrfx_clock_init
                0x000000000000a0cc       0x24 modules/hal_nordic/nrfx/libmodules__hal_nordic__nrfx.a(nrfx_clock.c.obj)
                0x000000000000a0cc                nrfx_clock_init
 .text.nrfx_clock_calibration_start
                0x000000000000a0f0       0x58 modules/hal_nordic/nrfx/libmodules__hal_nordic__nrfx.a(nrfx_clock.c.obj)
                0x000000000000a0f0                nrfx_clock_calibration_start
 .text.nrfx_power_clock_irq_handler
                0x000000000000a148       0xc4 modules/hal_nordic/nrfx/libmodules__hal_nordic__nrfx.a(nrfx_clock.c.obj)
                0x000000000000a148                nrfx_power_clock_irq_handler
 .text.nrfx_dppi_channel_alloc
                0x000000000000a20c        0xc modules/hal_nordic/nrfx/libmodules__hal_nordic__nrfx.a(nrfx_dppi.c.obj)
                0x000000000000a20c                nrfx_dppi_channel_alloc
 .text.nrf_gpio_pin_port_decode
                0x000000000000a218       0x24 modules/hal_nordic/nrfx/libmodules__hal_nordic__nrfx.a(nrfx_gpiote.c.obj)
 .text.get_pin_idx
                0x000000000000a23c       0x14 modules/hal_nordic/nrfx/libmodules__hal_nordic__nrfx.a(nrfx_gpiote.c.obj)
 .text.pin_in_use_by_te
                0x000000000000a250       0x18 modules/hal_nordic/nrfx/libmodules__hal_nordic__nrfx.a(nrfx_gpiote.c.obj)
 .text.pin_is_output
                0x000000000000a268       0x18 modules/hal_nordic/nrfx/libmodules__hal_nordic__nrfx.a(nrfx_gpiote.c.obj)
 .text.pin_te_get
                0x000000000000a280       0x18 modules/hal_nordic/nrfx/libmodules__hal_nordic__nrfx.a(nrfx_gpiote.c.obj)
 .text.call_handler
                0x000000000000a298       0x40 modules/hal_nordic/nrfx/libmodules__hal_nordic__nrfx.a(nrfx_gpiote.c.obj)
 .text.release_handler
                0x000000000000a2d8       0x58 modules/hal_nordic/nrfx/libmodules__hal_nordic__nrfx.a(nrfx_gpiote.c.obj)
 .text.__nrfy_internal_gpiote_events_process.constprop.0
                0x000000000000a330       0x54 modules/hal_nordic/nrfx/libmodules__hal_nordic__nrfx.a(nrfx_gpiote.c.obj)
 .text.nrfx_gpiote_input_configure
                0x000000000000a384      0x170 modules/hal_nordic/nrfx/libmodules__hal_nordic__nrfx.a(nrfx_gpiote.c.obj)
                0x000000000000a384                nrfx_gpiote_input_configure
 .text.nrfx_gpiote_output_configure
                0x000000000000a4f4       0xfc modules/hal_nordic/nrfx/libmodules__hal_nordic__nrfx.a(nrfx_gpiote.c.obj)
                0x000000000000a4f4                nrfx_gpiote_output_configure
 .text.nrfx_gpiote_global_callback_set
                0x000000000000a5f0        0xc modules/hal_nordic/nrfx/libmodules__hal_nordic__nrfx.a(nrfx_gpiote.c.obj)
                0x000000000000a5f0                nrfx_gpiote_global_callback_set
 .text.nrfx_gpiote_channel_get
                0x000000000000a5fc       0x30 modules/hal_nordic/nrfx/libmodules__hal_nordic__nrfx.a(nrfx_gpiote.c.obj)
                0x000000000000a5fc                nrfx_gpiote_channel_get
 .text.nrfx_gpiote_init
                0x000000000000a62c       0x50 modules/hal_nordic/nrfx/libmodules__hal_nordic__nrfx.a(nrfx_gpiote.c.obj)
                0x000000000000a62c                nrfx_gpiote_init
 .text.nrfx_gpiote_is_init
                0x000000000000a67c       0x14 modules/hal_nordic/nrfx/libmodules__hal_nordic__nrfx.a(nrfx_gpiote.c.obj)
                0x000000000000a67c                nrfx_gpiote_is_init
 .text.nrfx_gpiote_channel_free
                0x000000000000a690        0xc modules/hal_nordic/nrfx/libmodules__hal_nordic__nrfx.a(nrfx_gpiote.c.obj)
                0x000000000000a690                nrfx_gpiote_channel_free
 .text.nrfx_gpiote_channel_alloc
                0x000000000000a69c        0xc modules/hal_nordic/nrfx/libmodules__hal_nordic__nrfx.a(nrfx_gpiote.c.obj)
                0x000000000000a69c                nrfx_gpiote_channel_alloc
 .text.nrfx_gpiote_trigger_enable
                0x000000000000a6a8       0x98 modules/hal_nordic/nrfx/libmodules__hal_nordic__nrfx.a(nrfx_gpiote.c.obj)
                0x000000000000a6a8                nrfx_gpiote_trigger_enable
 .text.nrfx_gpiote_trigger_disable
                0x000000000000a740       0x4c modules/hal_nordic/nrfx/libmodules__hal_nordic__nrfx.a(nrfx_gpiote.c.obj)
                0x000000000000a740                nrfx_gpiote_trigger_disable
 .text.nrfx_gpiote_pin_uninit
                0x000000000000a78c       0x84 modules/hal_nordic/nrfx/libmodules__hal_nordic__nrfx.a(nrfx_gpiote.c.obj)
                0x000000000000a78c                nrfx_gpiote_pin_uninit
 .text.nrfx_gpiote_irq_handler
                0x000000000000a810      0x19c modules/hal_nordic/nrfx/libmodules__hal_nordic__nrfx.a(nrfx_gpiote.c.obj)
                0x000000000000a810                nrfx_gpiote_irq_handler
 .text.nrfx_ipc_init
                0x000000000000a9ac       0x30 modules/hal_nordic/nrfx/libmodules__hal_nordic__nrfx.a(nrfx_ipc.c.obj)
                0x000000000000a9ac                nrfx_ipc_init
 .text.nrfx_ipc_config_load
                0x000000000000a9dc       0x40 modules/hal_nordic/nrfx/libmodules__hal_nordic__nrfx.a(nrfx_ipc.c.obj)
                0x000000000000a9dc                nrfx_ipc_config_load
 .text.nrfx_ipc_receive_event_enable
                0x000000000000aa1c       0x10 modules/hal_nordic/nrfx/libmodules__hal_nordic__nrfx.a(nrfx_ipc.c.obj)
                0x000000000000aa1c                nrfx_ipc_receive_event_enable
 .text.nrfx_ipc_receive_event_disable
                0x000000000000aa2c       0x10 modules/hal_nordic/nrfx/libmodules__hal_nordic__nrfx.a(nrfx_ipc.c.obj)
                0x000000000000aa2c                nrfx_ipc_receive_event_disable
 .text.nrfx_ipc_irq_handler
                0x000000000000aa3c       0x40 modules/hal_nordic/nrfx/libmodules__hal_nordic__nrfx.a(nrfx_ipc.c.obj)
                0x000000000000aa3c                nrfx_ipc_irq_handler
 .text.nrf_gpio_cfg.constprop.0
                0x000000000000aa7c       0x48 modules/hal_nordic/nrfx/libmodules__hal_nordic__nrfx.a(nrfx_twim.c.obj)
 .text.twim_configure
                0x000000000000aac4       0x3c modules/hal_nordic/nrfx/libmodules__hal_nordic__nrfx.a(nrfx_twim.c.obj)
 .text.nrfx_twim_init
                0x000000000000ab00       0xb8 modules/hal_nordic/nrfx/libmodules__hal_nordic__nrfx.a(nrfx_twim.c.obj)
                0x000000000000ab00                nrfx_twim_init
 .text.nrfx_twim_enable
                0x000000000000abb8       0x20 modules/hal_nordic/nrfx/libmodules__hal_nordic__nrfx.a(nrfx_twim.c.obj)
                0x000000000000abb8                nrfx_twim_enable
 .text.nrfx_twim_disable
                0x000000000000abd8       0x3c modules/hal_nordic/nrfx/libmodules__hal_nordic__nrfx.a(nrfx_twim.c.obj)
                0x000000000000abd8                nrfx_twim_disable
 .text.nrfx_twim_xfer
                0x000000000000ac14      0x350 modules/hal_nordic/nrfx/libmodules__hal_nordic__nrfx.a(nrfx_twim.c.obj)
                0x000000000000ac14                nrfx_twim_xfer
 .text.nrfx_twim_1_irq_handler
                0x000000000000af64      0x188 modules/hal_nordic/nrfx/libmodules__hal_nordic__nrfx.a(nrfx_twim.c.obj)
                0x000000000000af64                nrfx_twim_1_irq_handler
 .text.nrf_gpio_pin_port_decode
                0x000000000000b0ec       0x24 modules/hal_nordic/nrfx/libmodules__hal_nordic__nrfx.a(nrfx_twi_twim.c.obj)
 .text.nrfx_twi_twim_bus_recover
                0x000000000000b110       0xd4 modules/hal_nordic/nrfx/libmodules__hal_nordic__nrfx.a(nrfx_twi_twim.c.obj)
                0x000000000000b110                nrfx_twi_twim_bus_recover
 .text.metal_generic_dev_open
                0x000000000000b1e4       0x40 modules/libmetal/libmetal/lib/libmetal.a(device.c.obj)
                0x000000000000b1e4                metal_generic_dev_open
 .text.metal_bus_unregister
                0x000000000000b224       0x3c modules/libmetal/libmetal/lib/libmetal.a(device.c.obj)
                0x000000000000b224                metal_bus_unregister
 .text.metal_bus_find
                0x000000000000b260       0x3c modules/libmetal/libmetal/lib/libmetal.a(device.c.obj)
                0x000000000000b260                metal_bus_find
 .text.metal_bus_register
                0x000000000000b29c       0x5c modules/libmetal/libmetal/lib/libmetal.a(device.c.obj)
                0x000000000000b29c                metal_bus_register
 .text.metal_register_generic_device
                0x000000000000b2f8       0x3c modules/libmetal/libmetal/lib/libmetal.a(device.c.obj)
                0x000000000000b2f8                metal_register_generic_device
 .text.metal_init
                0x000000000000b334       0x40 modules/libmetal/libmetal/lib/libmetal.a(init.c.obj)
                0x000000000000b334                metal_init
 .text.metal_finish
                0x000000000000b374       0x18 modules/libmetal/libmetal/lib/libmetal.a(init.c.obj)
                0x000000000000b374                metal_finish
 .text.metal_sys_init
                0x000000000000b38c       0x10 modules/libmetal/libmetal/lib/libmetal.a(init.c.obj)
                0x000000000000b38c                metal_sys_init
 .text.metal_sys_finish
                0x000000000000b39c        0xc modules/libmetal/libmetal/lib/libmetal.a(init.c.obj)
                0x000000000000b39c                metal_sys_finish
 .text.metal_zephyr_log_handler
                0x000000000000b3a8       0x3c modules/libmetal/libmetal/lib/libmetal.a(log.c.obj)
                0x000000000000b3a8                metal_zephyr_log_handler
 .text.virtio_create_virtqueues
                0x000000000000b3e4       0xbc modules/open-amp/open-amp/lib/libopen_amp.a(virtio.c.obj)
                0x000000000000b3e4                virtio_create_virtqueues
 .text.virtqueue_free
                0x000000000000b4a0       0x38 modules/open-amp/open-amp/lib/libopen_amp.a(virtqueue.c.obj)
                0x000000000000b4a0                virtqueue_free
 .text.virtqueue_add_consumed_buffer
                0x000000000000b4d8       0x38 modules/open-amp/open-amp/lib/libopen_amp.a(virtqueue.c.obj)
                0x000000000000b4d8                virtqueue_add_consumed_buffer
 .text.rpmsg_send_offchannel_raw
                0x000000000000b510       0x2c modules/open-amp/open-amp/lib/libopen_amp.a(rpmsg.c.obj)
                0x000000000000b510                rpmsg_send_offchannel_raw
 .text.rpmsg_send_offchannel_nocopy
                0x000000000000b53c       0x2c modules/open-amp/open-amp/lib/libopen_amp.a(rpmsg.c.obj)
                0x000000000000b53c                rpmsg_send_offchannel_nocopy
 .text.rpmsg_register_endpoint
                0x000000000000b568       0x40 modules/open-amp/open-amp/lib/libopen_amp.a(rpmsg.c.obj)
                0x000000000000b568                rpmsg_register_endpoint
 .text.rpmsg_create_ept
                0x000000000000b5a8      0x100 modules/open-amp/open-amp/lib/libopen_amp.a(rpmsg.c.obj)
                0x000000000000b5a8                rpmsg_create_ept
 .text.rpmsg_virtio_send_offchannel_raw
                0x000000000000b6a8       0x5c modules/open-amp/open-amp/lib/libopen_amp.a(rpmsg_virtio.c.obj)
 .text.rpmsg_virtio_get_buffer_size
                0x000000000000b704       0x4c modules/open-amp/open-amp/lib/libopen_amp.a(rpmsg_virtio.c.obj)
                0x000000000000b704                rpmsg_virtio_get_buffer_size
 .text.rpmsg_init_vdev_with_config
                0x000000000000b750      0x254 modules/open-amp/open-amp/lib/libopen_amp.a(rpmsg_virtio.c.obj)
                0x000000000000b750                rpmsg_init_vdev_with_config
 .text.rpmsg_init_vdev
                0x000000000000b9a4       0x2c modules/open-amp/open-amp/lib/libopen_amp.a(rpmsg_virtio.c.obj)
                0x000000000000b9a4                rpmsg_init_vdev
 .text.z_fatal_error
                0x000000000000b9d0       0x38 zephyr/kernel/libkernel.a(fatal.c.obj)
                0x000000000000b9d0                z_fatal_error
 .text.z_sys_init_run_level
                0x000000000000ba08       0x48 zephyr/kernel/libkernel.a(init.c.obj)
 .text.bg_thread_main
                0x000000000000ba50       0x34 zephyr/kernel/libkernel.a(init.c.obj)
 .text.z_bss_zero
                0x000000000000ba84       0x18 zephyr/kernel/libkernel.a(init.c.obj)
                0x000000000000ba84                z_bss_zero
 .text.z_init_cpu
                0x000000000000ba9c       0x7c zephyr/kernel/libkernel.a(init.c.obj)
                0x000000000000ba9c                z_init_cpu
 .text.z_cstart
                0x000000000000bb18       0xe0 zephyr/kernel/libkernel.a(init.c.obj)
                0x000000000000bb18                z_cstart
 .text.statics_init
                0x000000000000bbf8       0x24 zephyr/kernel/libkernel.a(kheap.c.obj)
 .text.init_mem_slab_module
                0x000000000000bc1c       0x24 zephyr/kernel/libkernel.a(mem_slab.c.obj)
 .text.k_mem_slab_alloc
                0x000000000000bc40       0x5c zephyr/kernel/libkernel.a(mem_slab.c.obj)
                0x000000000000bc40                k_mem_slab_alloc
 .text.z_setup_new_thread
                0x000000000000bc9c       0x7c zephyr/kernel/libkernel.a(thread.c.obj)
                0x000000000000bc9c                z_setup_new_thread
 .text.z_impl_k_thread_create
                0x000000000000bd18       0x58 zephyr/kernel/libkernel.a(thread.c.obj)
                0x000000000000bd18                z_impl_k_thread_create
 .text.z_init_static_threads
                0x000000000000bd70       0xb8 zephyr/kernel/libkernel.a(thread.c.obj)
                0x000000000000bd70                z_init_static_threads
 .text.z_impl_k_mutex_lock
                0x000000000000be28       0xf4 zephyr/kernel/libkernel.a(mutex.c.obj)
                0x000000000000be28                z_impl_k_mutex_lock
 .text.z_impl_k_mutex_unlock
                0x000000000000bf1c       0x78 zephyr/kernel/libkernel.a(mutex.c.obj)
                0x000000000000bf1c                z_impl_k_mutex_unlock
 .text.z_impl_k_queue_get
                0x000000000000bf94       0x68 zephyr/kernel/libkernel.a(queue.c.obj)
                0x000000000000bf94                z_impl_k_queue_get
 .text.z_impl_k_sem_give
                0x000000000000bffc       0x4c zephyr/kernel/libkernel.a(sem.c.obj)
                0x000000000000bffc                z_impl_k_sem_give
 .text.z_impl_k_sem_take
                0x000000000000c048       0x50 zephyr/kernel/libkernel.a(sem.c.obj)
                0x000000000000c048                z_impl_k_sem_take
 .text.k_sys_work_q_init
                0x000000000000c098       0x34 zephyr/kernel/libkernel.a(system_work_q.c.obj)
 .text.work_queue_main
                0x000000000000c0cc      0x138 zephyr/kernel/libkernel.a(work.c.obj)
 .text.cancel_sync_locked
                0x000000000000c204       0x3c zephyr/kernel/libkernel.a(work.c.obj)
 .text.submit_to_queue_locked
                0x000000000000c240       0xb4 zephyr/kernel/libkernel.a(work.c.obj)
 .text.k_work_submit
                0x000000000000c2f4        0xc zephyr/kernel/libkernel.a(work.c.obj)
                0x000000000000c2f4                k_work_submit
 .text.k_work_queue_start
                0x000000000000c300       0x70 zephyr/kernel/libkernel.a(work.c.obj)
                0x000000000000c300                k_work_queue_start
 .text.k_work_queue_drain
                0x000000000000c370       0x7c zephyr/kernel/libkernel.a(work.c.obj)
                0x000000000000c370                k_work_queue_drain
 .text.k_work_schedule_for_queue
                0x000000000000c3ec       0x54 zephyr/kernel/libkernel.a(work.c.obj)
                0x000000000000c3ec                k_work_schedule_for_queue
 .text.k_work_schedule
                0x000000000000c440        0xc zephyr/kernel/libkernel.a(work.c.obj)
                0x000000000000c440                k_work_schedule
 .text.k_work_reschedule_for_queue
                0x000000000000c44c       0x5c zephyr/kernel/libkernel.a(work.c.obj)
                0x000000000000c44c                k_work_reschedule_for_queue
 .text.k_work_reschedule
                0x000000000000c4a8        0xc zephyr/kernel/libkernel.a(work.c.obj)
                0x000000000000c4a8                k_work_reschedule
 .text.sliceable
                0x000000000000c4b4       0x3c zephyr/kernel/libkernel.a(sched.c.obj)
 .text.slice_timeout
                0x000000000000c4f0       0x20 zephyr/kernel/libkernel.a(sched.c.obj)
 .text.z_reset_time_slice
                0x000000000000c510       0x50 zephyr/kernel/libkernel.a(sched.c.obj)
                0x000000000000c510                z_reset_time_slice
 .text.update_cache
                0x000000000000c560       0x3c zephyr/kernel/libkernel.a(sched.c.obj)
 .text.move_thread_to_end_of_prio_q
                0x000000000000c59c       0x74 zephyr/kernel/libkernel.a(sched.c.obj)
 .text.ready_thread
                0x000000000000c610       0x68 zephyr/kernel/libkernel.a(sched.c.obj)
 .text.unready_thread
                0x000000000000c678       0x30 zephyr/kernel/libkernel.a(sched.c.obj)
 .text.pend_locked
                0x000000000000c6a8       0x30 zephyr/kernel/libkernel.a(sched.c.obj)
 .text.z_time_slice
                0x000000000000c6d8       0x60 zephyr/kernel/libkernel.a(sched.c.obj)
                0x000000000000c6d8                z_time_slice
 .text.z_pend_curr
                0x000000000000c738       0x3c zephyr/kernel/libkernel.a(sched.c.obj)
                0x000000000000c738                z_pend_curr
 .text.z_set_prio
                0x000000000000c774       0x8c zephyr/kernel/libkernel.a(sched.c.obj)
                0x000000000000c774                z_set_prio
 .text.z_reschedule
                0x000000000000c800       0x24 zephyr/kernel/libkernel.a(sched.c.obj)
                0x000000000000c800                z_reschedule
 .text.z_sched_start
                0x000000000000c824       0x3c zephyr/kernel/libkernel.a(sched.c.obj)
                0x000000000000c824                z_sched_start
 .text.z_impl_k_thread_suspend
                0x000000000000c860       0x64 zephyr/kernel/libkernel.a(sched.c.obj)
                0x000000000000c860                z_impl_k_thread_suspend
 .text.k_sched_lock
                0x000000000000c8c4       0x28 zephyr/kernel/libkernel.a(sched.c.obj)
                0x000000000000c8c4                k_sched_lock
 .text.k_sched_unlock
                0x000000000000c8ec       0x38 zephyr/kernel/libkernel.a(sched.c.obj)
                0x000000000000c8ec                k_sched_unlock
 .text.z_sched_init
                0x000000000000c924       0x10 zephyr/kernel/libkernel.a(sched.c.obj)
                0x000000000000c924                z_sched_init
 .text.z_impl_k_yield
                0x000000000000c934       0x7c zephyr/kernel/libkernel.a(sched.c.obj)
                0x000000000000c934                z_impl_k_yield
 .text.z_tick_sleep
                0x000000000000c9b0       0x88 zephyr/kernel/libkernel.a(sched.c.obj)
 .text.z_impl_k_sleep
                0x000000000000ca38       0x34 zephyr/kernel/libkernel.a(sched.c.obj)
                0x000000000000ca38                z_impl_k_sleep
 .text.z_impl_z_current_get
                0x000000000000ca6c        0xc zephyr/kernel/libkernel.a(sched.c.obj)
                0x000000000000ca6c                z_impl_z_current_get
 .text.z_thread_abort
                0x000000000000ca78       0xc0 zephyr/kernel/libkernel.a(sched.c.obj)
                0x000000000000ca78                z_thread_abort
 .text.z_sched_wait
                0x000000000000cb38       0x24 zephyr/kernel/libkernel.a(sched.c.obj)
                0x000000000000cb38                z_sched_wait
 .text.z_data_copy
                0x000000000000cb5c       0x34 zephyr/kernel/libkernel.a(xip.c.obj)
                0x000000000000cb5c                z_data_copy
 .text.elapsed  0x000000000000cb90       0x14 zephyr/kernel/libkernel.a(timeout.c.obj)
 .text.next_timeout
                0x000000000000cba4       0x40 zephyr/kernel/libkernel.a(timeout.c.obj)
 .text.remove_timeout
                0x000000000000cbe4       0x38 zephyr/kernel/libkernel.a(timeout.c.obj)
 .text.z_add_timeout
                0x000000000000cc1c       0xec zephyr/kernel/libkernel.a(timeout.c.obj)
                0x000000000000cc1c                z_add_timeout
 .text.sys_clock_announce
                0x000000000000cd08       0xd4 zephyr/kernel/libkernel.a(timeout.c.obj)
                0x000000000000cd08                sys_clock_announce
 .text.sys_clock_tick_get
                0x000000000000cddc       0x34 zephyr/kernel/libkernel.a(timeout.c.obj)
                0x000000000000cddc                sys_clock_tick_get
 .text.z_timer_expiration_handler
                0x000000000000ce10       0xe4 zephyr/kernel/libkernel.a(timer.c.obj)
                0x000000000000ce10                z_timer_expiration_handler
 .text.z_impl_k_timer_start
                0x000000000000cef4       0x60 zephyr/kernel/libkernel.a(timer.c.obj)
                0x000000000000cef4                z_impl_k_timer_start
 .text.z_impl_k_poll
                0x000000000000cf54       0xb8 zephyr/kernel/libkernel.a(poll.c.obj)
                0x000000000000cf54                z_impl_k_poll
 .text.z_impl_k_poll_signal_raise
                0x000000000000d00c       0x50 zephyr/kernel/libkernel.a(poll.c.obj)
                0x000000000000d00c                z_impl_k_poll_signal_raise
 .text.k_aligned_alloc
                0x000000000000d05c       0x10 zephyr/kernel/libkernel.a(mempool.c.obj)
                0x000000000000d05c                k_aligned_alloc
 .text.k_thread_system_pool_assign
                0x000000000000d06c        0xc zephyr/kernel/libkernel.a(mempool.c.obj)
                0x000000000000d06c                k_thread_system_pool_assign
 .text.z_thread_aligned_alloc
                0x000000000000d078       0x30 zephyr/kernel/libkernel.a(mempool.c.obj)
                0x000000000000d078                z_thread_aligned_alloc
 .text.boot_banner
                0x000000000000d0a8        0xc zephyr/kernel/libkernel.a(banner.c.obj)
                0x000000000000d0a8                boot_banner
 .text.nrf_cc3xx_platform_init_no_rng
                0x000000000000d0b4       0x38 C:/ncs/v2.5.2/nrfxlib/crypto/nrf_cc312_platform/lib/cortex-m33/soft-float/no-interrupts/libnrf_cc312_platform_0.9.18.a(nrf_cc3xx_platform.c.obj)
                0x000000000000d0b4                nrf_cc3xx_platform_init_no_rng
 .text.nrf_cc3xx_platform_abort
                0x000000000000d0ec       0x24 C:/ncs/v2.5.2/nrfxlib/crypto/nrf_cc312_platform/lib/cortex-m33/soft-float/no-interrupts/libnrf_cc312_platform_0.9.18.a(nrf_cc3xx_platform_abort.c.obj)
 .text.CC_PalAbort
                0x000000000000d110       0x44 C:/ncs/v2.5.2/nrfxlib/crypto/nrf_cc312_platform/lib/cortex-m33/soft-float/no-interrupts/libnrf_cc312_platform_0.9.18.a(nrf_cc3xx_platform_abort.c.obj)
                0x000000000000d110                CC_PalAbort
 .text.nrf_cc3xx_platform_set_abort
                0x000000000000d154       0x10 C:/ncs/v2.5.2/nrfxlib/crypto/nrf_cc312_platform/lib/cortex-m33/soft-float/no-interrupts/libnrf_cc312_platform_0.9.18.a(nrf_cc3xx_platform_abort.c.obj)
                0x000000000000d154                nrf_cc3xx_platform_set_abort
 .text.mutex_free
                0x000000000000d164       0x34 C:/ncs/v2.5.2/nrfxlib/crypto/nrf_cc312_platform/lib/cortex-m33/soft-float/no-interrupts/libnrf_cc312_platform_0.9.18.a(nrf_cc3xx_platform_mutex.c.obj)
 .text.mutex_lock
                0x000000000000d198       0x48 C:/ncs/v2.5.2/nrfxlib/crypto/nrf_cc312_platform/lib/cortex-m33/soft-float/no-interrupts/libnrf_cc312_platform_0.9.18.a(nrf_cc3xx_platform_mutex.c.obj)
 .text.mutex_unlock
                0x000000000000d1e0       0x38 C:/ncs/v2.5.2/nrfxlib/crypto/nrf_cc312_platform/lib/cortex-m33/soft-float/no-interrupts/libnrf_cc312_platform_0.9.18.a(nrf_cc3xx_platform_mutex.c.obj)
 .text.mutex_init
                0x000000000000d218       0x20 C:/ncs/v2.5.2/nrfxlib/crypto/nrf_cc312_platform/lib/cortex-m33/soft-float/no-interrupts/libnrf_cc312_platform_0.9.18.a(nrf_cc3xx_platform_mutex.c.obj)
 .text.nrf_cc3xx_platform_set_mutexes
                0x000000000000d238       0x78 C:/ncs/v2.5.2/nrfxlib/crypto/nrf_cc312_platform/lib/cortex-m33/soft-float/no-interrupts/libnrf_cc312_platform_0.9.18.a(nrf_cc3xx_platform_mutex.c.obj)
                0x000000000000d238                nrf_cc3xx_platform_set_mutexes
 .text.CC_LibInitNoRng
                0x000000000000d2b0       0x28 C:/ncs/v2.5.2/nrfxlib/crypto/nrf_cc312_platform/lib/cortex-m33/soft-float/no-interrupts/libnrf_cc312_platform_0.9.18.a(cc_lib.c.obj)
                0x000000000000d2b0                CC_LibInitNoRng
 .text.CC_HalInit
                0x000000000000d2d8        0x4 C:/ncs/v2.5.2/nrfxlib/crypto/nrf_cc312_platform/lib/cortex-m33/soft-float/no-interrupts/libnrf_cc312_platform_0.9.18.a(cc_hal.c.obj)
                0x000000000000d2d8                CC_HalInit
 .text.CC_PalInit
                0x000000000000d2dc       0x5c C:/ncs/v2.5.2/nrfxlib/crypto/nrf_cc312_platform/lib/cortex-m33/soft-float/no-interrupts/libnrf_cc312_platform_0.9.18.a(cc_pal.c.obj)
                0x000000000000d2dc                CC_PalInit
 .text.CC_PalTerminate
                0x000000000000d338       0x34 C:/ncs/v2.5.2/nrfxlib/crypto/nrf_cc312_platform/lib/cortex-m33/soft-float/no-interrupts/libnrf_cc312_platform_0.9.18.a(cc_pal.c.obj)
                0x000000000000d338                CC_PalTerminate
 .text.CC_PalDmaInit
                0x000000000000d36c        0x4 C:/ncs/v2.5.2/nrfxlib/crypto/nrf_cc312_platform/lib/cortex-m33/soft-float/no-interrupts/libnrf_cc312_platform_0.9.18.a(cc_pal_dma.c.obj)
                0x000000000000d36c                CC_PalDmaInit
 .text.CC_PalDmaTerminate
                0x000000000000d370        0x4 C:/ncs/v2.5.2/nrfxlib/crypto/nrf_cc312_platform/lib/cortex-m33/soft-float/no-interrupts/libnrf_cc312_platform_0.9.18.a(cc_pal_dma.c.obj)
                0x000000000000d370                CC_PalDmaTerminate
 .text.CC_PalMutexCreate
                0x000000000000d374       0x14 C:/ncs/v2.5.2/nrfxlib/crypto/nrf_cc312_platform/lib/cortex-m33/soft-float/no-interrupts/libnrf_cc312_platform_0.9.18.a(cc_pal_mutex.c.obj)
                0x000000000000d374                CC_PalMutexCreate
 .text.CC_PalMutexDestroy
                0x000000000000d388       0x14 C:/ncs/v2.5.2/nrfxlib/crypto/nrf_cc312_platform/lib/cortex-m33/soft-float/no-interrupts/libnrf_cc312_platform_0.9.18.a(cc_pal_mutex.c.obj)
                0x000000000000d388                CC_PalMutexDestroy
 .text.CC_PalPowerSaveModeInit
                0x000000000000d39c       0x3c C:/ncs/v2.5.2/nrfxlib/crypto/nrf_cc312_platform/lib/cortex-m33/soft-float/no-interrupts/libnrf_cc312_platform_0.9.18.a(cc_pal_pm.c.obj)
                0x000000000000d39c                CC_PalPowerSaveModeInit
 .text.puts     0x000000000000d3d8       0x40 c:\ncs\toolchains\c57af46cb7\opt\zephyr-sdk\arm-zephyr-eabi\bin\../lib/gcc/../../picolibc/arm-zephyr-eabi/lib/thumb/v8-m.main/nofp\libc.a(libc_tinystdio_puts.c.o)
                0x000000000000d3d8                puts
 .text.snprintf
                0x000000000000d418       0x58 c:\ncs\toolchains\c57af46cb7\opt\zephyr-sdk\arm-zephyr-eabi\bin\../lib/gcc/../../picolibc/arm-zephyr-eabi/lib/thumb/v8-m.main/nofp\libc.a(libc_tinystdio_snprintf.c.o)
                0x000000000000d418                snprintf
 .text.skip_to_arg